Archive member included to satisfy reference by file (symbol)

c:/st/stm32cubeide_1.11.2/stm32cubeide/plugins/com.st.stm32cube.ide.mcu.externaltools.gnu-tools-for-stm32.10.3-2021.10.win32_1.0.100.202210260954/tools/bin/../lib/gcc/arm-none-eabi/10.3.1/../../../../arm-none-eabi/lib/thumb/v7-m/nofp\libc_nano.a(lib_a-errno.o)
                              ./Core/Src/syscalls.o (__errno)
c:/st/stm32cubeide_1.11.2/stm32cubeide/plugins/com.st.stm32cube.ide.mcu.externaltools.gnu-tools-for-stm32.10.3-2021.10.win32_1.0.100.202210260954/tools/bin/../lib/gcc/arm-none-eabi/10.3.1/../../../../arm-none-eabi/lib/thumb/v7-m/nofp\libc_nano.a(lib_a-exit.o)
                              c:/st/stm32cubeide_1.11.2/stm32cubeide/plugins/com.st.stm32cube.ide.mcu.externaltools.gnu-tools-for-stm32.10.3-2021.10.win32_1.0.100.202210260954/tools/bin/../lib/gcc/arm-none-eabi/10.3.1/../../../../arm-none-eabi/lib/thumb/v7-m/nofp/crt0.o (exit)
c:/st/stm32cubeide_1.11.2/stm32cubeide/plugins/com.st.stm32cube.ide.mcu.externaltools.gnu-tools-for-stm32.10.3-2021.10.win32_1.0.100.202210260954/tools/bin/../lib/gcc/arm-none-eabi/10.3.1/../../../../arm-none-eabi/lib/thumb/v7-m/nofp\libc_nano.a(lib_a-impure.o)
                              c:/st/stm32cubeide_1.11.2/stm32cubeide/plugins/com.st.stm32cube.ide.mcu.externaltools.gnu-tools-for-stm32.10.3-2021.10.win32_1.0.100.202210260954/tools/bin/../lib/gcc/arm-none-eabi/10.3.1/../../../../arm-none-eabi/lib/thumb/v7-m/nofp\libc_nano.a(lib_a-exit.o) (_global_impure_ptr)
c:/st/stm32cubeide_1.11.2/stm32cubeide/plugins/com.st.stm32cube.ide.mcu.externaltools.gnu-tools-for-stm32.10.3-2021.10.win32_1.0.100.202210260954/tools/bin/../lib/gcc/arm-none-eabi/10.3.1/../../../../arm-none-eabi/lib/thumb/v7-m/nofp\libc_nano.a(lib_a-init.o)
                              c:/st/stm32cubeide_1.11.2/stm32cubeide/plugins/com.st.stm32cube.ide.mcu.externaltools.gnu-tools-for-stm32.10.3-2021.10.win32_1.0.100.202210260954/tools/bin/../lib/gcc/arm-none-eabi/10.3.1/../../../../arm-none-eabi/lib/thumb/v7-m/nofp/crt0.o (__libc_init_array)
c:/st/stm32cubeide_1.11.2/stm32cubeide/plugins/com.st.stm32cube.ide.mcu.externaltools.gnu-tools-for-stm32.10.3-2021.10.win32_1.0.100.202210260954/tools/bin/../lib/gcc/arm-none-eabi/10.3.1/../../../../arm-none-eabi/lib/thumb/v7-m/nofp\libc_nano.a(lib_a-memcmp.o)
                              ./Core/Src/MQTTConnectServer.o (memcmp)
c:/st/stm32cubeide_1.11.2/stm32cubeide/plugins/com.st.stm32cube.ide.mcu.externaltools.gnu-tools-for-stm32.10.3-2021.10.win32_1.0.100.202210260954/tools/bin/../lib/gcc/arm-none-eabi/10.3.1/../../../../arm-none-eabi/lib/thumb/v7-m/nofp\libc_nano.a(lib_a-memcpy-stub.o)
                              ./Core/Src/MQTTClient.o (memcpy)
c:/st/stm32cubeide_1.11.2/stm32cubeide/plugins/com.st.stm32cube.ide.mcu.externaltools.gnu-tools-for-stm32.10.3-2021.10.win32_1.0.100.202210260954/tools/bin/../lib/gcc/arm-none-eabi/10.3.1/../../../../arm-none-eabi/lib/thumb/v7-m/nofp\libc_nano.a(lib_a-memset.o)
                              c:/st/stm32cubeide_1.11.2/stm32cubeide/plugins/com.st.stm32cube.ide.mcu.externaltools.gnu-tools-for-stm32.10.3-2021.10.win32_1.0.100.202210260954/tools/bin/../lib/gcc/arm-none-eabi/10.3.1/../../../../arm-none-eabi/lib/thumb/v7-m/nofp/crt0.o (memset)
c:/st/stm32cubeide_1.11.2/stm32cubeide/plugins/com.st.stm32cube.ide.mcu.externaltools.gnu-tools-for-stm32.10.3-2021.10.win32_1.0.100.202210260954/tools/bin/../lib/gcc/arm-none-eabi/10.3.1/../../../../arm-none-eabi/lib/thumb/v7-m/nofp\libc_nano.a(lib_a-snprintf.o)
                              ./Core/Src/MQTTFormat.o (snprintf)
c:/st/stm32cubeide_1.11.2/stm32cubeide/plugins/com.st.stm32cube.ide.mcu.externaltools.gnu-tools-for-stm32.10.3-2021.10.win32_1.0.100.202210260954/tools/bin/../lib/gcc/arm-none-eabi/10.3.1/../../../../arm-none-eabi/lib/thumb/v7-m/nofp\libc_nano.a(lib_a-sprintf.o)
                              ./Core/Src/main.o (sprintf)
c:/st/stm32cubeide_1.11.2/stm32cubeide/plugins/com.st.stm32cube.ide.mcu.externaltools.gnu-tools-for-stm32.10.3-2021.10.win32_1.0.100.202210260954/tools/bin/../lib/gcc/arm-none-eabi/10.3.1/../../../../arm-none-eabi/lib/thumb/v7-m/nofp\libc_nano.a(lib_a-strlen.o)
                              ./Core/Src/MQTTPacket.o (strlen)
c:/st/stm32cubeide_1.11.2/stm32cubeide/plugins/com.st.stm32cube.ide.mcu.externaltools.gnu-tools-for-stm32.10.3-2021.10.win32_1.0.100.202210260954/tools/bin/../lib/gcc/arm-none-eabi/10.3.1/../../../../arm-none-eabi/lib/thumb/v7-m/nofp\libc_nano.a(lib_a-strncmp.o)
                              ./Core/Src/MQTTPacket.o (strncmp)
c:/st/stm32cubeide_1.11.2/stm32cubeide/plugins/com.st.stm32cube.ide.mcu.externaltools.gnu-tools-for-stm32.10.3-2021.10.win32_1.0.100.202210260954/tools/bin/../lib/gcc/arm-none-eabi/10.3.1/../../../../arm-none-eabi/lib/thumb/v7-m/nofp\libc_nano.a(lib_a-nano-svfprintf.o)
[...]
Memory Configuration

Name             Origin             Length             Attributes
RAM              0x0000000020000000 0x0000000000005000 xrw
FLASH            0x0000000008000000 0x0000000000010000 xr
*default*        0x0000000000000000 0xffffffffffffffff

Linker script and memory map

LOAD c:/st/stm32cubeide_1.11.2/stm32cubeide/plugins/com.st.stm32cube.ide.mcu.externaltools.gnu-tools-for-stm32.10.3-2021.10.win32_1.0.100.202210260954/tools/bin/../lib/gcc/arm-none-eabi/10.3.1/thumb/v7-m/nofp/crti.o
LOAD c:/st/stm32cubeide_1.11.2/stm32cubeide/plugins/com.st.stm32cube.ide.mcu.externaltools.gnu-tools-for-stm32.10.3-2021.10.win32_1.0.100.202210260954/tools/bin/../lib/gcc/arm-none-eabi/10.3.1/thumb/v7-m/nofp/crtbegin.o
LOAD c:/st/stm32cubeide_1.11.2/stm32cubeide/plugins/com.st.stm32cube.ide.mcu.externaltools.gnu-tools-for-stm32.10.3-2021.10.win32_1.0.100.202210260954/tools/bin/../lib/gcc/arm-none-eabi/10.3.1/../../../../arm-none-eabi/lib/thumb/v7-m/nofp/crt0.o
LOAD ./Core/Src/MQTTClient.o
LOAD ./Core/Src/MQTTConnectClient.o
LOAD ./Core/Src/MQTTConnectServer.o
LOAD ./Core/Src/MQTTDeserializePublish.o
LOAD ./Core/Src/MQTTFormat.o
LOAD ./Core/Src/MQTTPacket.o
LOAD ./Core/Src/MQTTSerializePublish.o
LOAD ./Core/Src/MQTTSubscribeClient.o
LOAD ./Core/Src/MQTTSubscribeServer.o
LOAD ./Core/Src/MQTTUnsubscribeClient.o
LOAD ./Core/Src/MQTTUnsubscribeServer.o
LOAD ./Core/Src/main.o
LOAD ./Core/Src/mqtt_interface.o
LOAD ./Core/Src/socket.o
LOAD ./Core/Src/stm32f1xx_hal_msp.o
LOAD ./Core/Src/stm32f1xx_it.o
LOAD ./Core/Src/syscalls.o
LOAD ./Core/Src/sysmem.o
LOAD ./Core/Src/system_stm32f1xx.o
LOAD ./Core/Src/w5500.o
LOAD ./Core/Src/w5500_interface.o
LOAD ./Core/Src/wizchip_conf.o
LOAD ./Core/Startup/startup_stm32f103c8tx.o
LOAD ./Drivers/STM32F1xx_HAL_Driver/Src/stm32f1xx_hal.o
LOAD ./Drivers/STM32F1xx_HAL_Driver/Src/stm32f1xx_hal_cortex.o
LOAD ./Drivers/STM32F1xx_HAL_Driver/Src/stm32f1xx_hal_dma.o
LOAD ./Drivers/STM32F1xx_HAL_Driver/Src/stm32f1xx_hal_exti.o
LOAD ./Drivers/STM32F1xx_HAL_Driver/Src/stm32f1xx_hal_flash.o
LOAD ./Drivers/STM32F1xx_HAL_Driver/Src/stm32f1xx_hal_flash_ex.o
LOAD ./Drivers/STM32F1xx_HAL_Driver/Src/stm32f1xx_hal_gpio.o
LOAD ./Drivers/STM32F1xx_HAL_Driver/Src/stm32f1xx_hal_gpio_ex.o
LOAD ./Drivers/STM32F1xx_HAL_Driver/Src/stm32f1xx_hal_pwr.o
LOAD ./Drivers/STM32F1xx_HAL_Driver/Src/stm32f1xx_hal_rcc.o
LOAD ./Drivers/STM32F1xx_HAL_Driver/Src/stm32f1xx_hal_rcc_ex.o
LOAD ./Drivers/STM32F1xx_HAL_Driver/Src/stm32f1xx_hal_spi.o
LOAD ./Drivers/STM32F1xx_HAL_Driver/Src/stm32f1xx_hal_tim.o
LOAD ./Drivers/STM32F1xx_HAL_Driver/Src/stm32f1xx_hal_tim_ex.o
START GROUP
LOAD c:/st/stm32cubeide_1.11.2/stm32cubeide/plugins/com.st.stm32cube.ide.mcu.externaltools.gnu-tools-for-stm32.10.3-2021.10.win32_1.0.100.202210260954/tools/bin/../lib/gcc/arm-none-eabi/10.3.1/../../../../arm-none-eabi/lib/thumb/v7-m/nofp\libc_nano.a
LOAD c:/st/stm32cubeide_1.11.2/stm32cubeide/plugins/com.st.stm32cube.ide.mcu.externaltools.gnu-tools-for-stm32.10.3-2021.10.win32_1.0.100.202210260954/tools/bin/../lib/gcc/arm-none-eabi/10.3.1/../../../../arm-none-eabi/lib/thumb/v7-m/nofp\libm.a
END GROUP
START GROUP
LOAD c:/st/stm32cubeide_1.11.2/stm32cubeide/plugins/com.st.stm32cube.ide.mcu.externaltools.gnu-tools-for-stm32.10.3-2021.10.win32_1.0.100.202210260954/tools/bin/../lib/gcc/arm-none-eabi/10.3.1/thumb/v7-m/nofp\libgcc.a
LOAD c:/st/stm32cubeide_1.11.2/stm32cubeide/plugins/com.st.stm32cube.ide.mcu.externaltools.gnu-tools-for-stm32.10.3-2021.10.win32_1.0.100.202210260954/tools/bin/../lib/gcc/arm-none-eabi/10.3.1/../../../../arm-none-eabi/lib/thumb/v7-m/nofp\libc_nano.a
END GROUP
START GROUP
LOAD c:/st/stm32cubeide_1.11.2/stm32cubeide/plugins/com.st.stm32cube.ide.mcu.externaltools.gnu-tools-for-stm32.10.3-2021.10.win32_1.0.100.202210260954/tools/bin/../lib/gcc/arm-none-eabi/10.3.1/thumb/v7-m/nofp\libgcc.a
LOAD c:/st/stm32cubeide_1.11.2/stm32cubeide/plugins/com.st.stm32cube.ide.mcu.externaltools.gnu-tools-for-stm32.10.3-2021.10.win32_1.0.100.202210260954/tools/bin/../lib/gcc/arm-none-eabi/10.3.1/../../../../arm-none-eabi/lib/thumb/v7-m/nofp\libc_nano.a
LOAD c:/st/stm32cubeide_1.11.2/stm32cubeide/plugins/com.st.stm32cube.ide.mcu.externaltools.gnu-tools-for-stm32.10.3-2021.10.win32_1.0.100.202210260954/tools/bin/../lib/gcc/arm-none-eabi/10.3.1/../../../../arm-none-eabi/lib/thumb/v7-m/nofp\libnosys.a
END GROUP
START GROUP
LOAD c:/st/stm32cubeide_1.11.2/stm32cubeide/plugins/com.st.stm32cube.ide.mcu.externaltools.gnu-tools-for-stm32.10.3-2021.10.win32_1.0.100.202210260954/tools/bin/../lib/gcc/arm-none-eabi/10.3.1/thumb/v7-m/nofp\libgcc.a
LOAD c:/st/stm32cubeide_1.11.2/stm32cubeide/plugins/com.st.stm32cube.ide.mcu.externaltools.gnu-tools-for-stm32.10.3-2021.10.win32_1.0.100.202210260954/tools/bin/../lib/gcc/arm-none-eabi/10.3.1/../../../../arm-none-eabi/lib/thumb/v7-m/nofp\libc_nano.a
LOAD c:/st/stm32cubeide_1.11.2/stm32cubeide/plugins/com.st.stm32cube.ide.mcu.externaltools.gnu-tools-for-stm32.10.3-2021.10.win32_1.0.100.202210260954/tools/bin/../lib/gcc/arm-none-eabi/10.3.1/../../../../arm-none-eabi/lib/thumb/v7-m/nofp\libnosys.a
END GROUP
LOAD c:/st/stm32cubeide_1.11.2/stm32cubeide/plugins/com.st.stm32cube.ide.mcu.externaltools.gnu-tools-for-stm32.10.3-2021.10.win32_1.0.100.202210260954/tools/bin/../lib/gcc/arm-none-eabi/10.3.1/thumb/v7-m/nofp/crtend.o
LOAD c:/st/stm32cubeide_1.11.2/stm32cubeide/plugins/com.st.stm32cube.ide.mcu.externaltools.gnu-tools-for-stm32.10.3-2021.10.win32_1.0.100.202210260954/tools/bin/../lib/gcc/arm-none-eabi/10.3.1/thumb/v7-m/nofp/crtn.o
                0x0000000020005000                _estack = (ORIGIN (RAM) + LENGTH (RAM))
                0x0000000000000200                _Min_Heap_Size = 0x200
                0x0000000000000400                _Min_Stack_Size = 0x400

.isr_vector     0x0000000008000000      0x10c
                0x0000000008000000                . = ALIGN (0x4)
 *(.isr_vector)
 .isr_vector    0x0000000008000000      0x10c ./Core/Startup/startup_stm32f103c8tx.o
                0x0000000008000000                g_pfnVectors
                0x000000000800010c                . = ALIGN (0x4)

.text           0x000000000800010c     0x64dc
                0x000000000800010c                . = ALIGN (0x4)
 *(.text)
 .text          0x000000000800010c       0x40 c:/st/stm32cubeide_1.11.2/stm32cubeide/plugins/com.st.stm32cube.ide.mcu.externaltools.gnu-tools-for-stm32.10.3-2021.10.win32_1.0.100.202210260954/tools/bin/../lib/gcc/arm-none-eabi/10.3.1/thumb/v7-m/nofp/crtbegin.o
 .text          0x000000000800014c       0x10 c:/st/stm32cubeide_1.11.2/stm32cubeide/plugins/com.st.stm32cube.ide.mcu.externaltools.gnu-tools-for-stm32.10.3-2021.10.win32_1.0.100.202210260954/tools/bin/../lib/gcc/arm-none-eabi/10.3.1/../../../../arm-none-eabi/lib/thumb/v7-m/nofp\libc_nano.a(lib_a-strlen.o)
                0x000000000800014c                strlen
 *(.text*)
 .text.NewMessageData
                0x000000000800015c       0x22 ./Core/Src/MQTTClient.o
 .text.getNextPacketId
                0x000000000800017e       0x30 ./Core/Src/MQTTClient.o
 .text.sendPacket
                0x00000000080001ae       0x92 ./Core/Src/MQTTClient.o
 .text.MQTTClientInit
                0x0000000008000240       0x7c ./Core/Src/MQTTClient.o
                0x0000000008000240                MQTTClientInit
 .text.decodePacket
                0x00000000080002bc       0x88 ./Core/Src/MQTTClient.o
 .text.readPacket
                0x0000000008000344       0xc8 ./Core/Src/MQTTClient.o
 .text.isTopicMatched
                0x000000000800040c       0xd0 ./Core/Src/MQTTClient.o
 .text.deliverMessage
                0x00000000080004dc       0xd6 ./Core/Src/MQTTClient.o
                0x00000000080004dc                deliverMessage
 .text.keepalive
                0x00000000080005b2       0x8e ./Core/Src/MQTTClient.o
                0x00000000080005b2                keepalive
 .text.cycle    0x0000000008000640      0x1c8 ./Core/Src/MQTTClient.o
                0x0000000008000640                cycle
 .text.MQTTYield
                0x0000000008000808       0x4a ./Core/Src/MQTTClient.o
                0x0000000008000808                MQTTYield
 .text.waitfor  0x0000000008000852       0x3e ./Core/Src/MQTTClient.o
                0x0000000008000852                waitfor
 .text.MQTTConnect
                0x0000000008000890      0x10c ./Core/Src/MQTTClient.o
                0x0000000008000890                MQTTConnect
 .text.MQTTSubscribe
                0x000000000800099c      0x14c ./Core/Src/MQTTClient.o
                0x000000000800099c                MQTTSubscribe
 .text.MQTTPublish
                0x0000000008000ae8      0x17e ./Core/Src/MQTTClient.o
                0x0000000008000ae8                MQTTPublish
 .text.MQTTSerialize_connectLength
                0x0000000008000c66       0xc2 ./Core/Src/MQTTConnectClient.o
                0x0000000008000c66                MQTTSerialize_connectLength
 .text.MQTTSerialize_connect
                0x0000000008000d28      0x1d8 ./Core/Src/MQTTConnectClient.o
                0x0000000008000d28                MQTTSerialize_connect
 .text.MQTTDeserialize_connack
                0x0000000008000f00       0xaa ./Core/Src/MQTTConnectClient.o
                0x0000000008000f00                MQTTDeserialize_connack
 .text.MQTTSerialize_zero
                0x0000000008000faa       0x70 ./Core/Src/MQTTConnectClient.o
                0x0000000008000faa                MQTTSerialize_zero
 .text.MQTTSerialize_pingreq
                0x000000000800101a       0x1e ./Core/Src/MQTTConnectClient.o
                0x000000000800101a                MQTTSerialize_pingreq
 .text.MQTTDeserialize_publish
                0x0000000008001038       0xe4 ./Core/Src/MQTTDeserializePublish.o
                0x0000000008001038                MQTTDeserialize_publish
 .text.MQTTDeserialize_ack
                0x000000000800111c       0x96 ./Core/Src/MQTTDeserializePublish.o
                0x000000000800111c                MQTTDeserialize_ack
 .text.MQTTPacket_encode
                0x00000000080011b2       0x5c ./Core/Src/MQTTPacket.o
                0x00000000080011b2                MQTTPacket_encode
 .text.MQTTPacket_decode
                0x000000000800120e       0x78 ./Core/Src/MQTTPacket.o
                0x000000000800120e                MQTTPacket_decode
 *fill*         0x0000000008001286        0x2 
 .text.MQTTPacket_len
                0x0000000008001288       0x54 ./Core/Src/MQTTPacket.o
                0x0000000008001288                MQTTPacket_len
 .text.bufchar  0x00000000080012dc       0x40 ./Core/Src/MQTTPacket.o
                0x00000000080012dc                bufchar
 .text.MQTTPacket_decodeBuf
                0x000000000800131c       0x2c ./Core/Src/MQTTPacket.o
                0x000000000800131c                MQTTPacket_decodeBuf
 .text.readInt  0x0000000008001348       0x34 ./Core/Src/MQTTPacket.o
                0x0000000008001348                readInt
 .text.readChar
                0x000000000800137c       0x26 ./Core/Src/MQTTPacket.o
                0x000000000800137c                readChar
 .text.writeChar
                0x00000000080013a2       0x28 ./Core/Src/MQTTPacket.o
                0x00000000080013a2                writeChar
 .text.writeInt
                0x00000000080013ca       0x50 ./Core/Src/MQTTPacket.o
                0x00000000080013ca                writeInt
 .text.writeCString
                0x000000000800141a       0x3e ./Core/Src/MQTTPacket.o
                0x000000000800141a                writeCString
 .text.writeMQTTString
                0x0000000008001458       0x5c ./Core/Src/MQTTPacket.o
                0x0000000008001458                writeMQTTString
 .text.readMQTTLenString
                0x00000000080014b4       0x62 ./Core/Src/MQTTPacket.o
                0x00000000080014b4                readMQTTLenString
 .text.MQTTstrlen
                0x0000000008001516       0x32 ./Core/Src/MQTTPacket.o
                0x0000000008001516                MQTTstrlen
 .text.MQTTPacket_equals
                0x0000000008001548       0x6e ./Core/Src/MQTTPacket.o
                0x0000000008001548                MQTTPacket_equals
 .text.MQTTSerialize_publishLength
                0x00000000080015b6       0x40 ./Core/Src/MQTTSerializePublish.o
                0x00000000080015b6                MQTTSerialize_publishLength
 .text.MQTTSerialize_publish
                0x00000000080015f6       0xec ./Core/Src/MQTTSerializePublish.o
                0x00000000080015f6                MQTTSerialize_publish
 .text.MQTTSerialize_ack
                0x00000000080016e2       0xaa ./Core/Src/MQTTSerializePublish.o
                0x00000000080016e2                MQTTSerialize_ack
 .text.MQTTSerialize_subscribeLength
                0x000000000800178c       0x4e ./Core/Src/MQTTSubscribeClient.o
                0x000000000800178c                MQTTSerialize_subscribeLength
 .text.MQTTSerialize_subscribe
                0x00000000080017da       0xf8 ./Core/Src/MQTTSubscribeClient.o
                0x00000000080017da                MQTTSerialize_subscribe
 .text.MQTTDeserialize_suback
                0x00000000080018d2       0xce ./Core/Src/MQTTSubscribeClient.o
                0x00000000080018d2                MQTTDeserialize_suback
 .text.schedule
                0x00000000080019a0       0x80 ./Core/Src/main.o
                0x00000000080019a0                schedule
 .text.messageArrived
                0x0000000008001a20       0x20 ./Core/Src/main.o
                0x0000000008001a20                messageArrived
 .text.configureMQttClient
                0x0000000008001a40       0x4c ./Core/Src/main.o
                0x0000000008001a40                configureMQttClient
 .text.HAL_TIM_PeriodElapsedCallback
                0x0000000008001a8c       0x44 ./Core/Src/main.o
                0x0000000008001a8c                HAL_TIM_PeriodElapsedCallback
 .text.HAL_GPIO_EXTI_Callback
                0x0000000008001ad0       0x40 ./Core/Src/main.o
                0x0000000008001ad0                HAL_GPIO_EXTI_Callback
 .text.main     0x0000000008001b10      0x14c ./Core/Src/main.o
                0x0000000008001b10                main
 .text.SystemClock_Config
                0x0000000008001c5c       0x8a ./Core/Src/main.o
                0x0000000008001c5c                SystemClock_Config
 *fill*         0x0000000008001ce6        0x2 
 .text.MX_SPI1_Init
                0x0000000008001ce8       0x6c ./Core/Src/main.o
 .text.MX_TIM3_Init
                0x0000000008001d54       0xb0 ./Core/Src/main.o
 .text.MX_GPIO_Init
                0x0000000008001e04      0x140 ./Core/Src/main.o
 .text.Error_Handler
                0x0000000008001f44        0xa ./Core/Src/main.o
                0x0000000008001f44                Error_Handler
 .text.TimerInit
                0x0000000008001f4e       0x18 ./Core/Src/mqtt_interface.o
                0x0000000008001f4e                TimerInit
 *fill*         0x0000000008001f66        0x2 
 .text.TimerIsExpired
                0x0000000008001f68       0x28 ./Core/Src/mqtt_interface.o
                0x0000000008001f68                TimerIsExpired
 .text.TimerCountdownMS
                0x0000000008001f90       0x24 ./Core/Src/mqtt_interface.o
                0x0000000008001f90                TimerCountdownMS
 .text.TimerCountdown
                0x0000000008001fb4       0x2c ./Core/Src/mqtt_interface.o
                0x0000000008001fb4                TimerCountdown
 .text.TimerLeftMS
                0x0000000008001fe0       0x28 ./Core/Src/mqtt_interface.o
                0x0000000008001fe0                TimerLeftMS
 .text.NewNetwork
                0x0000000008002008       0x38 ./Core/Src/mqtt_interface.o
                0x0000000008002008                NewNetwork
 .text.w5x00_read
                0x0000000008002040       0x52 ./Core/Src/mqtt_interface.o
                0x0000000008002040                w5x00_read
 .text.w5x00_write
                0x0000000008002092       0x40 ./Core/Src/mqtt_interface.o
                0x0000000008002092                w5x00_write
 .text.w5x00_disconnect
                0x00000000080020d2       0x1a ./Core/Src/mqtt_interface.o
                0x00000000080020d2                w5x00_disconnect
 .text.ConnectNetwork
                0x00000000080020ec       0x8e ./Core/Src/mqtt_interface.o
                0x00000000080020ec                ConnectNetwork
 *fill*         0x000000000800217a        0x2 
 .text.socket   0x000000000800217c      0x22c ./Core/Src/socket.o
                0x000000000800217c                socket
 .text.close    0x00000000080023a8       0xdc ./Core/Src/socket.o
                0x00000000080023a8                close
 .text.connect  0x0000000008002484      0x1b8 ./Core/Src/socket.o
                0x0000000008002484                connect
 .text.disconnect
                0x000000000800263c       0xec ./Core/Src/socket.o
                0x000000000800263c                disconnect
 .text.send     0x0000000008002728      0x1f4 ./Core/Src/socket.o
                0x0000000008002728                send
 .text.recv     0x000000000800291c      0x16c ./Core/Src/socket.o
                0x000000000800291c                recv
 .text.HAL_MspInit
                0x0000000008002a88       0x44 ./Core/Src/stm32f1xx_hal_msp.o
                0x0000000008002a88                HAL_MspInit
 .text.HAL_SPI_MspInit
                0x0000000008002acc       0xa4 ./Core/Src/stm32f1xx_hal_msp.o
                0x0000000008002acc                HAL_SPI_MspInit
 .text.HAL_TIM_Base_MspInit
                0x0000000008002b70       0x4c ./Core/Src/stm32f1xx_hal_msp.o
                0x0000000008002b70                HAL_TIM_Base_MspInit
 .text.NMI_Handler
                0x0000000008002bbc        0x6 ./Core/Src/stm32f1xx_it.o
                0x0000000008002bbc                NMI_Handler
 .text.HardFault_Handler
                0x0000000008002bc2        0x6 ./Core/Src/stm32f1xx_it.o
                0x0000000008002bc2                HardFault_Handler
 .text.MemManage_Handler
                0x0000000008002bc8        0x6 ./Core/Src/stm32f1xx_it.o
                0x0000000008002bc8                MemManage_Handler
 .text.BusFault_Handler
                0x0000000008002bce        0x6 ./Core/Src/stm32f1xx_it.o
                0x0000000008002bce                BusFault_Handler
 .text.UsageFault_Handler
                0x0000000008002bd4        0x6 ./Core/Src/stm32f1xx_it.o
                0x0000000008002bd4                UsageFault_Handler
 .text.SVC_Handler
                0x0000000008002bda        0xc ./Core/Src/stm32f1xx_it.o
                0x0000000008002bda                SVC_Handler
 .text.DebugMon_Handler
                0x0000000008002be6        0xc ./Core/Src/stm32f1xx_it.o
                0x0000000008002be6                DebugMon_Handler
 .text.PendSV_Handler
                0x0000000008002bf2        0xc ./Core/Src/stm32f1xx_it.o
                0x0000000008002bf2                PendSV_Handler
 .text.SysTick_Handler
                0x0000000008002bfe        0xc ./Core/Src/stm32f1xx_it.o
                0x0000000008002bfe                SysTick_Handler
 .text.EXTI1_IRQHandler
                0x0000000008002c0a        0xe ./Core/Src/stm32f1xx_it.o
                0x0000000008002c0a                EXTI1_IRQHandler
 .text.TIM3_IRQHandler
                0x0000000008002c18       0x14 ./Core/Src/stm32f1xx_it.o
                0x0000000008002c18                TIM3_IRQHandler
 .text.SPI1_IRQHandler
                0x0000000008002c2c       0x14 ./Core/Src/stm32f1xx_it.o
                0x0000000008002c2c                SPI1_IRQHandler
 .text._sbrk    0x0000000008002c40       0x6c ./Core/Src/sysmem.o
                0x0000000008002c40                _sbrk
 .text.SystemInit
                0x0000000008002cac        0xc ./Core/Src/system_stm32f1xx.o
                0x0000000008002cac                SystemInit
 .text.WIZCHIP_READ
                0x0000000008002cb8       0x98 ./Core/Src/w5500.o
                0x0000000008002cb8                WIZCHIP_READ
 .text.WIZCHIP_WRITE
                0x0000000008002d50       0x9c ./Core/Src/w5500.o
                0x0000000008002d50                WIZCHIP_WRITE
 .text.WIZCHIP_READ_BUF
                0x0000000008002dec       0xc0 ./Core/Src/w5500.o
                0x0000000008002dec                WIZCHIP_READ_BUF
 .text.WIZCHIP_WRITE_BUF
                0x0000000008002eac       0xc0 ./Core/Src/w5500.o
                0x0000000008002eac                WIZCHIP_WRITE_BUF
 .text.getSn_TX_FSR
                0x0000000008002f6c       0x96 ./Core/Src/w5500.o
                0x0000000008002f6c                getSn_TX_FSR
 .text.getSn_RX_RSR
                0x0000000008003002       0x96 ./Core/Src/w5500.o
                0x0000000008003002                getSn_RX_RSR
 .text.wiz_send_data
                0x0000000008003098       0xb8 ./Core/Src/w5500.o
                0x0000000008003098                wiz_send_data
 .text.wiz_recv_data
                0x0000000008003150       0xb8 ./Core/Src/w5500.o
                0x0000000008003150                wiz_recv_data
 .text.cs_sel   0x0000000008003208       0x18 ./Core/Src/w5500_interface.o
 .text.cs_desel
                0x0000000008003220       0x18 ./Core/Src/w5500_interface.o
 .text.spi_rb   0x0000000008003238       0x24 ./Core/Src/w5500_interface.o
                0x0000000008003238                spi_rb
 .text.spi_wb   0x000000000800325c       0x24 ./Core/Src/w5500_interface.o
                0x000000000800325c                spi_wb
 .text.initializeW5500
                0x0000000008003280       0x9c ./Core/Src/w5500_interface.o
                0x0000000008003280                initializeW5500
 .text.wizchip_cris_enter
                0x000000000800331c        0xc ./Core/Src/wizchip_conf.o
                0x000000000800331c                wizchip_cris_enter
 .text.wizchip_cris_exit
                0x0000000008003328        0xc ./Core/Src/wizchip_conf.o
                0x0000000008003328                wizchip_cris_exit
 .text.wizchip_cs_select
                0x0000000008003334        0xc ./Core/Src/wizchip_conf.o
                0x0000000008003334                wizchip_cs_select
 .text.wizchip_cs_deselect
                0x0000000008003340        0xc ./Core/Src/wizchip_conf.o
                0x0000000008003340                wizchip_cs_deselect
 .text.wizchip_bus_readdata
                0x000000000800334c       0x18 ./Core/Src/wizchip_conf.o
                0x000000000800334c                wizchip_bus_readdata
 .text.wizchip_bus_writedata
                0x0000000008003364       0x1c ./Core/Src/wizchip_conf.o
                0x0000000008003364                wizchip_bus_writedata
 .text.wizchip_spi_readbyte
                0x0000000008003380        0xe ./Core/Src/wizchip_conf.o
                0x0000000008003380                wizchip_spi_readbyte
 .text.wizchip_spi_writebyte
                0x000000000800338e       0x14 ./Core/Src/wizchip_conf.o
                0x000000000800338e                wizchip_spi_writebyte
 *fill*         0x00000000080033a2        0x2 
 .text.reg_wizchip_cs_cbfunc
                0x00000000080033a4       0x48 ./Core/Src/wizchip_conf.o
                0x00000000080033a4                reg_wizchip_cs_cbfunc
 .text.reg_wizchip_spi_cbfunc
                0x00000000080033ec       0x58 ./Core/Src/wizchip_conf.o
                0x00000000080033ec                reg_wizchip_spi_cbfunc
 .text.wizchip_sw_reset
                0x0000000008003444       0x98 ./Core/Src/wizchip_conf.o
                0x0000000008003444                wizchip_sw_reset
 .text.wizchip_init
                0x00000000080034dc      0x118 ./Core/Src/wizchip_conf.o
                0x00000000080034dc                wizchip_init
 .text.wizchip_setnetinfo
                0x00000000080035f4       0x80 ./Core/Src/wizchip_conf.o
                0x00000000080035f4                wizchip_setnetinfo
 .text.Reset_Handler
                0x0000000008003674       0x48 ./Core/Startup/startup_stm32f103c8tx.o
                0x0000000008003674                Reset_Handler
 .text.Default_Handler
                0x00000000080036bc        0x2 ./Core/Startup/startup_stm32f103c8tx.o
                0x00000000080036bc                RTC_Alarm_IRQHandler
                0x00000000080036bc                EXTI2_IRQHandler
                0x00000000080036bc                TIM1_CC_IRQHandler
                0x00000000080036bc                PVD_IRQHandler
                0x00000000080036bc                EXTI3_IRQHandler
                0x00000000080036bc                EXTI0_IRQHandler
                0x00000000080036bc                I2C2_EV_IRQHandler
                0x00000000080036bc                ADC1_2_IRQHandler
                0x00000000080036bc                TAMPER_IRQHandler
                0x00000000080036bc                DMA1_Channel4_IRQHandler
                0x00000000080036bc                USART3_IRQHandler
                0x00000000080036bc                RTC_IRQHandler
                0x00000000080036bc                DMA1_Channel7_IRQHandler
                0x00000000080036bc                CAN1_RX1_IRQHandler
                0x00000000080036bc                TIM4_IRQHandler
                0x00000000080036bc                I2C1_EV_IRQHandler
                0x00000000080036bc                DMA1_Channel6_IRQHandler
                0x00000000080036bc                RCC_IRQHandler
                0x00000000080036bc                TIM1_TRG_COM_IRQHandler
                0x00000000080036bc                DMA1_Channel1_IRQHandler
                0x00000000080036bc                Default_Handler
                0x00000000080036bc                EXTI15_10_IRQHandler
                0x00000000080036bc                EXTI9_5_IRQHandler
                0x00000000080036bc                SPI2_IRQHandler
                0x00000000080036bc                DMA1_Channel5_IRQHandler
                0x00000000080036bc                EXTI4_IRQHandler
                0x00000000080036bc                USB_LP_CAN1_RX0_IRQHandler
                0x00000000080036bc                USB_HP_CAN1_TX_IRQHandler
                0x00000000080036bc                DMA1_Channel3_IRQHandler
                0x00000000080036bc                TIM1_UP_IRQHandler
                0x00000000080036bc                WWDG_IRQHandler
                0x00000000080036bc                TIM2_IRQHandler
                0x00000000080036bc                TIM1_BRK_IRQHandler
                0x00000000080036bc                USART2_IRQHandler
                0x00000000080036bc                I2C2_ER_IRQHandler
                0x00000000080036bc                DMA1_Channel2_IRQHandler
                0x00000000080036bc                CAN1_SCE_IRQHandler
                0x00000000080036bc                FLASH_IRQHandler
                0x00000000080036bc                USART1_IRQHandler
                0x00000000080036bc                I2C1_ER_IRQHandler
                0x00000000080036bc                USBWakeUp_IRQHandler
 *fill*         0x00000000080036be        0x2 
 .text.HAL_Init
                0x00000000080036c0       0x2c ./Drivers/STM32F1xx_HAL_Driver/Src/stm32f1xx_hal.o
                0x00000000080036c0                HAL_Init
 .text.HAL_InitTick
                0x00000000080036ec       0x60 ./Drivers/STM32F1xx_HAL_Driver/Src/stm32f1xx_hal.o
                0x00000000080036ec                HAL_InitTick
 .text.HAL_IncTick
                0x000000000800374c       0x24 ./Drivers/STM32F1xx_HAL_Driver/Src/stm32f1xx_hal.o
                0x000000000800374c                HAL_IncTick
 .text.HAL_GetTick
                0x0000000008003770       0x14 ./Drivers/STM32F1xx_HAL_Driver/Src/stm32f1xx_hal.o
                0x0000000008003770                HAL_GetTick
 .text.HAL_Delay
                0x0000000008003784       0x48 ./Drivers/STM32F1xx_HAL_Driver/Src/stm32f1xx_hal.o
                0x0000000008003784                HAL_Delay
 .text.__NVIC_SetPriorityGrouping
                0x00000000080037cc       0x48 ./Drivers/STM32F1xx_HAL_Driver/Src/stm32f1xx_hal_cortex.o
 .text.__NVIC_GetPriorityGrouping
                0x0000000008003814       0x1c ./Drivers/STM32F1xx_HAL_Driver/Src/stm32f1xx_hal_cortex.o
 .text.__NVIC_EnableIRQ
                0x0000000008003830       0x38 ./Drivers/STM32F1xx_HAL_Driver/Src/stm32f1xx_hal_cortex.o
 .text.__NVIC_SetPriority
                0x0000000008003868       0x54 ./Drivers/STM32F1xx_HAL_Driver/Src/stm32f1xx_hal_cortex.o
 .text.NVIC_EncodePriority
                0x00000000080038bc       0x64 ./Drivers/STM32F1xx_HAL_Driver/Src/stm32f1xx_hal_cortex.o
 .text.SysTick_Config
                0x0000000008003920       0x44 ./Drivers/STM32F1xx_HAL_Driver/Src/stm32f1xx_hal_cortex.o
 .text.HAL_NVIC_SetPriorityGrouping
                0x0000000008003964       0x16 ./Drivers/STM32F1xx_HAL_Driver/Src/stm32f1xx_hal_cortex.o
                0x0000000008003964                HAL_NVIC_SetPriorityGrouping
 .text.HAL_NVIC_SetPriority
                0x000000000800397a       0x38 ./Drivers/STM32F1xx_HAL_Driver/Src/stm32f1xx_hal_cortex.o
                0x000000000800397a                HAL_NVIC_SetPriority
 .text.HAL_NVIC_EnableIRQ
                0x00000000080039b2       0x1c ./Drivers/STM32F1xx_HAL_Driver/Src/stm32f1xx_hal_cortex.o
                0x00000000080039b2                HAL_NVIC_EnableIRQ
 .text.HAL_SYSTICK_Config
                0x00000000080039ce       0x18 ./Drivers/STM32F1xx_HAL_Driver/Src/stm32f1xx_hal_cortex.o
                0x00000000080039ce                HAL_SYSTICK_Config
 *fill*         0x00000000080039e6        0x2 
 .text.HAL_DMA_Abort_IT
                0x00000000080039e8       0xf0 ./Drivers/STM32F1xx_HAL_Driver/Src/stm32f1xx_hal_dma.o
                0x00000000080039e8                HAL_DMA_Abort_IT
 .text.HAL_GPIO_Init
                0x0000000008003ad8      0x308 ./Drivers/STM32F1xx_HAL_Driver/Src/stm32f1xx_hal_gpio.o
                0x0000000008003ad8                HAL_GPIO_Init
 .text.HAL_GPIO_WritePin
                0x0000000008003de0       0x30 ./Drivers/STM32F1xx_HAL_Driver/Src/stm32f1xx_hal_gpio.o
                0x0000000008003de0                HAL_GPIO_WritePin
 .text.HAL_GPIO_TogglePin
                0x0000000008003e10       0x32 ./Drivers/STM32F1xx_HAL_Driver/Src/stm32f1xx_hal_gpio.o
                0x0000000008003e10                HAL_GPIO_TogglePin
 *fill*         0x0000000008003e42        0x2 
 .text.HAL_GPIO_EXTI_IRQHandler
                0x0000000008003e44       0x30 ./Drivers/STM32F1xx_HAL_Driver/Src/stm32f1xx_hal_gpio.o
                0x0000000008003e44                HAL_GPIO_EXTI_IRQHandler
 .text.HAL_RCC_OscConfig
                0x0000000008003e74      0x504 ./Drivers/STM32F1xx_HAL_Driver/Src/stm32f1xx_hal_rcc.o
                0x0000000008003e74                HAL_RCC_OscConfig
 .text.HAL_RCC_ClockConfig
                0x0000000008004378      0x1d4 ./Drivers/STM32F1xx_HAL_Driver/Src/stm32f1xx_hal_rcc.o
                0x0000000008004378                HAL_RCC_ClockConfig
 .text.HAL_RCC_GetSysClockFreq
                0x000000000800454c       0xa8 ./Drivers/STM32F1xx_HAL_Driver/Src/stm32f1xx_hal_rcc.o
                0x000000000800454c                HAL_RCC_GetSysClockFreq
 .text.RCC_Delay
                0x00000000080045f4       0x3c ./Drivers/STM32F1xx_HAL_Driver/Src/stm32f1xx_hal_rcc.o
 .text.HAL_SPI_Init
                0x0000000008004630      0x108 ./Drivers/STM32F1xx_HAL_Driver/Src/stm32f1xx_hal_spi.o
                0x0000000008004630                HAL_SPI_Init
 .text.HAL_SPI_Transmit
                0x0000000008004738      0x286 ./Drivers/STM32F1xx_HAL_Driver/Src/stm32f1xx_hal_spi.o
                0x0000000008004738                HAL_SPI_Transmit
 .text.HAL_SPI_Receive
                0x00000000080049be      0x230 ./Drivers/STM32F1xx_HAL_Driver/Src/stm32f1xx_hal_spi.o
                0x00000000080049be                HAL_SPI_Receive
 .text.HAL_SPI_TransmitReceive
                0x0000000008004bee      0x360 ./Drivers/STM32F1xx_HAL_Driver/Src/stm32f1xx_hal_spi.o
                0x0000000008004bee                HAL_SPI_TransmitReceive
 *fill*         0x0000000008004f4e        0x2 
 .text.HAL_SPI_IRQHandler
                0x0000000008004f50      0x1cc ./Drivers/STM32F1xx_HAL_Driver/Src/stm32f1xx_hal_spi.o
                0x0000000008004f50                HAL_SPI_IRQHandler
 .text.HAL_SPI_ErrorCallback
                0x000000000800511c       0x12 ./Drivers/STM32F1xx_HAL_Driver/Src/stm32f1xx_hal_spi.o
                0x000000000800511c                HAL_SPI_ErrorCallback
 .text.SPI_DMAAbortOnError
                0x000000000800512e       0x28 ./Drivers/STM32F1xx_HAL_Driver/Src/stm32f1xx_hal_spi.o
 *fill*         0x0000000008005156        0x2 
 .text.SPI_WaitFlagStateUntilTimeout
                0x0000000008005158      0x110 ./Drivers/STM32F1xx_HAL_Driver/Src/stm32f1xx_hal_spi.o
 .text.SPI_EndRxTransaction
                0x0000000008005268       0xa4 ./Drivers/STM32F1xx_HAL_Driver/Src/stm32f1xx_hal_spi.o
 .text.SPI_EndRxTxTransaction
                0x000000000800530c       0x3c ./Drivers/STM32F1xx_HAL_Driver/Src/stm32f1xx_hal_spi.o
 .text.HAL_TIM_Base_Init
                0x0000000008005348       0x9e ./Drivers/STM32F1xx_HAL_Driver/Src/stm32f1xx_hal_tim.o
                0x0000000008005348                HAL_TIM_Base_Init
 *fill*         0x00000000080053e6        0x2 
 .text.HAL_TIM_Base_Start_IT
                0x00000000080053e8       0xa4 ./Drivers/STM32F1xx_HAL_Driver/Src/stm32f1xx_hal_tim.o
                0x00000000080053e8                HAL_TIM_Base_Start_IT
 .text.HAL_TIM_Base_Stop_IT
                0x000000000800548c       0x5c ./Drivers/STM32F1xx_HAL_Driver/Src/stm32f1xx_hal_tim.o
                0x000000000800548c                HAL_TIM_Base_Stop_IT
 .text.HAL_TIM_OnePulse_Init
                0x00000000080054e8       0xa0 ./Drivers/STM32F1xx_HAL_Driver/Src/stm32f1xx_hal_tim.o
                0x00000000080054e8                HAL_TIM_OnePulse_Init
 .text.HAL_TIM_OnePulse_MspInit
                0x0000000008005588       0x12 ./Drivers/STM32F1xx_HAL_Driver/Src/stm32f1xx_hal_tim.o
                0x0000000008005588                HAL_TIM_OnePulse_MspInit
 .text.HAL_TIM_IRQHandler
                0x000000000800559a      0x210 ./Drivers/STM32F1xx_HAL_Driver/Src/stm32f1xx_hal_tim.o
                0x000000000800559a                HAL_TIM_IRQHandler
 .text.HAL_TIM_ConfigClockSource
                0x00000000080057aa      0x18e ./Drivers/STM32F1xx_HAL_Driver/Src/stm32f1xx_hal_tim.o
                0x00000000080057aa                HAL_TIM_ConfigClockSource
 .text.HAL_TIM_OC_DelayElapsedCallback
                0x0000000008005938       0x12 ./Drivers/STM32F1xx_HAL_Driver/Src/stm32f1xx_hal_tim.o
                0x0000000008005938                HAL_TIM_OC_DelayElapsedCallback
 .text.HAL_TIM_IC_CaptureCallback
                0x000000000800594a       0x12 ./Drivers/STM32F1xx_HAL_Driver/Src/stm32f1xx_hal_tim.o
                0x000000000800594a                HAL_TIM_IC_CaptureCallback
 .text.HAL_TIM_PWM_PulseFinishedCallback
                0x000000000800595c       0x12 ./Drivers/STM32F1xx_HAL_Driver/Src/stm32f1xx_hal_tim.o
                0x000000000800595c                HAL_TIM_PWM_PulseFinishedCallback
 .text.HAL_TIM_TriggerCallback
                0x000000000800596e       0x12 ./Drivers/STM32F1xx_HAL_Driver/Src/stm32f1xx_hal_tim.o
                0x000000000800596e                HAL_TIM_TriggerCallback
 .text.TIM_Base_SetConfig
                0x0000000008005980       0xc4 ./Drivers/STM32F1xx_HAL_Driver/Src/stm32f1xx_hal_tim.o
                0x0000000008005980                TIM_Base_SetConfig
 .text.TIM_TI1_ConfigInputStage
                0x0000000008005a44       0x5c ./Drivers/STM32F1xx_HAL_Driver/Src/stm32f1xx_hal_tim.o
 .text.TIM_TI2_ConfigInputStage
                0x0000000008005aa0       0x5e ./Drivers/STM32F1xx_HAL_Driver/Src/stm32f1xx_hal_tim.o
 .text.TIM_ITRx_SetConfig
                0x0000000008005afe       0x34 ./Drivers/STM32F1xx_HAL_Driver/Src/stm32f1xx_hal_tim.o
 .text.TIM_ETR_SetConfig
                0x0000000008005b32       0x3e ./Drivers/STM32F1xx_HAL_Driver/Src/stm32f1xx_hal_tim.o
                0x0000000008005b32                TIM_ETR_SetConfig
 .text.HAL_TIMEx_MasterConfigSynchronization
                0x0000000008005b70       0xbc ./Drivers/STM32F1xx_HAL_Driver/Src/stm32f1xx_hal_tim_ex.o
                0x0000000008005b70                HAL_TIMEx_MasterConfigSynchronization
 .text.HAL_TIMEx_CommutCallback
                0x0000000008005c2c       0x12 ./Drivers/STM32F1xx_HAL_Driver/Src/stm32f1xx_hal_tim_ex.o
                0x0000000008005c2c                HAL_TIMEx_CommutCallback
 .text.HAL_TIMEx_BreakCallback
                0x0000000008005c3e       0x12 ./Drivers/STM32F1xx_HAL_Driver/Src/stm32f1xx_hal_tim_ex.o
                0x0000000008005c3e                HAL_TIMEx_BreakCallback
 .text.__errno  0x0000000008005c50        0xc c:/st/stm32cubeide_1.11.2/stm32cubeide/plugins/com.st.stm32cube.ide.mcu.externaltools.gnu-tools-for-stm32.10.3-2021.10.win32_1.0.100.202210260954/tools/bin/../lib/gcc/arm-none-eabi/10.3.1/../../../../arm-none-eabi/lib/thumb/v7-m/nofp\libc_nano.a(lib_a-errno.o)
                0x0000000008005c50                __errno
 .text.__libc_init_array
                0x0000000008005c5c       0x48 c:/st/stm32cubeide_1.11.2/stm32cubeide/plugins/com.st.stm32cube.ide.mcu.externaltools.gnu-tools-for-stm32.10.3-2021.10.win32_1.0.100.202210260954/tools/bin/../lib/gcc/arm-none-eabi/10.3.1/../../../../arm-none-eabi/lib/thumb/v7-m/nofp\libc_nano.a(lib_a-init.o)
                0x0000000008005c5c                __libc_init_array
 .text.memcpy   0x0000000008005ca4       0x1c c:/st/stm32cubeide_1.11.2/stm32cubeide/plugins/com.st.stm32cube.ide.mcu.externaltools.gnu-tools-for-stm32.10.3-2021.10.win32_1.0.100.202210260954/tools/bin/../lib/gcc/arm-none-eabi/10.3.1/../../../../arm-none-eabi/lib/thumb/v7-m/nofp\libc_nano.a(lib_a-memcpy-stub.o)
                0x0000000008005ca4                memcpy
 .text.memset   0x0000000008005cc0       0x10 c:/st/stm32cubeide_1.11.2/stm32cubeide/plugins/com.st.stm32cube.ide.mcu.externaltools.gnu-tools-for-stm32.10.3-2021.10.win32_1.0.100.202210260954/tools/bin/../lib/gcc/arm-none-eabi/10.3.1/../../../../arm-none-eabi/lib/thumb/v7-m/nofp\libc_nano.a(lib_a-memset.o)
                0x0000000008005cc0                memset
 .text.sprintf  0x0000000008005cd0       0x40 c:/st/stm32cubeide_1.11.2/stm32cubeide/plugins/com.st.stm32cube.ide.mcu.externaltools.gnu-tools-for-stm32.10.3-2021.10.win32_1.0.100.202210260954/tools/bin/../lib/gcc/arm-none-eabi/10.3.1/../../../../arm-none-eabi/lib/thumb/v7-m/nofp\libc_nano.a(lib_a-sprintf.o)
                0x0000000008005cd0                siprintf
                0x0000000008005cd0                sprintf
 .text.strncmp  0x0000000008005d10       0x28 c:/st/stm32cubeide_1.11.2/stm32cubeide/plugins/com.st.stm32cube.ide.mcu.externaltools.gnu-tools-for-stm32.10.3-2021.10.win32_1.0.100.202210260954/tools/bin/../lib/gcc/arm-none-eabi/10.3.1/../../../../arm-none-eabi/lib/thumb/v7-m/nofp\libc_nano.a(lib_a-strncmp.o)
                0x0000000008005d10                strncmp
 .text.__ssputs_r
                0x0000000008005d38       0xb6 c:/st/stm32cubeide_1.11.2/stm32cubeide/plugins/com.st.stm32cube.ide.mcu.externaltools.gnu-tools-for-stm32.10.3-2021.10.win32_1.0.100.202210260954/tools/bin/../lib/gcc/arm-none-eabi/10.3.1/../../../../arm-none-eabi/lib/thumb/v7-m/nofp\libc_nano.a(lib_a-nano-svfprintf.o)
                0x0000000008005d38                __ssputs_r
 *fill*         0x0000000008005dee        0x2 
 .text._svfprintf_r
                0x0000000008005df0      0x200 c:/st/stm32cubeide_1.11.2/stm32cubeide/plugins/com.st.stm32cube.ide.mcu.externaltools.gnu-tools-for-stm32.10.3-2021.10.win32_1.0.100.202210260954/tools/bin/../lib/gcc/arm-none-eabi/10.3.1/../../../../arm-none-eabi/lib/thumb/v7-m/nofp\libc_nano.a(lib_a-nano-svfprintf.o)
                0x0000000008005df0                _svfiprintf_r
                0x0000000008005df0                _svfprintf_r
 .text._printf_common
                0x0000000008005ff0       0xde c:/st/stm32cubeide_1.11.2/stm32cubeide/plugins/com.st.stm32cube.ide.mcu.externaltools.gnu-tools-for-stm32.10.3-2021.10.win32_1.0.100.202210260954/tools/bin/../lib/gcc/arm-none-eabi/10.3.1/../../../../arm-none-eabi/lib/thumb/v7-m/nofp\libc_nano.a(lib_a-nano-vfprintf_i.o)
                0x0000000008005ff0                _printf_common
 *fill*         0x00000000080060ce        0x2 
 .text._printf_i
                0x00000000080060d0      0x24c c:/st/stm32cubeide_1.11.2/stm32cubeide/plugins/com.st.stm32cube.ide.mcu.externaltools.gnu-tools-for-stm32.10.3-2021.10.win32_1.0.100.202210260954/tools/bin/../lib/gcc/arm-none-eabi/10.3.1/../../../../arm-none-eabi/lib/thumb/v7-m/nofp\libc_nano.a(lib_a-nano-vfprintf_i.o)
                0x00000000080060d0                _printf_i
 .text.memchr   0x000000000800631c       0x1c c:/st/stm32cubeide_1.11.2/stm32cubeide/plugins/com.st.stm32cube.ide.mcu.externaltools.gnu-tools-for-stm32.10.3-2021.10.win32_1.0.100.202210260954/tools/bin/../lib/gcc/arm-none-eabi/10.3.1/../../../../arm-none-eabi/lib/thumb/v7-m/nofp\libc_nano.a(lib_a-memchr-stub.o)
                0x000000000800631c                memchr
 .text.memmove  0x0000000008006338       0x34 c:/st/stm32cubeide_1.11.2/stm32cubeide/plugins/com.st.stm32cube.ide.mcu.externaltools.gnu-tools-for-stm32.10.3-2021.10.win32_1.0.100.202210260954/tools/bin/../lib/gcc/arm-none-eabi/10.3.1/../../../../arm-none-eabi/lib/thumb/v7-m/nofp\libc_nano.a(lib_a-memmove.o)
                0x0000000008006338                memmove
 .text._free_r  0x000000000800636c       0x90 c:/st/stm32cubeide_1.11.2/stm32cubeide/plugins/com.st.stm32cube.ide.mcu.externaltools.gnu-tools-for-stm32.10.3-2021.10.win32_1.0.100.202210260954/tools/bin/../lib/gcc/arm-none-eabi/10.3.1/../../../../arm-none-eabi/lib/thumb/v7-m/nofp\libc_nano.a(lib_a-nano-freer.o)
                0x000000000800636c                _free_r
 .text.sbrk_aligned
                0x00000000080063fc       0x40 c:/st/stm32cubeide_1.11.2/stm32cubeide/plugins/com.st.stm32cube.ide.mcu.externaltools.gnu-tools-for-stm32.10.3-2021.10.win32_1.0.100.202210260954/tools/bin/../lib/gcc/arm-none-eabi/10.3.1/../../../../arm-none-eabi/lib/thumb/v7-m/nofp\libc_nano.a(lib_a-nano-mallocr.o)
 .text._malloc_r
                0x000000000800643c       0xe8 c:/st/stm32cubeide_1.11.2/stm32cubeide/plugins/com.st.stm32cube.ide.mcu.externaltools.gnu-tools-for-stm32.10.3-2021.10.win32_1.0.100.202210260954/tools/bin/../lib/gcc/arm-none-eabi/10.3.1/../../../../arm-none-eabi/lib/thumb/v7-m/nofp\libc_nano.a(lib_a-nano-mallocr.o)
                0x000000000800643c                _malloc_r
 .text._realloc_r
                0x0000000008006524       0x5e c:/st/stm32cubeide_1.11.2/stm32cubeide/plugins/com.st.stm32cube.ide.mcu.externaltools.gnu-tools-for-stm32.10.3-2021.10.win32_1.0.100.202210260954/tools/bin/../lib/gcc/arm-none-eabi/10.3.1/../../../../arm-none-eabi/lib/thumb/v7-m/nofp\libc_nano.a(lib_a-nano-reallocr.o)
                0x0000000008006524                _realloc_r
 *fill*         0x0000000008006582        0x2 
 .text._sbrk_r  0x0000000008006584       0x20 c:/st/stm32cubeide_1.11.2/stm32cubeide/plugins/com.st.stm32cube.ide.mcu.externaltools.gnu-tools-for-stm32.10.3-2021.10.win32_1.0.100.202210260954/tools/bin/../lib/gcc/arm-none-eabi/10.3.1/../../../../arm-none-eabi/lib/thumb/v7-m/nofp\libc_nano.a(lib_a-sbrkr.o)
                0x0000000008006584                _sbrk_r
 .text.__malloc_lock
                0x00000000080065a4        0xc c:/st/stm32cubeide_1.11.2/stm32cubeide/plugins/com.st.stm32cube.ide.mcu.externaltools.gnu-tools-for-stm32.10.3-2021.10.win32_1.0.100.202210260954/tools/bin/../lib/gcc/arm-none-eabi/10.3.1/../../../../arm-none-eabi/lib/thumb/v7-m/nofp\libc_nano.a(lib_a-mlock.o)
                0x00000000080065a4                __malloc_lock
 .text.__malloc_unlock
                0x00000000080065b0        0xc c:/st/stm32cubeide_1.11.2/stm32cubeide/plugins/com.st.stm32cube.ide.mcu.externaltools.gnu-tools-for-stm32.10.3-2021.10.win32_1.0.100.202210260954/tools/bin/../lib/gcc/arm-none-eabi/10.3.1/../../../../arm-none-eabi/lib/thumb/v7-m/nofp\libc_nano.a(lib_a-mlock.o)
                0x00000000080065b0                __malloc_unlock
 .text._malloc_usable_size_r
                0x00000000080065bc       0x10 c:/st/stm32cubeide_1.11.2/stm32cubeide/plugins/com.st.stm32cube.ide.mcu.externaltools.gnu-tools-for-stm32.10.3-2021.10.win32_1.0.100.202210260954/tools/bin/../lib/gcc/arm-none-eabi/10.3.1/../../../../arm-none-eabi/lib/thumb/v7-m/nofp\libc_nano.a(lib_a-nano-msizer.o)
                0x00000000080065bc                _malloc_usable_size_r
 .text.__retarget_lock_acquire_recursive
                0x00000000080065cc        0x2 c:/st/stm32cubeide_1.11.2/stm32cubeide/plugins/com.st.stm32cube.ide.mcu.externaltools.gnu-tools-for-stm32.10.3-2021.10.win32_1.0.100.202210260954/tools/bin/../lib/gcc/arm-none-eabi/10.3.1/../../../../arm-none-eabi/lib/thumb/v7-m/nofp\libc_nano.a(lib_a-lock.o)
                0x00000000080065cc                __retarget_lock_acquire_recursive
 .text.__retarget_lock_release_recursive
                0x00000000080065ce        0x2 c:/st/stm32cubeide_1.11.2/stm32cubeide/plugins/com.st.stm32cube.ide.mcu.externaltools.gnu-tools-for-stm32.10.3-2021.10.win32_1.0.100.202210260954/tools/bin/../lib/gcc/arm-none-eabi/10.3.1/../../../../arm-none-eabi/lib/thumb/v7-m/nofp\libc_nano.a(lib_a-lock.o)
                0x00000000080065ce                __retarget_lock_release_recursive
 *(.glue_7)
 .glue_7        0x00000000080065d0        0x0 linker stubs
 *(.glue_7t)
 .glue_7t       0x00000000080065d0        0x0 linker stubs
 *(.eh_frame)
 .eh_frame      0x00000000080065d0        0x0 c:/st/stm32cubeide_1.11.2/stm32cubeide/plugins/com.st.stm32cube.ide.mcu.externaltools.gnu-tools-for-stm32.10.3-2021.10.win32_1.0.100.202210260954/tools/bin/../lib/gcc/arm-none-eabi/10.3.1/thumb/v7-m/nofp/crtbegin.o
 *(.init)
 .init          0x00000000080065d0        0x4 c:/st/stm32cubeide_1.11.2/stm32cubeide/plugins/com.st.stm32cube.ide.mcu.externaltools.gnu-tools-for-stm32.10.3-2021.10.win32_1.0.100.202210260954/tools/bin/../lib/gcc/arm-none-eabi/10.3.1/thumb/v7-m/nofp/crti.o
                0x00000000080065d0                _init
 .init          0x00000000080065d4        0x8 c:/st/stm32cubeide_1.11.2/stm32cubeide/plugins/com.st.stm32cube.ide.mcu.externaltools.gnu-tools-for-stm32.10.3-2021.10.win32_1.0.100.202210260954/tools/bin/../lib/gcc/arm-none-eabi/10.3.1/thumb/v7-m/nofp/crtn.o
 *(.fini)
 .fini          0x00000000080065dc        0x4 c:/st/stm32cubeide_1.11.2/stm32cubeide/plugins/com.st.stm32cube.ide.mcu.externaltools.gnu-tools-for-stm32.10.3-2021.10.win32_1.0.100.202210260954/tools/bin/../lib/gcc/arm-none-eabi/10.3.1/thumb/v7-m/nofp/crti.o
                0x00000000080065dc                _fini
 .fini          0x00000000080065e0        0x8 c:/st/stm32cubeide_1.11.2/stm32cubeide/plugins/com.st.stm32cube.ide.mcu.externaltools.gnu-tools-for-stm32.10.3-2021.10.win32_1.0.100.202210260954/tools/bin/../lib/gcc/arm-none-eabi/10.3.1/thumb/v7-m/nofp/crtn.o
                0x00000000080065e8                . = ALIGN (0x4)
                0x00000000080065e8                _etext = .

.vfp11_veneer   0x00000000080065e8        0x0
 .vfp11_veneer  0x00000000080065e8        0x0 linker stubs

.v4_bx          0x00000000080065e8        0x0
 .v4_bx         0x00000000080065e8        0x0 linker stubs

.iplt           0x00000000080065e8        0x0
 .iplt          0x00000000080065e8        0x0 c:/st/stm32cubeide_1.11.2/stm32cubeide/plugins/com.st.stm32cube.ide.mcu.externaltools.gnu-tools-for-stm32.10.3-2021.10.win32_1.0.100.202210260954/tools/bin/../lib/gcc/arm-none-eabi/10.3.1/thumb/v7-m/nofp/crtbegin.o

.rodata         0x00000000080065e8      0x170
                0x00000000080065e8                . = ALIGN (0x4)
 *(.rodata)
 .rodata        0x00000000080065e8       0x58 ./Core/Src/MQTTClient.o
 .rodata        0x0000000008006640        0xf ./Core/Src/MQTTConnectClient.o
 *fill*         0x000000000800664f        0x1 
 .rodata        0x0000000008006650       0xa8 ./Core/Src/main.o
 .rodata        0x00000000080066f8        0x8 ./Core/Src/w5500_interface.o
 *(.rodata*)
 .rodata.AHBPrescTable
                0x0000000008006700       0x10 ./Core/Src/system_stm32f1xx.o
                0x0000000008006700                AHBPrescTable
 .rodata.aPLLMULFactorTable.1
                0x0000000008006710       0x10 ./Drivers/STM32F1xx_HAL_Driver/Src/stm32f1xx_hal_rcc.o
 .rodata.aPredivFactorTable.0
                0x0000000008006720        0x2 ./Drivers/STM32F1xx_HAL_Driver/Src/stm32f1xx_hal_rcc.o
 .rodata._svfprintf_r.str1.1
                0x0000000008006722       0x11 c:/st/stm32cubeide_1.11.2/stm32cubeide/plugins/com.st.stm32cube.ide.mcu.externaltools.gnu-tools-for-stm32.10.3-2021.10.win32_1.0.100.202210260954/tools/bin/../lib/gcc/arm-none-eabi/10.3.1/../../../../arm-none-eabi/lib/thumb/v7-m/nofp\libc_nano.a(lib_a-nano-svfprintf.o)
 .rodata._printf_i.str1.1
                0x0000000008006733       0x22 c:/st/stm32cubeide_1.11.2/stm32cubeide/plugins/com.st.stm32cube.ide.mcu.externaltools.gnu-tools-for-stm32.10.3-2021.10.win32_1.0.100.202210260954/tools/bin/../lib/gcc/arm-none-eabi/10.3.1/../../../../arm-none-eabi/lib/thumb/v7-m/nofp\libc_nano.a(lib_a-nano-vfprintf_i.o)
                0x0000000008006758                . = ALIGN (0x4)
 *fill*         0x0000000008006755        0x3 

.rel.dyn        0x0000000008006758        0x0
 .rel.iplt      0x0000000008006758        0x0 c:/st/stm32cubeide_1.11.2/stm32cubeide/plugins/com.st.stm32cube.ide.mcu.externaltools.gnu-tools-for-stm32.10.3-2021.10.win32_1.0.100.202210260954/tools/bin/../lib/gcc/arm-none-eabi/10.3.1/thumb/v7-m/nofp/crtbegin.o

.ARM.extab      0x0000000008006758        0x0
                0x0000000008006758                . = ALIGN (0x4)
 *(.ARM.extab* .gnu.linkonce.armextab.*)
                0x0000000008006758                . = ALIGN (0x4)

.ARM            0x0000000008006758        0x0
                0x0000000008006758                . = ALIGN (0x4)
                0x0000000008006758                __exidx_start = .
 *(.ARM.exidx*)
                0x0000000008006758                __exidx_end = .
                0x0000000008006758                . = ALIGN (0x4)

.preinit_array  0x0000000008006758        0x0
                0x0000000008006758                . = ALIGN (0x4)
                0x0000000008006758                PROVIDE (__preinit_array_start = .)
 *(.preinit_array*)
                0x0000000008006758                PROVIDE (__preinit_array_end = .)
                0x0000000008006758                . = ALIGN (0x4)

.init_array     0x0000000008006758        0x4
                0x0000000008006758                . = ALIGN (0x4)
                0x0000000008006758                PROVIDE (__init_array_start = .)
 *(SORT_BY_NAME(.init_array.*))
 *(.init_array*)
 .init_array    0x0000000008006758        0x4 c:/st/stm32cubeide_1.11.2/stm32cubeide/plugins/com.st.stm32cube.ide.mcu.externaltools.gnu-tools-for-stm32.10.3-2021.10.win32_1.0.100.202210260954/tools/bin/../lib/gcc/arm-none-eabi/10.3.1/thumb/v7-m/nofp/crtbegin.o
                0x000000000800675c                PROVIDE (__init_array_end = .)
                0x000000000800675c                . = ALIGN (0x4)

.fini_array     0x000000000800675c        0x4
                0x000000000800675c                . = ALIGN (0x4)
                [!provide]                        PROVIDE (__fini_array_start = .)
 *(SORT_BY_NAME(.fini_array.*))
 *(.fini_array*)
 .fini_array    0x000000000800675c        0x4 c:/st/stm32cubeide_1.11.2/stm32cubeide/plugins/com.st.stm32cube.ide.mcu.externaltools.gnu-tools-for-stm32.10.3-2021.10.win32_1.0.100.202210260954/tools/bin/../lib/gcc/arm-none-eabi/10.3.1/thumb/v7-m/nofp/crtbegin.o
                [!provide]                        PROVIDE (__fini_array_end = .)
                0x0000000008006760                . = ALIGN (0x4)
                0x0000000008006760                _sidata = LOADADDR (.data)

.data           0x0000000020000000       0xa8 load address 0x0000000008006760
                0x0000000020000000                . = ALIGN (0x4)
                0x0000000020000000                _sdata = .
 *(.data)
 *(.data*)
 .data.targetIP
                0x0000000020000000        0x4 ./Core/Src/main.o
 .data.targetPort
                0x0000000020000004        0x4 ./Core/Src/main.o
 .data.sock_any_port
                0x0000000020000008        0x2 ./Core/Src/socket.o
 *fill*         0x000000002000000a        0x2 
 .data.SystemCoreClock
                0x000000002000000c        0x4 ./Core/Src/system_stm32f1xx.o
                0x000000002000000c                SystemCoreClock
 .data.WIZCHIP  0x0000000020000010       0x2c ./Core/Src/wizchip_conf.o
                0x0000000020000010                WIZCHIP
 .data.uwTickPrio
                0x000000002000003c        0x4 ./Drivers/STM32F1xx_HAL_Driver/Src/stm32f1xx_hal.o
                0x000000002000003c                uwTickPrio
 .data.uwTickFreq
                0x0000000020000040        0x1 ./Drivers/STM32F1xx_HAL_Driver/Src/stm32f1xx_hal.o
                0x0000000020000040                uwTickFreq
 *fill*         0x0000000020000041        0x3 
 .data._impure_ptr
                0x0000000020000044        0x4 c:/st/stm32cubeide_1.11.2/stm32cubeide/plugins/com.st.stm32cube.ide.mcu.externaltools.gnu-tools-for-stm32.10.3-2021.10.win32_1.0.100.202210260954/tools/bin/../lib/gcc/arm-none-eabi/10.3.1/../../../../arm-none-eabi/lib/thumb/v7-m/nofp\libc_nano.a(lib_a-impure.o)
                0x0000000020000044                _impure_ptr
 .data.impure_data
                0x0000000020000048       0x60 c:/st/stm32cubeide_1.11.2/stm32cubeide/plugins/com.st.stm32cube.ide.mcu.externaltools.gnu-tools-for-stm32.10.3-2021.10.win32_1.0.100.202210260954/tools/bin/../lib/gcc/arm-none-eabi/10.3.1/../../../../arm-none-eabi/lib/thumb/v7-m/nofp\libc_nano.a(lib_a-impure.o)
 *(.RamFunc)
 *(.RamFunc*)
                0x00000000200000a8                . = ALIGN (0x4)
                0x00000000200000a8                _edata = .

.igot.plt       0x00000000200000a8        0x0 load address 0x0000000008006808
 .igot.plt      0x00000000200000a8        0x0 c:/st/stm32cubeide_1.11.2/stm32cubeide/plugins/com.st.stm32cube.ide.mcu.externaltools.gnu-tools-for-stm32.10.3-2021.10.win32_1.0.100.202210260954/tools/bin/../lib/gcc/arm-none-eabi/10.3.1/thumb/v7-m/nofp/crtbegin.o
                0x00000000200000a8                . = ALIGN (0x4)

.bss            0x00000000200000a8      0x9b8 load address 0x0000000008006808
                0x00000000200000a8                _sbss = .
                0x00000000200000a8                __bss_start__ = _sbss
 *(.bss)
 .bss           0x00000000200000a8       0x1c c:/st/stm32cubeide_1.11.2/stm32cubeide/plugins/com.st.stm32cube.ide.mcu.externaltools.gnu-tools-for-stm32.10.3-2021.10.win32_1.0.100.202210260954/tools/bin/../lib/gcc/arm-none-eabi/10.3.1/thumb/v7-m/nofp/crtbegin.o
 *(.bss*)
 .bss.bufptr    0x00000000200000c4        0x4 ./Core/Src/MQTTPacket.o
 .bss.hspi1     0x00000000200000c8       0x58 ./Core/Src/main.o
                0x00000000200000c8                hspi1
 .bss.tempBuffer
                0x0000000020000120      0x800 ./Core/Src/main.o
 .bss.htim3     0x0000000020000920       0x48 ./Core/Src/main.o
                0x0000000020000920                htim3
 .bss.lock      0x0000000020000968        0x1 ./Core/Src/main.o
 *fill*         0x0000000020000969        0x3 
 .bss.opts      0x000000002000096c       0x24 ./Core/Src/main.o
                0x000000002000096c                opts
 .bss.mqttClient
                0x0000000020000990       0x5c ./Core/Src/main.o
 .bss.message.2
                0x00000000200009ec       0x10 ./Core/Src/main.o
 .bss.payload.1
                0x00000000200009fc       0x1e ./Core/Src/main.o
 *fill*         0x0000000020000a1a        0x2 
 .bss.tickstart.0
                0x0000000020000a1c        0x4 ./Core/Src/main.o
 .bss.MilliTimer
                0x0000000020000a20        0x4 ./Core/Src/mqtt_interface.o
                0x0000000020000a20                MilliTimer
 .bss.sock_io_mode
                0x0000000020000a24        0x2 ./Core/Src/socket.o
 .bss.sock_is_sending
                0x0000000020000a26        0x2 ./Core/Src/socket.o
 .bss.sock_remained_size
                0x0000000020000a28       0x10 ./Core/Src/socket.o
 .bss.sock_pack_info
                0x0000000020000a38        0x8 ./Core/Src/socket.o
                0x0000000020000a38                sock_pack_info
 .bss.__sbrk_heap_end
                0x0000000020000a40        0x4 ./Core/Src/sysmem.o
 .bss._DNS_     0x0000000020000a44        0x4 ./Core/Src/wizchip_conf.o
 .bss._DHCP_    0x0000000020000a48        0x1 ./Core/Src/wizchip_conf.o
 *fill*         0x0000000020000a49        0x3 
 .bss.uwTick    0x0000000020000a4c        0x4 ./Drivers/STM32F1xx_HAL_Driver/Src/stm32f1xx_hal.o
                0x0000000020000a4c                uwTick
 .bss.__malloc_free_list
                0x0000000020000a50        0x4 c:/st/stm32cubeide_1.11.2/stm32cubeide/plugins/com.st.stm32cube.ide.mcu.externaltools.gnu-tools-for-stm32.10.3-2021.10.win32_1.0.100.202210260954/tools/bin/../lib/gcc/arm-none-eabi/10.3.1/../../../../arm-none-eabi/lib/thumb/v7-m/nofp\libc_nano.a(lib_a-nano-mallocr.o)
                0x0000000020000a50                __malloc_free_list
 .bss.__malloc_sbrk_start
                0x0000000020000a54        0x4 c:/st/stm32cubeide_1.11.2/stm32cubeide/plugins/com.st.stm32cube.ide.mcu.externaltools.gnu-tools-for-stm32.10.3-2021.10.win32_1.0.100.202210260954/tools/bin/../lib/gcc/arm-none-eabi/10.3.1/../../../../arm-none-eabi/lib/thumb/v7-m/nofp\libc_nano.a(lib_a-nano-mallocr.o)
                0x0000000020000a54                __malloc_sbrk_start
 .bss.errno     0x0000000020000a58        0x4 c:/st/stm32cubeide_1.11.2/stm32cubeide/plugins/com.st.stm32cube.ide.mcu.externaltools.gnu-tools-for-stm32.10.3-2021.10.win32_1.0.100.202210260954/tools/bin/../lib/gcc/arm-none-eabi/10.3.1/../../../../arm-none-eabi/lib/thumb/v7-m/nofp\libc_nano.a(lib_a-reent.o)
                0x0000000020000a58                errno
 .bss.__lock___malloc_recursive_mutex
                0x0000000020000a5c        0x1 c:/st/stm32cubeide_1.11.2/stm32cubeide/plugins/com.st.stm32cube.ide.mcu.externaltools.gnu-tools-for-stm32.10.3-2021.10.win32_1.0.100.202210260954/tools/bin/../lib/gcc/arm-none-eabi/10.3.1/../../../../arm-none-eabi/lib/thumb/v7-m/nofp\libc_nano.a(lib_a-lock.o)
                0x0000000020000a5c                __lock___malloc_recursive_mutex
 *(COMMON)
                0x0000000020000a60                . = ALIGN (0x4)
 *fill*         0x0000000020000a5d        0x3 
                0x0000000020000a60                _ebss = .
                0x0000000020000a60                __bss_end__ = _ebss

._user_heap_stack
                0x0000000020000a60      0x600 load address 0x0000000008006808
                0x0000000020000a60                . = ALIGN (0x8)
                [!provide]                        PROVIDE (end = .)
                0x0000000020000a60                PROVIDE (_end = .)
                0x0000000020000c60                . = (. + _Min_Heap_Size)
 *fill*         0x0000000020000a60      0x200 
                0x0000000020001060                . = (. + _Min_Stack_Size)
 *fill*         0x0000000020000c60      0x400 
                0x0000000020001060                . = ALIGN (0x8)

/DISCARD/
 libc.a(*)
 libm.a(*)
 libgcc.a(*)

.ARM.attributes
                0x0000000000000000       0x29
 *(.ARM.attributes)
 .ARM.attributes
                0x0000000000000000       0x1d c:/st/stm32cubeide_1.11.2/stm32cubeide/plugins/com.st.stm32cube.ide.mcu.externaltools.gnu-tools-for-stm32.10.3-2021.10.win32_1.0.100.202210260954/tools/bin/../lib/gcc/arm-none-eabi/10.3.1/thumb/v7-m/nofp/crti.o
 .ARM.attributes
                0x000000000000001d       0x2d c:/st/stm32cubeide_1.11.2/stm32cubeide/plugins/com.st.stm32cube.ide.mcu.externaltools.gnu-tools-for-stm32.10.3-2021.10.win32_1.0.100.202210260954/tools/bin/../lib/gcc/arm-none-eabi/10.3.1/thumb/v7-m/nofp/crtbegin.o
 .ARM.attributes
                0x000000000000004a       0x2d ./Core/Src/MQTTClient.o
 .ARM.attributes
                0x0000000000000077       0x2d ./Core/Src/MQTTConnectClient.o
 .ARM.attributes
                0x00000000000000a4       0x2d ./Core/Src/MQTTDeserializePublish.o
 .ARM.attributes
                0x00000000000000d1       0x2d ./Core/Src/MQTTPacket.o
 .ARM.attributes
                0x00000000000000fe       0x2d ./Core/Src/MQTTSerializePublish.o
 .ARM.attributes
                0x000000000000012b       0x2d ./Core/Src/MQTTSubscribeClient.o
 .ARM.attributes
                0x0000000000000158       0x2d ./Core/Src/main.o
 .ARM.attributes
                0x0000000000000185       0x2d ./Core/Src/mqtt_interface.o
 .ARM.attributes
                0x00000000000001b2       0x2d ./Core/Src/socket.o
 .ARM.attributes
                0x00000000000001df       0x2d ./Core/Src/stm32f1xx_hal_msp.o
 .ARM.attributes
                0x000000000000020c       0x2d ./Core/Src/stm32f1xx_it.o
 .ARM.attributes
                0x0000000000000239       0x2d ./Core/Src/sysmem.o
 .ARM.attributes
                0x0000000000000266       0x2d ./Core/Src/system_stm32f1xx.o
 .ARM.attributes
                0x0000000000000293       0x2d ./Core/Src/w5500.o
 .ARM.attributes
                0x00000000000002c0       0x2d ./Core/Src/w5500_interface.o
 .ARM.attributes
                0x00000000000002ed       0x2d ./Core/Src/wizchip_conf.o
 .ARM.attributes
                0x000000000000031a       0x21 ./Core/Startup/startup_stm32f103c8tx.o
 .ARM.attributes
                0x000000000000033b       0x2d ./Drivers/STM32F1xx_HAL_Driver/Src/stm32f1xx_hal.o
 .ARM.attributes
                0x0000000000000368       0x2d ./Drivers/STM32F1xx_HAL_Driver/Src/stm32f1xx_hal_cortex.o
 .ARM.attributes
                0x0000000000000395       0x2d ./Drivers/STM32F1xx_HAL_Driver/Src/stm32f1xx_hal_dma.o
 .ARM.attributes
                0x00000000000003c2       0x2d ./Drivers/STM32F1xx_HAL_Driver/Src/stm32f1xx_hal_gpio.o
 .ARM.attributes
                0x00000000000003ef       0x2d ./Drivers/STM32F1xx_HAL_Driver/Src/stm32f1xx_hal_rcc.o
 .ARM.attributes
                0x000000000000041c       0x2d ./Drivers/STM32F1xx_HAL_Driver/Src/stm32f1xx_hal_spi.o
 .ARM.attributes
                0x0000000000000449       0x2d ./Drivers/STM32F1xx_HAL_Driver/Src/stm32f1xx_hal_tim.o
 .ARM.attributes
                0x0000000000000476       0x2d ./Drivers/STM32F1xx_HAL_Driver/Src/stm32f1xx_hal_tim_ex.o
 .ARM.attributes
                0x00000000000004a3       0x2d c:/st/stm32cubeide_1.11.2/stm32cubeide/plugins/com.st.stm32cube.ide.mcu.externaltools.gnu-tools-for-stm32.10.3-2021.10.win32_1.0.100.202210260954/tools/bin/../lib/gcc/arm-none-eabi/10.3.1/../../../../arm-none-eabi/lib/thumb/v7-m/nofp\libc_nano.a(lib_a-errno.o)
 .ARM.attributes
                0x00000000000004d0       0x2d c:/st/stm32cubeide_1.11.2/stm32cubeide/plugins/com.st.stm32cube.ide.mcu.externaltools.gnu-tools-for-stm32.10.3-2021.10.win32_1.0.100.202210260954/tools/bin/../lib/gcc/arm-none-eabi/10.3.1/../../../../arm-none-eabi/lib/thumb/v7-m/nofp\libc_nano.a(lib_a-impure.o)
 .ARM.attributes
                0x00000000000004fd       0x2d c:/st/stm32cubeide_1.11.2/stm32cubeide/plugins/com.st.stm32cube.ide.mcu.externaltools.gnu-tools-for-stm32.10.3-2021.10.win32_1.0.100.202210260954/tools/bin/../lib/gcc/arm-none-eabi/10.3.1/../../../../arm-none-eabi/lib/thumb/v7-m/nofp\libc_nano.a(lib_a-init.o)
 .ARM.attributes
                0x000000000000052a       0x2d c:/st/stm32cubeide_1.11.2/stm32cubeide/plugins/com.st.stm32cube.ide.mcu.externaltools.gnu-tools-for-stm32.10.3-2021.10.win32_1.0.100.202210260954/tools/bin/../lib/gcc/arm-none-eabi/10.3.1/../../../../arm-none-eabi/lib/thumb/v7-m/nofp\libc_nano.a(lib_a-memcpy-stub.o)
 .ARM.attributes
                0x0000000000000557       0x2d c:/st/stm32cubeide_1.11.2/stm32cubeide/plugins/com.st.stm32cube.ide.mcu.externaltools.gnu-tools-for-stm32.10.3-2021.10.win32_1.0.100.202210260954/tools/bin/../lib/gcc/arm-none-eabi/10.3.1/../../../../arm-none-eabi/lib/thumb/v7-m/nofp\libc_nano.a(lib_a-memset.o)
 .ARM.attributes
                0x0000000000000584       0x2d c:/st/stm32cubeide_1.11.2/stm32cubeide/plugins/com.st.stm32cube.ide.mcu.externaltools.gnu-tools-for-stm32.10.3-2021.10.win32_1.0.100.202210260954/tools/bin/../lib/gcc/arm-none-eabi/10.3.1/../../../../arm-none-eabi/lib/thumb/v7-m/nofp\libc_nano.a(lib_a-sprintf.o)
 .ARM.attributes
                0x00000000000005b1       0x17 c:/st/stm32cubeide_1.11.2/stm32cubeide/plugins/com.st.stm32cube.ide.mcu.externaltools.gnu-tools-for-stm32.10.3-2021.10.win32_1.0.100.202210260954/tools/bin/../lib/gcc/arm-none-eabi/10.3.1/../../../../arm-none-eabi/lib/thumb/v7-m/nofp\libc_nano.a(lib_a-strlen.o)
 .ARM.attributes
                0x00000000000005c8       0x2d c:/st/stm32cubeide_1.11.2/stm32cubeide/plugins/com.st.stm32cube.ide.mcu.externaltools.gnu-tools-for-stm32.10.3-2021.10.win32_1.0.100.202210260954/tools/bin/../lib/gcc/arm-none-eabi/10.3.1/../../../../arm-none-eabi/lib/thumb/v7-m/nofp\libc_nano.a(lib_a-strncmp.o)
 .ARM.attributes
                0x00000000000005f5       0x2d c:/st/stm32cubeide_1.11.2/stm32cubeide/plugins/com.st.stm32cube.ide.mcu.externaltools.gnu-tools-for-stm32.10.3-2021.10.win32_1.0.100.202210260954/tools/bin/../lib/gcc/arm-none-eabi/10.3.1/../../../../arm-none-eabi/lib/thumb/v7-m/nofp\libc_nano.a(lib_a-nano-svfprintf.o)
 .ARM.attributes
                0x0000000000000622       0x2d c:/st/stm32cubeide_1.11.2/stm32cubeide/plugins/com.st.stm32cube.ide.mcu.externaltools.gnu-tools-for-stm32.10.3-2021.10.win32_1.0.100.202210260954/tools/bin/../lib/gcc/arm-none-eabi/10.3.1/../../../../arm-none-eabi/lib/thumb/v7-m/nofp\libc_nano.a(lib_a-nano-vfprintf_i.o)
 .ARM.attributes
                0x000000000000064f       0x2d c:/st/stm32cubeide_1.11.2/stm32cubeide/plugins/com.st.stm32cube.ide.mcu.externaltools.gnu-tools-for-stm32.10.3-2021.10.win32_1.0.100.202210260954/tools/bin/../lib/gcc/arm-none-eabi/10.3.1/../../../../arm-none-eabi/lib/thumb/v7-m/nofp\libc_nano.a(lib_a-memchr-stub.o)
 .ARM.attributes
                0x000000000000067c       0x2d c:/st/stm32cubeide_1.11.2/stm32cubeide/plugins/com.st.stm32cube.ide.mcu.externaltools.gnu-tools-for-stm32.10.3-2021.10.win32_1.0.100.202210260954/tools/bin/../lib/gcc/arm-none-eabi/10.3.1/../../../../arm-none-eabi/lib/thumb/v7-m/nofp\libc_nano.a(lib_a-memmove.o)
 .ARM.attributes
                0x00000000000006a9       0x2d c:/st/stm32cubeide_1.11.2/stm32cubeide/plugins/com.st.stm32cube.ide.mcu.externaltools.gnu-tools-for-stm32.10.3-2021.10.win32_1.0.100.202210260954/tools/bin/../lib/gcc/arm-none-eabi/10.3.1/../../../../arm-none-eabi/lib/thumb/v7-m/nofp\libc_nano.a(lib_a-nano-freer.o)
 .ARM.attributes
                0x00000000000006d6       0x2d c:/st/stm32cubeide_1.11.2/stm32cubeide/plugins/com.st.stm32cube.ide.mcu.externaltools.gnu-tools-for-stm32.10.3-2021.10.win32_1.0.100.202210260954/tools/bin/../lib/gcc/arm-none-eabi/10.3.1/../../../../arm-none-eabi/lib/thumb/v7-m/nofp\libc_nano.a(lib_a-nano-mallocr.o)
 .ARM.attributes
                0x0000000000000703       0x2d c:/st/stm32cubeide_1.11.2/stm32cubeide/plugins/com.st.stm32cube.ide.mcu.externaltools.gnu-tools-for-stm32.10.3-2021.10.win32_1.0.100.202210260954/tools/bin/../lib/gcc/arm-none-eabi/10.3.1/../../../../arm-none-eabi/lib/thumb/v7-m/nofp\libc_nano.a(lib_a-nano-reallocr.o)
 .ARM.attributes
                0x0000000000000730       0x2d c:/st/stm32cubeide_1.11.2/stm32cubeide/plugins/com.st.stm32cube.ide.mcu.externaltools.gnu-tools-for-stm32.10.3-2021.10.win32_1.0.100.202210260954/tools/bin/../lib/gcc/arm-none-eabi/10.3.1/../../../../arm-none-eabi/lib/thumb/v7-m/nofp\libc_nano.a(lib_a-sbrkr.o)
 .ARM.attributes
                0x000000000000075d       0x2d c:/st/stm32cubeide_1.11.2/stm32cubeide/plugins/com.st.stm32cube.ide.mcu.externaltools.gnu-tools-for-stm32.10.3-2021.10.win32_1.0.100.202210260954/tools/bin/../lib/gcc/arm-none-eabi/10.3.1/../../../../arm-none-eabi/lib/thumb/v7-m/nofp\libc_nano.a(lib_a-mlock.o)
 .ARM.attributes
                0x000000000000078a       0x2d c:/st/stm32cubeide_1.11.2/stm32cubeide/plugins/com.st.stm32cube.ide.mcu.externaltools.gnu-tools-for-stm32.10.3-2021.10.win32_1.0.100.202210260954/tools/bin/../lib/gcc/arm-none-eabi/10.3.1/../../../../arm-none-eabi/lib/thumb/v7-m/nofp\libc_nano.a(lib_a-nano-msizer.o)
 .ARM.attributes
                0x00000000000007b7       0x2d c:/st/stm32cubeide_1.11.2/stm32cubeide/plugins/com.st.stm32cube.ide.mcu.externaltools.gnu-tools-for-stm32.10.3-2021.10.win32_1.0.100.202210260954/tools/bin/../lib/gcc/arm-none-eabi/10.3.1/../../../../arm-none-eabi/lib/thumb/v7-m/nofp\libc_nano.a(lib_a-reent.o)
 .ARM.attributes
                0x00000000000007e4       0x2d c:/st/stm32cubeide_1.11.2/stm32cubeide/plugins/com.st.stm32cube.ide.mcu.externaltools.gnu-tools-for-stm32.10.3-2021.10.win32_1.0.100.202210260954/tools/bin/../lib/gcc/arm-none-eabi/10.3.1/../../../../arm-none-eabi/lib/thumb/v7-m/nofp\libc_nano.a(lib_a-lock.o)
 .ARM.attributes
                0x0000000000000811       0x1d c:/st/stm32cubeide_1.11.2/stm32cubeide/plugins/com.st.stm32cube.ide.mcu.externaltools.gnu-tools-for-stm32.10.3-2021.10.win32_1.0.100.202210260954/tools/bin/../lib/gcc/arm-none-eabi/10.3.1/thumb/v7-m/nofp/crtn.o
OUTPUT(MQTT-Client.elf elf32-littlearm)
LOAD linker stubs
LOAD c:/st/stm32cubeide_1.11.2/stm32cubeide/plugins/com.st.stm32cube.ide.mcu.externaltools.gnu-tools-for-stm32.10.3-2021.10.win32_1.0.100.202210260954/tools/bin/../lib/gcc/arm-none-eabi/10.3.1/../../../../arm-none-eabi/lib/thumb/v7-m/nofp\libc.a
LOAD c:/st/stm32cubeide_1.11.2/stm32cubeide/plugins/com.st.stm32cube.ide.mcu.externaltools.gnu-tools-for-stm32.10.3-2021.10.win32_1.0.100.202210260954/tools/bin/../lib/gcc/arm-none-eabi/10.3.1/../../../../arm-none-eabi/lib/thumb/v7-m/nofp\libm.a
LOAD c:/st/stm32cubeide_1.11.2/stm32cubeide/plugins/com.st.stm32cube.ide.mcu.externaltools.gnu-tools-for-stm32.10.3-2021.10.win32_1.0.100.202210260954/tools/bin/../lib/gcc/arm-none-eabi/10.3.1/thumb/v7-m/nofp\libgcc.a

.debug_info     0x0000000000000000    0x10dba
 .debug_info    0x0000000000000000     0x122d ./Core/Src/MQTTClient.o
 .debug_info    0x000000000000122d      0x74c ./Core/Src/MQTTConnectClient.o
 .debug_info    0x0000000000001979      0x3f8 ./Core/Src/MQTTDeserializePublish.o
 .debug_info    0x0000000000001d71      0x866 ./Core/Src/MQTTPacket.o
 .debug_info    0x00000000000025d7      0x576 ./Core/Src/MQTTSerializePublish.o
 .debug_info    0x0000000000002b4d      0x4cd ./Core/Src/MQTTSubscribeClient.o
 .debug_info    0x000000000000301a     0x18f7 ./Core/Src/main.o
 .debug_info    0x0000000000004911      0x581 ./Core/Src/mqtt_interface.o
 .debug_info    0x0000000000004e92      0x78a ./Core/Src/socket.o
 .debug_info    0x000000000000561c      0xd3f ./Core/Src/stm32f1xx_hal_msp.o
 .debug_info    0x000000000000635b      0x9fa ./Core/Src/stm32f1xx_it.o
 .debug_info    0x0000000000006d55      0x171 ./Core/Src/sysmem.o
 .debug_info    0x0000000000006ec6      0x23d ./Core/Src/system_stm32f1xx.o
 .debug_info    0x0000000000007103      0x586 ./Core/Src/w5500.o
 .debug_info    0x0000000000007689      0x9f8 ./Core/Src/w5500_interface.o
 .debug_info    0x0000000000008081      0xd36 ./Core/Src/wizchip_conf.o
 .debug_info    0x0000000000008db7       0x22 ./Core/Startup/startup_stm32f103c8tx.o
 .debug_info    0x0000000000008dd9      0x734 ./Drivers/STM32F1xx_HAL_Driver/Src/stm32f1xx_hal.o
 .debug_info    0x000000000000950d      0xb20 ./Drivers/STM32F1xx_HAL_Driver/Src/stm32f1xx_hal_cortex.o
 .debug_info    0x000000000000a02d      0x744 ./Drivers/STM32F1xx_HAL_Driver/Src/stm32f1xx_hal_dma.o
 .debug_info    0x000000000000a771      0x615 ./Drivers/STM32F1xx_HAL_Driver/Src/stm32f1xx_hal_gpio.o
 .debug_info    0x000000000000ad86      0x865 ./Drivers/STM32F1xx_HAL_Driver/Src/stm32f1xx_hal_rcc.o
 .debug_info    0x000000000000b5eb     0x165d ./Drivers/STM32F1xx_HAL_Driver/Src/stm32f1xx_hal_spi.o
 .debug_info    0x000000000000cc48     0x2bab ./Drivers/STM32F1xx_HAL_Driver/Src/stm32f1xx_hal_tim.o
 .debug_info    0x000000000000f7f3     0x15c7 ./Drivers/STM32F1xx_HAL_Driver/Src/stm32f1xx_hal_tim_ex.o

.debug_abbrev   0x0000000000000000     0x3286
 .debug_abbrev  0x0000000000000000      0x304 ./Core/Src/MQTTClient.o
 .debug_abbrev  0x0000000000000304      0x1d1 ./Core/Src/MQTTConnectClient.o
 .debug_abbrev  0x00000000000004d5      0x18b ./Core/Src/MQTTDeserializePublish.o
 .debug_abbrev  0x0000000000000660      0x2a5 ./Core/Src/MQTTPacket.o
 .debug_abbrev  0x0000000000000905      0x1b5 ./Core/Src/MQTTSerializePublish.o
 .debug_abbrev  0x0000000000000aba      0x1a9 ./Core/Src/MQTTSubscribeClient.o
 .debug_abbrev  0x0000000000000c63      0x355 ./Core/Src/main.o
 .debug_abbrev  0x0000000000000fb8      0x1bf ./Core/Src/mqtt_interface.o
 .debug_abbrev  0x0000000000001177      0x1ae ./Core/Src/socket.o
 .debug_abbrev  0x0000000000001325      0x1c5 ./Core/Src/stm32f1xx_hal_msp.o
 .debug_abbrev  0x00000000000014ea      0x1aa ./Core/Src/stm32f1xx_it.o
 .debug_abbrev  0x0000000000001694       0xbb ./Core/Src/sysmem.o
 .debug_abbrev  0x000000000000174f      0x13b ./Core/Src/system_stm32f1xx.o
 .debug_abbrev  0x000000000000188a      0x211 ./Core/Src/w5500.o
 .debug_abbrev  0x0000000000001a9b      0x248 ./Core/Src/w5500_interface.o
 .debug_abbrev  0x0000000000001ce3      0x30a ./Core/Src/wizchip_conf.o
 .debug_abbrev  0x0000000000001fed       0x12 ./Core/Startup/startup_stm32f103c8tx.o
 .debug_abbrev  0x0000000000001fff      0x1fb ./Drivers/STM32F1xx_HAL_Driver/Src/stm32f1xx_hal.o
 .debug_abbrev  0x00000000000021fa      0x2ed ./Drivers/STM32F1xx_HAL_Driver/Src/stm32f1xx_hal_cortex.o
 .debug_abbrev  0x00000000000024e7      0x1fe ./Drivers/STM32F1xx_HAL_Driver/Src/stm32f1xx_hal_dma.o
 .debug_abbrev  0x00000000000026e5      0x1bb ./Drivers/STM32F1xx_HAL_Driver/Src/stm32f1xx_hal_gpio.o
 .debug_abbrev  0x00000000000028a0      0x2a8 ./Drivers/STM32F1xx_HAL_Driver/Src/stm32f1xx_hal_rcc.o
 .debug_abbrev  0x0000000000002b48      0x26e ./Drivers/STM32F1xx_HAL_Driver/Src/stm32f1xx_hal_spi.o
 .debug_abbrev  0x0000000000002db6      0x264 ./Drivers/STM32F1xx_HAL_Driver/Src/stm32f1xx_hal_tim.o
 .debug_abbrev  0x000000000000301a      0x26c ./Drivers/STM32F1xx_HAL_Driver/Src/stm32f1xx_hal_tim_ex.o

.debug_aranges  0x0000000000000000     0x10e8
 .debug_aranges
                0x0000000000000000       0xa8 ./Core/Src/MQTTClient.o
 .debug_aranges
                0x00000000000000a8       0x48 ./Core/Src/MQTTConnectClient.o
 .debug_aranges
                0x00000000000000f0       0x28 ./Core/Src/MQTTDeserializePublish.o
 .debug_aranges
                0x0000000000000118       0xa8 ./Core/Src/MQTTPacket.o
 .debug_aranges
                0x00000000000001c0       0x48 ./Core/Src/MQTTSerializePublish.o
 .debug_aranges
                0x0000000000000208       0x30 ./Core/Src/MQTTSubscribeClient.o
 .debug_aranges
                0x0000000000000238       0x70 ./Core/Src/main.o
 .debug_aranges
                0x00000000000002a8       0x70 ./Core/Src/mqtt_interface.o
 .debug_aranges
                0x0000000000000318       0x78 ./Core/Src/socket.o
 .debug_aranges
                0x0000000000000390       0x40 ./Core/Src/stm32f1xx_hal_msp.o
 .debug_aranges
                0x00000000000003d0       0x78 ./Core/Src/stm32f1xx_it.o
 .debug_aranges
                0x0000000000000448       0x20 ./Core/Src/sysmem.o
 .debug_aranges
                0x0000000000000468       0x28 ./Core/Src/system_stm32f1xx.o
 .debug_aranges
                0x0000000000000490       0x60 ./Core/Src/w5500.o
 .debug_aranges
                0x00000000000004f0       0x48 ./Core/Src/w5500_interface.o
 .debug_aranges
                0x0000000000000538      0x138 ./Core/Src/wizchip_conf.o
 .debug_aranges
                0x0000000000000670       0x28 ./Core/Startup/startup_stm32f103c8tx.o
 .debug_aranges
                0x0000000000000698       0xe0 ./Drivers/STM32F1xx_HAL_Driver/Src/stm32f1xx_hal.o
 .debug_aranges
                0x0000000000000778      0x100 ./Drivers/STM32F1xx_HAL_Driver/Src/stm32f1xx_hal_cortex.o
 .debug_aranges
                0x0000000000000878       0x80 ./Drivers/STM32F1xx_HAL_Driver/Src/stm32f1xx_hal_dma.o
 .debug_aranges
                0x00000000000008f8       0x58 ./Drivers/STM32F1xx_HAL_Driver/Src/stm32f1xx_hal_gpio.o
 .debug_aranges
                0x0000000000000950       0x90 ./Drivers/STM32F1xx_HAL_Driver/Src/stm32f1xx_hal_rcc.o
 .debug_aranges
                0x00000000000009e0      0x1d0 ./Drivers/STM32F1xx_HAL_Driver/Src/stm32f1xx_hal_spi.o
 .debug_aranges
                0x0000000000000bb0      0x3d0 ./Drivers/STM32F1xx_HAL_Driver/Src/stm32f1xx_hal_tim.o
 .debug_aranges
                0x0000000000000f80      0x168 ./Drivers/STM32F1xx_HAL_Driver/Src/stm32f1xx_hal_tim_ex.o

.debug_ranges   0x0000000000000000      0xff8
 .debug_ranges  0x0000000000000000       0xe8 ./Core/Src/MQTTClient.o
 .debug_ranges  0x00000000000000e8       0x38 ./Core/Src/MQTTConnectClient.o
 .debug_ranges  0x0000000000000120       0x18 ./Core/Src/MQTTDeserializePublish.o
 .debug_ranges  0x0000000000000138       0xc8 ./Core/Src/MQTTPacket.o
 .debug_ranges  0x0000000000000200       0x38 ./Core/Src/MQTTSerializePublish.o
 .debug_ranges  0x0000000000000238       0x20 ./Core/Src/MQTTSubscribeClient.o
 .debug_ranges  0x0000000000000258       0x60 ./Core/Src/main.o
 .debug_ranges  0x00000000000002b8       0x60 ./Core/Src/mqtt_interface.o
 .debug_ranges  0x0000000000000318       0x80 ./Core/Src/socket.o
 .debug_ranges  0x0000000000000398       0x30 ./Core/Src/stm32f1xx_hal_msp.o
 .debug_ranges  0x00000000000003c8       0x68 ./Core/Src/stm32f1xx_it.o
 .debug_ranges  0x0000000000000430       0x10 ./Core/Src/sysmem.o
 .debug_ranges  0x0000000000000440       0x18 ./Core/Src/system_stm32f1xx.o
 .debug_ranges  0x0000000000000458       0x50 ./Core/Src/w5500.o
 .debug_ranges  0x00000000000004a8       0x38 ./Core/Src/w5500_interface.o
 .debug_ranges  0x00000000000004e0      0x128 ./Core/Src/wizchip_conf.o
 .debug_ranges  0x0000000000000608       0x20 ./Core/Startup/startup_stm32f103c8tx.o
 .debug_ranges  0x0000000000000628       0xd0 ./Drivers/STM32F1xx_HAL_Driver/Src/stm32f1xx_hal.o
 .debug_ranges  0x00000000000006f8       0xf0 ./Drivers/STM32F1xx_HAL_Driver/Src/stm32f1xx_hal_cortex.o
 .debug_ranges  0x00000000000007e8       0x70 ./Drivers/STM32F1xx_HAL_Driver/Src/stm32f1xx_hal_dma.o
 .debug_ranges  0x0000000000000858       0x48 ./Drivers/STM32F1xx_HAL_Driver/Src/stm32f1xx_hal_gpio.o
 .debug_ranges  0x00000000000008a0       0x80 ./Drivers/STM32F1xx_HAL_Driver/Src/stm32f1xx_hal_rcc.o
 .debug_ranges  0x0000000000000920      0x1c0 ./Drivers/STM32F1xx_HAL_Driver/Src/stm32f1xx_hal_spi.o
 .debug_ranges  0x0000000000000ae0      0x3c0 ./Drivers/STM32F1xx_HAL_Driver/Src/stm32f1xx_hal_tim.o
 .debug_ranges  0x0000000000000ea0      0x158 ./Drivers/STM32F1xx_HAL_Driver/Src/stm32f1xx_hal_tim_ex.o

.debug_macro    0x0000000000000000    0x197d2
 .debug_macro   0x0000000000000000      0x205 ./Core/Src/MQTTClient.o
 .debug_macro   0x0000000000000205      0xa6c ./Core/Src/MQTTClient.o
 .debug_macro   0x0000000000000c71       0x16 ./Core/Src/MQTTClient.o
 .debug_macro   0x0000000000000c87       0x1c ./Core/Src/MQTTClient.o
 .debug_macro   0x0000000000000ca3       0x16 ./Core/Src/MQTTClient.o
 .debug_macro   0x0000000000000cb9       0x22 ./Core/Src/MQTTClient.o
 .debug_macro   0x0000000000000cdb       0x4c ./Core/Src/MQTTClient.o
 .debug_macro   0x0000000000000d27       0x18 ./Core/Src/MQTTClient.o
 .debug_macro   0x0000000000000d3f       0x94 ./Core/Src/MQTTClient.o
 .debug_macro   0x0000000000000dd3       0x3c ./Core/Src/MQTTClient.o
 .debug_macro   0x0000000000000e0f       0x34 ./Core/Src/MQTTClient.o
 .debug_macro   0x0000000000000e43       0x16 ./Core/Src/MQTTClient.o
 .debug_macro   0x0000000000000e59       0x57 ./Core/Src/MQTTClient.o
 .debug_macro   0x0000000000000eb0       0x97 ./Core/Src/MQTTClient.o
 .debug_macro   0x0000000000000f47      0x341 ./Core/Src/MQTTClient.o
 .debug_macro   0x0000000000001288       0xfd ./Core/Src/MQTTClient.o
 .debug_macro   0x0000000000001385       0x10 ./Core/Src/MQTTClient.o
 .debug_macro   0x0000000000001395       0x16 ./Core/Src/MQTTClient.o
 .debug_macro   0x00000000000013ab       0x43 ./Core/Src/MQTTClient.o
 .debug_macro   0x00000000000013ee       0x34 ./Core/Src/MQTTClient.o
 .debug_macro   0x0000000000001422       0x10 ./Core/Src/MQTTClient.o
 .debug_macro   0x0000000000001432       0x58 ./Core/Src/MQTTClient.o
 .debug_macro   0x000000000000148a       0x71 ./Core/Src/MQTTClient.o
 .debug_macro   0x00000000000014fb       0x1c ./Core/Src/MQTTClient.o
 .debug_macro   0x0000000000001517      0x12a ./Core/Src/MQTTClient.o
 .debug_macro   0x0000000000001641       0x10 ./Core/Src/MQTTClient.o
 .debug_macro   0x0000000000001651       0x6a ./Core/Src/MQTTClient.o
 .debug_macro   0x00000000000016bb       0x1c ./Core/Src/MQTTClient.o
 .debug_macro   0x00000000000016d7       0x52 ./Core/Src/MQTTClient.o
 .debug_macro   0x0000000000001729       0x22 ./Core/Src/MQTTClient.o
 .debug_macro   0x000000000000174b       0x10 ./Core/Src/MQTTClient.o
 .debug_macro   0x000000000000175b       0x52 ./Core/Src/MQTTClient.o
 .debug_macro   0x00000000000017ad       0xd5 ./Core/Src/MQTTClient.o
 .debug_macro   0x0000000000001882       0x1c ./Core/Src/MQTTClient.o
 .debug_macro   0x000000000000189e       0x3d ./Core/Src/MQTTClient.o
 .debug_macro   0x00000000000018db       0x16 ./Core/Src/MQTTClient.o
 .debug_macro   0x00000000000018f1      0x145 ./Core/Src/MQTTClient.o
 .debug_macro   0x0000000000001a36       0x4c ./Core/Src/MQTTClient.o
 .debug_macro   0x0000000000001a82       0x16 ./Core/Src/MQTTClient.o
 .debug_macro   0x0000000000001a98      0x220 ./Core/Src/MQTTConnectClient.o
 .debug_macro   0x0000000000001cb8       0x16 ./Core/Src/MQTTConnectClient.o
 .debug_macro   0x0000000000001cce       0x35 ./Core/Src/MQTTConnectClient.o
 .debug_macro   0x0000000000001d03       0x20 ./Core/Src/MQTTConnectClient.o
 .debug_macro   0x0000000000001d23      0x226 ./Core/Src/MQTTDeserializePublish.o
 .debug_macro   0x0000000000001f49      0x226 ./Core/Src/MQTTPacket.o
 .debug_macro   0x000000000000216f      0x220 ./Core/Src/MQTTSerializePublish.o
 .debug_macro   0x000000000000238f      0x220 ./Core/Src/MQTTSubscribeClient.o
 .debug_macro   0x00000000000025af      0x384 ./Core/Src/main.o
 .debug_macro   0x0000000000002933      0x21b ./Core/Src/main.o
 .debug_macro   0x0000000000002b4e       0x2e ./Core/Src/main.o
 .debug_macro   0x0000000000002b7c       0x22 ./Core/Src/main.o
 .debug_macro   0x0000000000002b9e       0x8e ./Core/Src/main.o
 .debug_macro   0x0000000000002c2c       0x51 ./Core/Src/main.o
 .debug_macro   0x0000000000002c7d      0x103 ./Core/Src/main.o
 .debug_macro   0x0000000000002d80      0x1df ./Core/Src/main.o
 .debug_macro   0x0000000000002f5f       0x1c ./Core/Src/main.o
 .debug_macro   0x0000000000002f7b       0x22 ./Core/Src/main.o
 .debug_macro   0x0000000000002f9d       0xbd ./Core/Src/main.o
 .debug_macro   0x000000000000305a      0xd23 ./Core/Src/main.o
 .debug_macro   0x0000000000003d7d     0xe09e ./Core/Src/main.o
 .debug_macro   0x0000000000011e1b       0x6d ./Core/Src/main.o
 .debug_macro   0x0000000000011e88     0x348d ./Core/Src/main.o
 .debug_macro   0x0000000000015315      0x174 ./Core/Src/main.o
 .debug_macro   0x0000000000015489       0x5c ./Core/Src/main.o
 .debug_macro   0x00000000000154e5      0x5bc ./Core/Src/main.o
 .debug_macro   0x0000000000015aa1      0x289 ./Core/Src/main.o
 .debug_macro   0x0000000000015d2a      0x1cb ./Core/Src/main.o
 .debug_macro   0x0000000000015ef5      0x114 ./Core/Src/main.o
 .debug_macro   0x0000000000016009      0x1b2 ./Core/Src/main.o
 .debug_macro   0x00000000000161bb       0x27 ./Core/Src/main.o
 .debug_macro   0x00000000000161e2      0x136 ./Core/Src/main.o
 .debug_macro   0x0000000000016318      0x1bc ./Core/Src/main.o
 .debug_macro   0x00000000000164d4       0x34 ./Core/Src/main.o
 .debug_macro   0x0000000000016508       0x3c ./Core/Src/main.o
 .debug_macro   0x0000000000016544       0x57 ./Core/Src/main.o
 .debug_macro   0x000000000001659b       0x87 ./Core/Src/main.o
 .debug_macro   0x0000000000016622      0x240 ./Core/Src/main.o
 .debug_macro   0x0000000000016862      0x140 ./Core/Src/main.o
 .debug_macro   0x00000000000169a2      0x217 ./Core/Src/main.o
 .debug_macro   0x0000000000016bb9      0x8ed ./Core/Src/main.o
 .debug_macro   0x00000000000174a6       0x83 ./Core/Src/main.o
 .debug_macro   0x0000000000017529       0x52 ./Core/Src/main.o
 .debug_macro   0x000000000001757b       0x96 ./Core/Src/mqtt_interface.o
 .debug_macro   0x0000000000017611       0x66 ./Core/Src/mqtt_interface.o
 .debug_macro   0x0000000000017677      0x5e7 ./Core/Src/mqtt_interface.o
 .debug_macro   0x0000000000017c5e       0x66 ./Core/Src/mqtt_interface.o
 .debug_macro   0x0000000000017cc4       0xb8 ./Core/Src/socket.o
 .debug_macro   0x0000000000017d7c       0xd8 ./Core/Src/socket.o
 .debug_macro   0x0000000000017e54      0x1ad ./Core/Src/stm32f1xx_hal_msp.o
 .debug_macro   0x0000000000018001      0x1b7 ./Core/Src/stm32f1xx_it.o
 .debug_macro   0x00000000000181b8       0xff ./Core/Src/sysmem.o
 .debug_macro   0x00000000000182b7      0x23b ./Core/Src/sysmem.o
 .debug_macro   0x00000000000184f2      0x1a3 ./Core/Src/system_stm32f1xx.o
 .debug_macro   0x0000000000018695       0x9d ./Core/Src/w5500.o
 .debug_macro   0x0000000000018732       0x6c ./Core/Src/w5500.o
 .debug_macro   0x000000000001879e      0x1de ./Core/Src/w5500_interface.o
 .debug_macro   0x000000000001897c       0x94 ./Core/Src/wizchip_conf.o
 .debug_macro   0x0000000000018a10      0x1c7 ./Drivers/STM32F1xx_HAL_Driver/Src/stm32f1xx_hal.o
 .debug_macro   0x0000000000018bd7      0x1a3 ./Drivers/STM32F1xx_HAL_Driver/Src/stm32f1xx_hal_cortex.o
 .debug_macro   0x0000000000018d7a      0x1a3 ./Drivers/STM32F1xx_HAL_Driver/Src/stm32f1xx_hal_dma.o
 .debug_macro   0x0000000000018f1d      0x20e ./Drivers/STM32F1xx_HAL_Driver/Src/stm32f1xx_hal_gpio.o
 .debug_macro   0x000000000001912b      0x1b5 ./Drivers/STM32F1xx_HAL_Driver/Src/stm32f1xx_hal_rcc.o
 .debug_macro   0x00000000000192e0      0x1ab ./Drivers/STM32F1xx_HAL_Driver/Src/stm32f1xx_hal_spi.o
 .debug_macro   0x000000000001948b      0x1a4 ./Drivers/STM32F1xx_HAL_Driver/Src/stm32f1xx_hal_tim.o
 .debug_macro   0x000000000001962f      0x1a3 ./Drivers/STM32F1xx_HAL_Driver/Src/stm32f1xx_hal_tim_ex.o

.debug_line     0x0000000000000000    0x12736
 .debug_line    0x0000000000000000      0xcf2 ./Core/Src/MQTTClient.o
 .debug_line    0x0000000000000cf2      0x825 ./Core/Src/MQTTConnectClient.o
 .debug_line    0x0000000000001517      0x6da ./Core/Src/MQTTDeserializePublish.o
 .debug_line    0x0000000000001bf1      0xa5a ./Core/Src/MQTTPacket.o
 .debug_line    0x000000000000264b      0x718 ./Core/Src/MQTTSerializePublish.o
 .debug_line    0x0000000000002d63      0x749 ./Core/Src/MQTTSubscribeClient.o
 .debug_line    0x00000000000034ac      0xbaa ./Core/Src/main.o
 .debug_line    0x0000000000004056      0x534 ./Core/Src/mqtt_interface.o
 .debug_line    0x000000000000458a      0xd47 ./Core/Src/socket.o
 .debug_line    0x00000000000052d1      0x709 ./Core/Src/stm32f1xx_hal_msp.o
 .debug_line    0x00000000000059da      0x783 ./Core/Src/stm32f1xx_it.o
 .debug_line    0x000000000000615d      0x4f4 ./Core/Src/sysmem.o
 .debug_line    0x0000000000006651      0x6f7 ./Core/Src/system_stm32f1xx.o
 .debug_line    0x0000000000006d48      0x6d3 ./Core/Src/w5500.o
 .debug_line    0x000000000000741b      0x759 ./Core/Src/w5500_interface.o
 .debug_line    0x0000000000007b74      0xad4 ./Core/Src/wizchip_conf.o
 .debug_line    0x0000000000008648       0x86 ./Core/Startup/startup_stm32f103c8tx.o
 .debug_line    0x00000000000086ce      0x924 ./Drivers/STM32F1xx_HAL_Driver/Src/stm32f1xx_hal.o
 .debug_line    0x0000000000008ff2      0xb0c ./Drivers/STM32F1xx_HAL_Driver/Src/stm32f1xx_hal_cortex.o
 .debug_line    0x0000000000009afe      0xd7d ./Drivers/STM32F1xx_HAL_Driver/Src/stm32f1xx_hal_dma.o
 .debug_line    0x000000000000a87b      0x9bd ./Drivers/STM32F1xx_HAL_Driver/Src/stm32f1xx_hal_gpio.o
 .debug_line    0x000000000000b238      0xd30 ./Drivers/STM32F1xx_HAL_Driver/Src/stm32f1xx_hal_rcc.o
 .debug_line    0x000000000000bf68     0x1ba5 ./Drivers/STM32F1xx_HAL_Driver/Src/stm32f1xx_hal_spi.o
 .debug_line    0x000000000000db0d     0x33af ./Drivers/STM32F1xx_HAL_Driver/Src/stm32f1xx_hal_tim.o
 .debug_line    0x0000000000010ebc     0x187a ./Drivers/STM32F1xx_HAL_Driver/Src/stm32f1xx_hal_tim_ex.o

.debug_str      0x0000000000000000    0x8e8a2
 .debug_str     0x0000000000000000     0x7a38 ./Core/Src/MQTTClient.o
                                       0x7c4c (size before relaxing)
 .debug_str     0x0000000000007a38      0x1a2 ./Core/Src/MQTTConnectClient.o
                                       0x78df (size before relaxing)
 .debug_str     0x0000000000007bda       0x5a ./Core/Src/MQTTDeserializePublish.o
                                       0x7718 (size before relaxing)
 .debug_str     0x0000000000007c34       0xfa ./Core/Src/MQTTPacket.o
                                       0x77df (size before relaxing)
 .debug_str     0x0000000000007d2e       0x7f ./Core/Src/MQTTSerializePublish.o
                                       0x77bc (size before relaxing)
 .debug_str     0x0000000000007dad       0x70 ./Core/Src/MQTTSubscribeClient.o
                                       0x77b7 (size before relaxing)
 .debug_str     0x0000000000007e1d    0x80343 ./Core/Src/main.o
                                      0x87e99 (size before relaxing)
 .debug_str     0x0000000000088160     0x2c09 ./Core/Src/mqtt_interface.o
                                       0x68d3 (size before relaxing)
 .debug_str     0x000000000008ad69      0x7a8 ./Core/Src/socket.o
                                       0x6f47 (size before relaxing)
 .debug_str     0x000000000008b511       0xad ./Core/Src/stm32f1xx_hal_msp.o
                                      0x83754 (size before relaxing)
 .debug_str     0x000000000008b5be      0x139 ./Core/Src/stm32f1xx_it.o
                                      0x8344e (size before relaxing)
 .debug_str     0x000000000008b6f7      0x4da ./Core/Src/sysmem.o
                                       0x5d63 (size before relaxing)
 .debug_str     0x000000000008bbd1       0x7e ./Core/Src/system_stm32f1xx.o
                                      0x82d24 (size before relaxing)
 .debug_str     0x000000000008bc4f      0x116 ./Core/Src/w5500.o
                                       0x6902 (size before relaxing)
 .debug_str     0x000000000008bd65      0x140 ./Core/Src/w5500_interface.o
                                      0x8611f (size before relaxing)
 .debug_str     0x000000000008bea5      0x5a6 ./Core/Src/wizchip_conf.o
                                       0x71be (size before relaxing)
 .debug_str     0x000000000008c44b       0x36 ./Core/Startup/startup_stm32f103c8tx.o
                                         0x7d (size before relaxing)
 .debug_str     0x000000000008c481      0x36e ./Drivers/STM32F1xx_HAL_Driver/Src/stm32f1xx_hal.o
                                      0x83457 (size before relaxing)
 .debug_str     0x000000000008c7ef      0x294 ./Drivers/STM32F1xx_HAL_Driver/Src/stm32f1xx_hal_cortex.o
                                      0x833a3 (size before relaxing)
 .debug_str     0x000000000008ca83      0x235 ./Drivers/STM32F1xx_HAL_Driver/Src/stm32f1xx_hal_dma.o
                                      0x830cd (size before relaxing)
 .debug_str     0x000000000008ccb8      0x2b9 ./Drivers/STM32F1xx_HAL_Driver/Src/stm32f1xx_hal_gpio.o
                                      0x830aa (size before relaxing)
 .debug_str     0x000000000008cf71      0x229 ./Drivers/STM32F1xx_HAL_Driver/Src/stm32f1xx_hal_rcc.o
                                      0x83153 (size before relaxing)
 .debug_str     0x000000000008d19a      0x503 ./Drivers/STM32F1xx_HAL_Driver/Src/stm32f1xx_hal_spi.o
                                      0x83650 (size before relaxing)
 .debug_str     0x000000000008d69d      0xd72 ./Drivers/STM32F1xx_HAL_Driver/Src/stm32f1xx_hal_tim.o
                                      0x84145 (size before relaxing)
 .debug_str     0x000000000008e40f      0x493 ./Drivers/STM32F1xx_HAL_Driver/Src/stm32f1xx_hal_tim_ex.o
                                      0x83961 (size before relaxing)

.comment        0x0000000000000000       0x50
 .comment       0x0000000000000000       0x50 ./Core/Src/MQTTClient.o
                                         0x51 (size before relaxing)
 .comment       0x0000000000000050       0x51 ./Core/Src/MQTTConnectClient.o
 .comment       0x0000000000000050       0x51 ./Core/Src/MQTTDeserializePublish.o
 .comment       0x0000000000000050       0x51 ./Core/Src/MQTTPacket.o
 .comment       0x0000000000000050       0x51 ./Core/Src/MQTTSerializePublish.o
 .comment       0x0000000000000050       0x51 ./Core/Src/MQTTSubscribeClient.o
 .comment       0x0000000000000050       0x51 ./Core/Src/main.o
 .comment       0x0000000000000050       0x51 ./Core/Src/mqtt_interface.o
 .comment       0x0000000000000050       0x51 ./Core/Src/socket.o
 .comment       0x0000000000000050       0x51 ./Core/Src/stm32f1xx_hal_msp.o
 .comment       0x0000000000000050       0x51 ./Core/Src/stm32f1xx_it.o
 .comment       0x0000000000000050       0x51 ./Core/Src/sysmem.o
 .comment       0x0000000000000050       0x51 ./Core/Src/system_stm32f1xx.o
 .comment       0x0000000000000050       0x51 ./Core/Src/w5500.o
 .comment       0x0000000000000050       0x51 ./Core/Src/w5500_interface.o
 .comment       0x0000000000000050       0x51 ./Core/Src/wizchip_conf.o
 .comment       0x0000000000000050       0x51 ./Drivers/STM32F1xx_HAL_Driver/Src/stm32f1xx_hal.o
 .comment       0x0000000000000050       0x51 ./Drivers/STM32F1xx_HAL_Driver/Src/stm32f1xx_hal_cortex.o
 .comment       0x0000000000000050       0x51 ./Drivers/STM32F1xx_HAL_Driver/Src/stm32f1xx_hal_dma.o
 .comment       0x0000000000000050       0x51 ./Drivers/STM32F1xx_HAL_Driver/Src/stm32f1xx_hal_gpio.o
 .comment       0x0000000000000050       0x51 ./Drivers/STM32F1xx_HAL_Driver/Src/stm32f1xx_hal_rcc.o
 .comment       0x0000000000000050       0x51 ./Drivers/STM32F1xx_HAL_Driver/Src/stm32f1xx_hal_spi.o
 .comment       0x0000000000000050       0x51 ./Drivers/STM32F1xx_HAL_Driver/Src/stm32f1xx_hal_tim.o
 .comment       0x0000000000000050       0x51 ./Drivers/STM32F1xx_HAL_Driver/Src/stm32f1xx_hal_tim_ex.o

.debug_frame    0x0000000000000000     0x48f8
 .debug_frame   0x0000000000000000      0x2d8 ./Core/Src/MQTTClient.o