../Core/Src/main.c:72:6:messageArrived	16	static
../Core/Src/main.c:78:6:configureMQttClient	4	static
../Core/Src/main.c:91:6:HAL_TIM_PeriodElapsedCallback	16	static
../Core/Src/main.c:102:6:HAL_GPIO_EXTI_Callback	24	static
../Core/Src/main.c:135:5:main	256	static
../Core/Src/main.c:215:6:SystemClock_Config	72	static
../Core/Src/main.c:255:13:MX_SPI1_Init	8	static
../Core/Src/main.c:293:13:MX_TIM3_Init	32	static
../Core/Src/main.c:342:13:MX_GPIO_Init	40	static
../Core/Src/main.c:411:6:Error_Handler	4	static,ignoring_inline_asm
