../Core/Src/main.c:43:6:schedule	24	static
../Core/Src/main.c:65:6:messageArrived	16	static
../Core/Src/main.c:70:6:configureMQttClient	4	static
../Core/Src/main.c:83:6:HAL_TIM_PeriodElapsedCallback	16	static
../Core/Src/main.c:93:6:HAL_GPIO_EXTI_Callback	16	static
../Core/Src/main.c:117:5:main	256	static
../Core/Src/main.c:188:6:SystemClock_Config	72	static
../Core/Src/main.c:228:13:MX_SPI1_Init	8	static
../Core/Src/main.c:266:13:MX_TIM3_Init	32	static
../Core/Src/main.c:315:13:MX_GPIO_Init	40	static
../Core/Src/main.c:379:6:Error_Handler	4	static,ignoring_inline_asm
