Archive member included to satisfy reference by file (symbol)

/opt/st/stm32cubeide_1.12.1/plugins/com.st.stm32cube.ide.mcu.externaltools.gnu-tools-for-stm32.10.3-2021.10.linux64_1.0.200.202301161003/tools/bin/../lib/gcc/arm-none-eabi/10.3.1/../../../../arm-none-eabi/lib/thumb/v7-m/nofp/libc_nano.a(lib_a-errno.o)
                              ./Core/Src/syscalls.o (__errno)
/opt/st/stm32cubeide_1.12.1/plugins/com.st.stm32cube.ide.mcu.externaltools.gnu-tools-for-stm32.10.3-2021.10.linux64_1.0.200.202301161003/tools/bin/../lib/gcc/arm-none-eabi/10.3.1/../../../../arm-none-eabi/lib/thumb/v7-m/nofp/libc_nano.a(lib_a-exit.o)
                              /opt/st/stm32cubeide_1.12.1/plugins/com.st.stm32cube.ide.mcu.externaltools.gnu-tools-for-stm32.10.3-2021.10.linux64_1.0.200.202301161003/tools/bin/../lib/gcc/arm-none-eabi/10.3.1/../../../../arm-none-eabi/lib/thumb/v7-m/nofp/crt0.o (exit)
/opt/st/stm32cubeide_1.12.1/plugins/com.st.stm32cube.ide.mcu.externaltools.gnu-tools-for-stm32.10.3-2021.10.linux64_1.0.200.202301161003/tools/bin/../lib/gcc/arm-none-eabi/10.3.1/../../../../arm-none-eabi/lib/thumb/v7-m/nofp/libc_nano.a(lib_a-impure.o)
                              /opt/st/stm32cubeide_1.12.1/plugins/com.st.stm32cube.ide.mcu.externaltools.gnu-tools-for-stm32.10.3-2021.10.linux64_1.0.200.202301161003/tools/bin/../lib/gcc/arm-none-eabi/10.3.1/../../../../arm-none-eabi/lib/thumb/v7-m/nofp/libc_nano.a(lib_a-exit.o) (_global_impure_ptr)
/opt/st/stm32cubeide_1.12.1/plugins/com.st.stm32cube.ide.mcu.externaltools.gnu-tools-for-stm32.10.3-2021.10.linux64_1.0.200.202301161003/tools/bin/../lib/gcc/arm-none-eabi/10.3.1/../../../../arm-none-eabi/lib/thumb/v7-m/nofp/libc_nano.a(lib_a-init.o)
                              /opt/st/stm32cubeide_1.12.1/plugins/com.st.stm32cube.ide.mcu.externaltools.gnu-tools-for-stm32.10.3-2021.10.linux64_1.0.200.202301161003/tools/bin/../lib/gcc/arm-none-eabi/10.3.1/../../../../arm-none-eabi/lib/thumb/v7-m/nofp/crt0.o (__libc_init_array)
/opt/st/stm32cubeide_1.12.1/plugins/com.st.stm32cube.ide.mcu.externaltools.gnu-tools-for-stm32.10.3-2021.10.linux64_1.0.200.202301161003/tools/bin/../lib/gcc/arm-none-eabi/10.3.1/../../../../arm-none-eabi/lib/thumb/v7-m/nofp/libc_nano.a(lib_a-memcmp.o)
                              ./Core/Src/MQTTConnectServer.o (memcmp)
/opt/st/stm32cubeide_1.12.1/plugins/com.st.stm32cube.ide.mcu.externaltools.gnu-tools-for-stm32.10.3-2021.10.linux64_1.0.200.202301161003/tools/bin/../lib/gcc/arm-none-eabi/10.3.1/../../../../arm-none-eabi/lib/thumb/v7-m/nofp/libc_nano.a(lib_a-memcpy-stub.o)
                              ./Core/Src/MQTTClient.o (memcpy)
/opt/st/stm32cubeide_1.12.1/plugins/com.st.stm32cube.ide.mcu.externaltools.gnu-tools-for-stm32.10.3-2021.10.linux64_1.0.200.202301161003/tools/bin/../lib/gcc/arm-none-eabi/10.3.1/../../../../arm-none-eabi/lib/thumb/v7-m/nofp/libc_nano.a(lib_a-memset.o)
                              /opt/st/stm32cubeide_1.12.1/plugins/com.st.stm32cube.ide.mcu.externaltools.gnu-tools-for-stm32.10.3-2021.10.linux64_1.0.200.202301161003/tools/bin/../lib/gcc/arm-none-eabi/10.3.1/../../../../arm-none-eabi/lib/thumb/v7-m/nofp/crt0.o (memset)
/opt/st/stm32cubeide_1.12.1/plugins/com.st.stm32cube.ide.mcu.externaltools.gnu-tools-for-stm32.10.3-2021.10.linux64_1.0.200.202301161003/tools/bin/../lib/gcc/arm-none-eabi/10.3.1/../../../../arm-none-eabi/lib/thumb/v7-m/nofp/libc_nano.a(lib_a-snprintf.o)
                              ./Core/Src/MQTTFormat.o (snprintf)
/opt/st/stm32cubeide_1.12.1/plugins/com.st.stm32cube.ide.mcu.externaltools.gnu-tools-for-stm32.10.3-2021.10.linux64_1.0.200.202301161003/tools/bin/../lib/gcc/arm-none-eabi/10.3.1/../../../../arm-none-eabi/lib/thumb/v7-m/nofp/libc_nano.a(lib_a-sprintf.o)
                              ./Core/Src/main.o (sprintf)
/opt/st/stm32cubeide_1.12.1/plugins/com.st.stm32cube.ide.mcu.externaltools.gnu-tools-for-stm32.10.3-2021.10.linux64_1.0.200.202301161003/tools/bin/../lib/gcc/arm-none-eabi/10.3.1/../../../../arm-none-eabi/lib/thumb/v7-m/nofp/libc_nano.a(lib_a-strlen.o)
                              ./Core/Src/MQTTPacket.o (strlen)
/opt/st/stm32cubeide_1.12.1/plugins/com.st.stm32cube.ide.mcu.externaltools.gnu-tools-for-stm32.10.3-2021.10.linux64_1.0.200.202301161003/tools/bin/../lib/gcc/arm-none-eabi/10.3.1/../../../../arm-none-eabi/lib/thumb/v7-m/nofp/libc_nano.a(lib_a-strncmp.o)
                              ./Core/Src/MQTTPacket.o (strncmp)
/opt/st/stm32cubeide_1.12.1/plugins/com.st.stm32cube.ide.mcu.externaltools.gnu-tools-for-stm32.10.3-2021.10.linux64_1.0.200.202301161003/tools/bin/../lib/gcc/arm-none-eabi/10.3.1/../../../../arm-none-eabi/lib/thumb/v7-m/nofp/libc_nano.a(lib_a-nano-svfprintf.o)
                              /opt/st/stm32cubeide_1.12.1/plugins/com.st.stm32cube.ide.mcu.externaltools.gnu-tools-for-stm32.10.3-2021.10.linux64_1.0.200.202301161003/tools/bin/../lib/gcc/arm-none-eabi/10.3.1/../../../../arm-none-eabi/lib/thumb/v7-m/nofp/libc_nano.a(lib_a-snprintf.o) (_svfprintf_r)
[...]
Memory Configuration

Name             Origin             Length             Attributes
RAM              0x0000000020000000 0x0000000000005000 xrw
FLASH            0x0000000008000000 0x0000000000010000 xr
*default*        0x0000000000000000 0xffffffffffffffff

Linker script and memory map

LOAD /opt/st/stm32cubeide_1.12.1/plugins/com.st.stm32cube.ide.mcu.externaltools.gnu-tools-for-stm32.10.3-2021.10.linux64_1.0.200.202301161003/tools/bin/../lib/gcc/arm-none-eabi/10.3.1/thumb/v7-m/nofp/crti.o
LOAD /opt/st/stm32cubeide_1.12.1/plugins/com.st.stm32cube.ide.mcu.externaltools.gnu-tools-for-stm32.10.3-2021.10.linux64_1.0.200.202301161003/tools/bin/../lib/gcc/arm-none-eabi/10.3.1/thumb/v7-m/nofp/crtbegin.o
LOAD /opt/st/stm32cubeide_1.12.1/plugins/com.st.stm32cube.ide.mcu.externaltools.gnu-tools-for-stm32.10.3-2021.10.linux64_1.0.200.202301161003/tools/bin/../lib/gcc/arm-none-eabi/10.3.1/../../../../arm-none-eabi/lib/thumb/v7-m/nofp/crt0.o
LOAD ./Core/Src/MQTTClient.o
LOAD ./Core/Src/MQTTConnectClient.o
LOAD ./Core/Src/MQTTConnectServer.o
LOAD ./Core/Src/MQTTDeserializePublish.o
LOAD ./Core/Src/MQTTFormat.o
LOAD ./Core/Src/MQTTPacket.o
LOAD ./Core/Src/MQTTSerializePublish.o
LOAD ./Core/Src/MQTTSubscribeClient.o
LOAD ./Core/Src/MQTTSubscribeServer.o
LOAD ./Core/Src/MQTTUnsubscribeClient.o
LOAD ./Core/Src/MQTTUnsubscribeServer.o
LOAD ./Core/Src/main.o
LOAD ./Core/Src/mqtt_interface.o
LOAD ./Core/Src/socket.o
LOAD ./Core/Src/stm32f1xx_hal_msp.o
LOAD ./Core/Src/stm32f1xx_it.o
LOAD ./Core/Src/syscalls.o
LOAD ./Core/Src/sysmem.o
LOAD ./Core/Src/system_stm32f1xx.o
LOAD ./Core/Src/w5500.o
LOAD ./Core/Src/w5500_interface.o
LOAD ./Core/Src/wizchip_conf.o
LOAD ./Core/Startup/startup_stm32f103c8tx.o
LOAD ./Drivers/STM32F1xx_HAL_Driver/Src/stm32f1xx_hal.o
LOAD ./Drivers/STM32F1xx_HAL_Driver/Src/stm32f1xx_hal_cortex.o
LOAD ./Drivers/STM32F1xx_HAL_Driver/Src/stm32f1xx_hal_dma.o
LOAD ./Drivers/STM32F1xx_HAL_Driver/Src/stm32f1xx_hal_exti.o
LOAD ./Drivers/STM32F1xx_HAL_Driver/Src/stm32f1xx_hal_flash.o
LOAD ./Drivers/STM32F1xx_HAL_Driver/Src/stm32f1xx_hal_flash_ex.o
LOAD ./Drivers/STM32F1xx_HAL_Driver/Src/stm32f1xx_hal_gpio.o
LOAD ./Drivers/STM32F1xx_HAL_Driver/Src/stm32f1xx_hal_gpio_ex.o
LOAD ./Drivers/STM32F1xx_HAL_Driver/Src/stm32f1xx_hal_pwr.o
LOAD ./Drivers/STM32F1xx_HAL_Driver/Src/stm32f1xx_hal_rcc.o
LOAD ./Drivers/STM32F1xx_HAL_Driver/Src/stm32f1xx_hal_rcc_ex.o
LOAD ./Drivers/STM32F1xx_HAL_Driver/Src/stm32f1xx_hal_spi.o
LOAD ./Drivers/STM32F1xx_HAL_Driver/Src/stm32f1xx_hal_tim.o
LOAD ./Drivers/STM32F1xx_HAL_Driver/Src/stm32f1xx_hal_tim_ex.o
START GROUP
LOAD /opt/st/stm32cubeide_1.12.1/plugins/com.st.stm32cube.ide.mcu.externaltools.gnu-tools-for-stm32.10.3-2021.10.linux64_1.0.200.202301161003/tools/bin/../lib/gcc/arm-none-eabi/10.3.1/../../../../arm-none-eabi/lib/thumb/v7-m/nofp/libc_nano.a
LOAD /opt/st/stm32cubeide_1.12.1/plugins/com.st.stm32cube.ide.mcu.externaltools.gnu-tools-for-stm32.10.3-2021.10.linux64_1.0.200.202301161003/tools/bin/../lib/gcc/arm-none-eabi/10.3.1/../../../../arm-none-eabi/lib/thumb/v7-m/nofp/libm.a
END GROUP
START GROUP
LOAD /opt/st/stm32cubeide_1.12.1/plugins/com.st.stm32cube.ide.mcu.externaltools.gnu-tools-for-stm32.10.3-2021.10.linux64_1.0.200.202301161003/tools/bin/../lib/gcc/arm-none-eabi/10.3.1/thumb/v7-m/nofp/libgcc.a
LOAD /opt/st/stm32cubeide_1.12.1/plugins/com.st.stm32cube.ide.mcu.externaltools.gnu-tools-for-stm32.10.3-2021.10.linux64_1.0.200.202301161003/tools/bin/../lib/gcc/arm-none-eabi/10.3.1/../../../../arm-none-eabi/lib/thumb/v7-m/nofp/libc_nano.a
END GROUP
START GROUP
LOAD /opt/st/stm32cubeide_1.12.1/plugins/com.st.stm32cube.ide.mcu.externaltools.gnu-tools-for-stm32.10.3-2021.10.linux64_1.0.200.202301161003/tools/bin/../lib/gcc/arm-none-eabi/10.3.1/thumb/v7-m/nofp/libgcc.a
LOAD /opt/st/stm32cubeide_1.12.1/plugins/com.st.stm32cube.ide.mcu.externaltools.gnu-tools-for-stm32.10.3-2021.10.linux64_1.0.200.202301161003/tools/bin/../lib/gcc/arm-none-eabi/10.3.1/../../../../arm-none-eabi/lib/thumb/v7-m/nofp/libc_nano.a
LOAD /opt/st/stm32cubeide_1.12.1/plugins/com.st.stm32cube.ide.mcu.externaltools.gnu-tools-for-stm32.10.3-2021.10.linux64_1.0.200.202301161003/tools/bin/../lib/gcc/arm-none-eabi/10.3.1/../../../../arm-none-eabi/lib/thumb/v7-m/nofp/libnosys.a
END GROUP
START GROUP
LOAD /opt/st/stm32cubeide_1.12.1/plugins/com.st.stm32cube.ide.mcu.externaltools.gnu-tools-for-stm32.10.3-2021.10.linux64_1.0.200.202301161003/tools/bin/../lib/gcc/arm-none-eabi/10.3.1/thumb/v7-m/nofp/libgcc.a
LOAD /opt/st/stm32cubeide_1.12.1/plugins/com.st.stm32cube.ide.mcu.externaltools.gnu-tools-for-stm32.10.3-2021.10.linux64_1.0.200.202301161003/tools/bin/../lib/gcc/arm-none-eabi/10.3.1/../../../../arm-none-eabi/lib/thumb/v7-m/nofp/libc_nano.a
LOAD /opt/st/stm32cubeide_1.12.1/plugins/com.st.stm32cube.ide.mcu.externaltools.gnu-tools-for-stm32.10.3-2021.10.linux64_1.0.200.202301161003/tools/bin/../lib/gcc/arm-none-eabi/10.3.1/../../../../arm-none-eabi/lib/thumb/v7-m/nofp/libnosys.a
END GROUP
LOAD /opt/st/stm32cubeide_1.12.1/plugins/com.st.stm32cube.ide.mcu.externaltools.gnu-tools-for-stm32.10.3-2021.10.linux64_1.0.200.202301161003/tools/bin/../lib/gcc/arm-none-eabi/10.3.1/thumb/v7-m/nofp/crtend.o
LOAD /opt/st/stm32cubeide_1.12.1/plugins/com.st.stm32cube.ide.mcu.externaltools.gnu-tools-for-stm32.10.3-2021.10.linux64_1.0.200.202301161003/tools/bin/../lib/gcc/arm-none-eabi/10.3.1/thumb/v7-m/nofp/crtn.o
                0x0000000020005000                _estack = (ORIGIN (RAM) + LENGTH (RAM))
                0x0000000000000200                _Min_Heap_Size = 0x200
                0x0000000000000400                _Min_Stack_Size = 0x400

.isr_vector     0x0000000008000000      0x10c
                0x0000000008000000                . = ALIGN (0x4)
 *(.isr_vector)
 .isr_vector    0x0000000008000000      0x10c ./Core/Startup/startup_stm32f103c8tx.o
                0x0000000008000000                g_pfnVectors
                0x000000000800010c                . = ALIGN (0x4)

.text           0x000000000800010c     0x3648
                0x000000000800010c                . = ALIGN (0x4)
 *(.text)
 .text          0x000000000800010c       0x40 /opt/st/stm32cubeide_1.12.1/plugins/com.st.stm32cube.ide.mcu.externaltools.gnu-tools-for-stm32.10.3-2021.10.linux64_1.0.200.202301161003/tools/bin/../lib/gcc/arm-none-eabi/10.3.1/thumb/v7-m/nofp/crtbegin.o
 .text          0x000000000800014c       0x10 /opt/st/stm32cubeide_1.12.1/plugins/com.st.stm32cube.ide.mcu.externaltools.gnu-tools-for-stm32.10.3-2021.10.linux64_1.0.200.202301161003/tools/bin/../lib/gcc/arm-none-eabi/10.3.1/../../../../arm-none-eabi/lib/thumb/v7-m/nofp/libc_nano.a(lib_a-strlen.o)
                0x000000000800014c                strlen
 *(.text*)
 .text.sendPacket
                0x000000000800015c       0x56 ./Core/Src/MQTTClient.o
 .text.MQTTClientInit
                0x00000000080001b2       0x2e ./Core/Src/MQTTClient.o
                0x00000000080001b2                MQTTClientInit
 .text.deliverMessage
                0x00000000080001e0       0xa4 ./Core/Src/MQTTClient.o
                0x00000000080001e0                deliverMessage
 .text.keepalive
                0x0000000008000284       0x4a ./Core/Src/MQTTClient.o
                0x0000000008000284                keepalive
 .text.cycle    0x00000000080002ce      0x18c ./Core/Src/MQTTClient.o
                0x00000000080002ce                cycle
 .text.MQTTYield
                0x000000000800045a       0x2a ./Core/Src/MQTTClient.o
                0x000000000800045a                MQTTYield
 .text.waitfor  0x0000000008000484       0x26 ./Core/Src/MQTTClient.o
                0x0000000008000484                waitfor
 *fill*         0x00000000080004aa        0x2 
 .text.MQTTConnect
                0x00000000080004ac       0x9c ./Core/Src/MQTTClient.o
                0x00000000080004ac                MQTTConnect
 .text.MQTTSubscribe
                0x0000000008000548       0xce ./Core/Src/MQTTClient.o
                0x0000000008000548                MQTTSubscribe
 .text.MQTTPublish
                0x0000000008000616       0xbe ./Core/Src/MQTTClient.o
                0x0000000008000616                MQTTPublish
 .text.MQTTSerialize_connectLength
                0x00000000080006d4       0x7c ./Core/Src/MQTTConnectClient.o
                0x00000000080006d4                MQTTSerialize_connectLength
 .text.MQTTSerialize_connect
                0x0000000008000750      0x120 ./Core/Src/MQTTConnectClient.o
                0x0000000008000750                MQTTSerialize_connect
 .text.MQTTDeserialize_connack
                0x0000000008000870       0x48 ./Core/Src/MQTTConnectClient.o
                0x0000000008000870                MQTTDeserialize_connack
 .text.MQTTSerialize_zero
                0x00000000080008b8       0x32 ./Core/Src/MQTTConnectClient.o
                0x00000000080008b8                MQTTSerialize_zero
 .text.MQTTSerialize_pingreq
                0x00000000080008ea        0x6 ./Core/Src/MQTTConnectClient.o
                0x00000000080008ea                MQTTSerialize_pingreq
 .text.MQTTDeserialize_publish
                0x00000000080008f0       0x8a ./Core/Src/MQTTDeserializePublish.o
                0x00000000080008f0                MQTTDeserialize_publish
 .text.MQTTDeserialize_ack
                0x000000000800097a       0x44 ./Core/Src/MQTTDeserializePublish.o
                0x000000000800097a                MQTTDeserialize_ack
 *fill*         0x00000000080009be        0x2 
 .text.bufchar  0x00000000080009c0       0x2c ./Core/Src/MQTTPacket.o
                0x00000000080009c0                bufchar
 .text.MQTTPacket_encode
                0x00000000080009ec       0x3a ./Core/Src/MQTTPacket.o
                0x00000000080009ec                MQTTPacket_encode
 .text.MQTTPacket_decode
                0x0000000008000a26       0x3c ./Core/Src/MQTTPacket.o
                0x0000000008000a26                MQTTPacket_decode
 *fill*         0x0000000008000a62        0x2 
 .text.MQTTPacket_len
                0x0000000008000a64       0x24 ./Core/Src/MQTTPacket.o
                0x0000000008000a64                MQTTPacket_len
 .text.MQTTPacket_decodeBuf
                0x0000000008000a88       0x14 ./Core/Src/MQTTPacket.o
                0x0000000008000a88                MQTTPacket_decodeBuf
 .text.readInt  0x0000000008000a9c       0x10 ./Core/Src/MQTTPacket.o
                0x0000000008000a9c                readInt
 .text.readChar
                0x0000000008000aac        0xc ./Core/Src/MQTTPacket.o
                0x0000000008000aac                readChar
 .text.writeChar
                0x0000000008000ab8        0xc ./Core/Src/MQTTPacket.o
                0x0000000008000ab8                writeChar
 .text.writeInt
                0x0000000008000ac4       0x2a ./Core/Src/MQTTPacket.o
                0x0000000008000ac4                writeInt
 .text.writeCString
                0x0000000008000aee       0x28 ./Core/Src/MQTTPacket.o
                0x0000000008000aee                writeCString
 .text.writeMQTTString
                0x0000000008000b16       0x44 ./Core/Src/MQTTPacket.o
                0x0000000008000b16                writeMQTTString
 .text.readMQTTLenString
                0x0000000008000b5a       0x30 ./Core/Src/MQTTPacket.o
                0x0000000008000b5a                readMQTTLenString
 .text.MQTTstrlen
                0x0000000008000b8a       0x16 ./Core/Src/MQTTPacket.o
                0x0000000008000b8a                MQTTstrlen
 .text.MQTTPacket_equals
                0x0000000008000ba0       0x36 ./Core/Src/MQTTPacket.o
                0x0000000008000ba0                MQTTPacket_equals
 .text.MQTTSerialize_publishLength
                0x0000000008000bd6       0x24 ./Core/Src/MQTTSerializePublish.o
                0x0000000008000bd6                MQTTSerialize_publishLength
 .text.MQTTSerialize_publish
                0x0000000008000bfa       0x92 ./Core/Src/MQTTSerializePublish.o
                0x0000000008000bfa                MQTTSerialize_publish
 .text.MQTTSerialize_ack
                0x0000000008000c8c       0x4e ./Core/Src/MQTTSerializePublish.o
                0x0000000008000c8c                MQTTSerialize_ack
 .text.MQTTSerialize_subscribeLength
                0x0000000008000cda       0x2e ./Core/Src/MQTTSubscribeClient.o
                0x0000000008000cda                MQTTSerialize_subscribeLength
 .text.MQTTSerialize_subscribe
                0x0000000008000d08       0x7e ./Core/Src/MQTTSubscribeClient.o
                0x0000000008000d08                MQTTSerialize_subscribe
 .text.MQTTDeserialize_suback
                0x0000000008000d86       0x72 ./Core/Src/MQTTSubscribeClient.o
                0x0000000008000d86                MQTTDeserialize_suback
 .text.messageArrived
                0x0000000008000df8       0x10 ./Core/Src/main.o
                0x0000000008000df8                messageArrived
 .text.schedule
                0x0000000008000e08       0x5c ./Core/Src/main.o
                0x0000000008000e08                schedule
 .text.configureMQttClient
                0x0000000008000e64       0x40 ./Core/Src/main.o
                0x0000000008000e64                configureMQttClient
 .text.SystemClock_Config
                0x0000000008000ea4       0x5e ./Core/Src/main.o
                0x0000000008000ea4                SystemClock_Config
 *fill*         0x0000000008000f02        0x2 
 .text.startup.main
                0x0000000008000f04      0x1b8 ./Core/Src/main.o
                0x0000000008000f04                main
 .text.w5x00_disconnect
                0x00000000080010bc        0x6 ./Core/Src/mqtt_interface.o
                0x00000000080010bc                w5x00_disconnect
 .text.w5x00_write
                0x00000000080010c2       0x28 ./Core/Src/mqtt_interface.o
                0x00000000080010c2                w5x00_write
 .text.w5x00_read
                0x00000000080010ea       0x30 ./Core/Src/mqtt_interface.o
                0x00000000080010ea                w5x00_read
 .text.TimerInit
                0x000000000800111a        0x6 ./Core/Src/mqtt_interface.o
                0x000000000800111a                TimerInit
 .text.TimerIsExpired
                0x0000000008001120       0x10 ./Core/Src/mqtt_interface.o
                0x0000000008001120                TimerIsExpired
 .text.TimerCountdownMS
                0x0000000008001130       0x10 ./Core/Src/mqtt_interface.o
                0x0000000008001130                TimerCountdownMS
 .text.TimerCountdown
                0x0000000008001140       0x14 ./Core/Src/mqtt_interface.o
                0x0000000008001140                TimerCountdown
 .text.TimerLeftMS
                0x0000000008001154       0x14 ./Core/Src/mqtt_interface.o
                0x0000000008001154                TimerLeftMS
 .text.NewNetwork
                0x0000000008001168       0x1c ./Core/Src/mqtt_interface.o
                0x0000000008001168                NewNetwork
 .text.ConnectNetwork
                0x0000000008001184       0x4a ./Core/Src/mqtt_interface.o
                0x0000000008001184                ConnectNetwork
 *fill*         0x00000000080011ce        0x2 
 .text.close    0x00000000080011d0       0x7c ./Core/Src/socket.o
                0x00000000080011d0                close
 .text.socket   0x000000000800124c      0x124 ./Core/Src/socket.o
                0x000000000800124c                socket
 .text.connect  0x0000000008001370       0xec ./Core/Src/socket.o
                0x0000000008001370                connect
 .text.disconnect
                0x000000000800145c       0x88 ./Core/Src/socket.o
                0x000000000800145c                disconnect
 .text.send     0x00000000080014e4      0x114 ./Core/Src/socket.o
                0x00000000080014e4                send
 .text.recv     0x00000000080015f8       0xdc ./Core/Src/socket.o
                0x00000000080015f8                recv
 .text.HAL_MspInit
                0x00000000080016d4       0x30 ./Core/Src/stm32f1xx_hal_msp.o
                0x00000000080016d4                HAL_MspInit
 .text.HAL_SPI_MspInit
                0x0000000008001704       0x84 ./Core/Src/stm32f1xx_hal_msp.o
                0x0000000008001704                HAL_SPI_MspInit
 .text.NMI_Handler
                0x0000000008001788        0x2 ./Core/Src/stm32f1xx_it.o
                0x0000000008001788                NMI_Handler
 .text.HardFault_Handler
                0x000000000800178a        0x2 ./Core/Src/stm32f1xx_it.o
                0x000000000800178a                HardFault_Handler
 .text.MemManage_Handler
                0x000000000800178c        0x2 ./Core/Src/stm32f1xx_it.o
                0x000000000800178c                MemManage_Handler
 .text.BusFault_Handler
                0x000000000800178e        0x2 ./Core/Src/stm32f1xx_it.o
                0x000000000800178e                BusFault_Handler
 .text.UsageFault_Handler
                0x0000000008001790        0x2 ./Core/Src/stm32f1xx_it.o
                0x0000000008001790                UsageFault_Handler
 .text.SVC_Handler
                0x0000000008001792        0x2 ./Core/Src/stm32f1xx_it.o
                0x0000000008001792                SVC_Handler
 .text.DebugMon_Handler
                0x0000000008001794        0x2 ./Core/Src/stm32f1xx_it.o
                0x0000000008001794                DebugMon_Handler
 .text.PendSV_Handler
                0x0000000008001796        0x2 ./Core/Src/stm32f1xx_it.o
                0x0000000008001796                PendSV_Handler
 .text.SysTick_Handler
                0x0000000008001798        0x4 ./Core/Src/stm32f1xx_it.o
                0x0000000008001798                SysTick_Handler
 .text.SPI1_IRQHandler
                0x000000000800179c        0xc ./Core/Src/stm32f1xx_it.o
                0x000000000800179c                SPI1_IRQHandler
 .text._sbrk    0x00000000080017a8       0x40 ./Core/Src/sysmem.o
                0x00000000080017a8                _sbrk
 .text.SystemInit
                0x00000000080017e8        0x2 ./Core/Src/system_stm32f1xx.o
                0x00000000080017e8                SystemInit
 *fill*         0x00000000080017ea        0x2 
 .text.WIZCHIP_READ
                0x00000000080017ec       0x5c ./Core/Src/w5500.o
                0x00000000080017ec                WIZCHIP_READ
 .text.WIZCHIP_WRITE
                0x0000000008001848       0x64 ./Core/Src/w5500.o
                0x0000000008001848                WIZCHIP_WRITE
 .text.WIZCHIP_READ_BUF
                0x00000000080018ac       0x74 ./Core/Src/w5500.o
                0x00000000080018ac                WIZCHIP_READ_BUF
 .text.WIZCHIP_WRITE_BUF
                0x0000000008001920       0x74 ./Core/Src/w5500.o
                0x0000000008001920                WIZCHIP_WRITE_BUF
 .text.getSn_TX_FSR
                0x0000000008001994       0x42 ./Core/Src/w5500.o
                0x0000000008001994                getSn_TX_FSR
 .text.getSn_RX_RSR
                0x00000000080019d6       0x42 ./Core/Src/w5500.o
                0x00000000080019d6                getSn_RX_RSR
 .text.wiz_send_data
                0x0000000008001a18       0x5a ./Core/Src/w5500.o
                0x0000000008001a18                wiz_send_data
 .text.wiz_recv_data
                0x0000000008001a72       0x5a ./Core/Src/w5500.o
                0x0000000008001a72                wiz_recv_data
 .text.spi_rb   0x0000000008001acc       0x20 ./Core/Src/w5500_interface.o
                0x0000000008001acc                spi_rb
 .text.spi_wb   0x0000000008001aec       0x20 ./Core/Src/w5500_interface.o
                0x0000000008001aec                spi_wb
 .text.cs_desel
                0x0000000008001b0c       0x10 ./Core/Src/w5500_interface.o
 .text.cs_sel   0x0000000008001b1c       0x10 ./Core/Src/w5500_interface.o
 .text.initializeW5500
                0x0000000008001b2c       0x78 ./Core/Src/w5500_interface.o
                0x0000000008001b2c                initializeW5500
 .text.wizchip_cris_enter
                0x0000000008001ba4        0x2 ./Core/Src/wizchip_conf.o
                0x0000000008001ba4                wizchip_cris_enter
 .text.wizchip_bus_readdata
                0x0000000008001ba6        0x4 ./Core/Src/wizchip_conf.o
                0x0000000008001ba6                wizchip_bus_readdata
 .text.wizchip_bus_writedata
                0x0000000008001baa        0x4 ./Core/Src/wizchip_conf.o
                0x0000000008001baa                wizchip_bus_writedata
 .text.wizchip_spi_readbyte
                0x0000000008001bae        0x4 ./Core/Src/wizchip_conf.o
                0x0000000008001bae                wizchip_spi_readbyte
 .text.wizchip_spi_writebyte
                0x0000000008001bb2        0x2 ./Core/Src/wizchip_conf.o
                0x0000000008001bb2                wizchip_spi_writebyte
 .text.wizchip_cris_exit
                0x0000000008001bb4        0x2 ./Core/Src/wizchip_conf.o
                0x0000000008001bb4                wizchip_cris_exit
 .text.wizchip_cs_select
                0x0000000008001bb6        0x2 ./Core/Src/wizchip_conf.o
                0x0000000008001bb6                wizchip_cs_select
 .text.wizchip_cs_deselect
                0x0000000008001bb8        0x2 ./Core/Src/wizchip_conf.o
                0x0000000008001bb8                wizchip_cs_deselect
 *fill*         0x0000000008001bba        0x2 
 .text.reg_wizchip_cs_cbfunc
                0x0000000008001bbc       0x24 ./Core/Src/wizchip_conf.o
                0x0000000008001bbc                reg_wizchip_cs_cbfunc
 .text.reg_wizchip_spi_cbfunc
                0x0000000008001be0       0x2c ./Core/Src/wizchip_conf.o
                0x0000000008001be0                reg_wizchip_spi_cbfunc
 .text.wizchip_sw_reset
                0x0000000008001c0c       0x7a ./Core/Src/wizchip_conf.o
                0x0000000008001c0c                wizchip_sw_reset
 .text.wizchip_init
                0x0000000008001c86       0x7a ./Core/Src/wizchip_conf.o
                0x0000000008001c86                wizchip_init
 .text.wizchip_setnetinfo
                0x0000000008001d00       0x5c ./Core/Src/wizchip_conf.o
                0x0000000008001d00                wizchip_setnetinfo
 .text.Reset_Handler
                0x0000000008001d5c       0x48 ./Core/Startup/startup_stm32f103c8tx.o
                0x0000000008001d5c                Reset_Handler
 .text.Default_Handler
                0x0000000008001da4        0x2 ./Core/Startup/startup_stm32f103c8tx.o
                0x0000000008001da4                RTC_Alarm_IRQHandler
                0x0000000008001da4                EXTI2_IRQHandler
                0x0000000008001da4                TIM1_CC_IRQHandler
                0x0000000008001da4                PVD_IRQHandler
                0x0000000008001da4                EXTI3_IRQHandler
                0x0000000008001da4                EXTI0_IRQHandler
                0x0000000008001da4                I2C2_EV_IRQHandler
                0x0000000008001da4                ADC1_2_IRQHandler
                0x0000000008001da4                TAMPER_IRQHandler
                0x0000000008001da4                DMA1_Channel4_IRQHandler
                0x0000000008001da4                USART3_IRQHandler
                0x0000000008001da4                RTC_IRQHandler
                0x0000000008001da4                DMA1_Channel7_IRQHandler
                0x0000000008001da4                CAN1_RX1_IRQHandler
                0x0000000008001da4                TIM4_IRQHandler
                0x0000000008001da4                I2C1_EV_IRQHandler
                0x0000000008001da4                DMA1_Channel6_IRQHandler
                0x0000000008001da4                TIM3_IRQHandler
                0x0000000008001da4                RCC_IRQHandler
                0x0000000008001da4                TIM1_TRG_COM_IRQHandler
                0x0000000008001da4                DMA1_Channel1_IRQHandler
                0x0000000008001da4                Default_Handler
                0x0000000008001da4                EXTI15_10_IRQHandler
                0x0000000008001da4                EXTI9_5_IRQHandler
                0x0000000008001da4                SPI2_IRQHandler
                0x0000000008001da4                DMA1_Channel5_IRQHandler
                0x0000000008001da4                EXTI4_IRQHandler
                0x0000000008001da4                USB_LP_CAN1_RX0_IRQHandler
                0x0000000008001da4                USB_HP_CAN1_TX_IRQHandler
                0x0000000008001da4                DMA1_Channel3_IRQHandler
                0x0000000008001da4                TIM1_UP_IRQHandler
                0x0000000008001da4                WWDG_IRQHandler
                0x0000000008001da4                TIM2_IRQHandler
                0x0000000008001da4                TIM1_BRK_IRQHandler
                0x0000000008001da4                EXTI1_IRQHandler
                0x0000000008001da4                USART2_IRQHandler
                0x0000000008001da4                I2C2_ER_IRQHandler
                0x0000000008001da4                DMA1_Channel2_IRQHandler
                0x0000000008001da4                CAN1_SCE_IRQHandler
                0x0000000008001da4                FLASH_IRQHandler
                0x0000000008001da4                USART1_IRQHandler
                0x0000000008001da4                I2C1_ER_IRQHandler
                0x0000000008001da4                USBWakeUp_IRQHandler
 *fill*         0x0000000008001da6        0x2 
 .text.HAL_InitTick
                0x0000000008001da8       0x48 ./Drivers/STM32F1xx_HAL_Driver/Src/stm32f1xx_hal.o
                0x0000000008001da8                HAL_InitTick
 .text.HAL_Init
                0x0000000008001df0       0x24 ./Drivers/STM32F1xx_HAL_Driver/Src/stm32f1xx_hal.o
                0x0000000008001df0                HAL_Init
 .text.HAL_IncTick
                0x0000000008001e14       0x18 ./Drivers/STM32F1xx_HAL_Driver/Src/stm32f1xx_hal.o
                0x0000000008001e14                HAL_IncTick
 .text.HAL_GetTick
                0x0000000008001e2c        0xc ./Drivers/STM32F1xx_HAL_Driver/Src/stm32f1xx_hal.o
                0x0000000008001e2c                HAL_GetTick
 .text.HAL_Delay
                0x0000000008001e38       0x24 ./Drivers/STM32F1xx_HAL_Driver/Src/stm32f1xx_hal.o
                0x0000000008001e38                HAL_Delay
 .text.HAL_NVIC_SetPriorityGrouping
                0x0000000008001e5c       0x24 ./Drivers/STM32F1xx_HAL_Driver/Src/stm32f1xx_hal_cortex.o
                0x0000000008001e5c                HAL_NVIC_SetPriorityGrouping
 .text.HAL_NVIC_SetPriority
                0x0000000008001e80       0x64 ./Drivers/STM32F1xx_HAL_Driver/Src/stm32f1xx_hal_cortex.o
                0x0000000008001e80                HAL_NVIC_SetPriority
 .text.HAL_NVIC_EnableIRQ
                0x0000000008001ee4       0x1c ./Drivers/STM32F1xx_HAL_Driver/Src/stm32f1xx_hal_cortex.o
                0x0000000008001ee4                HAL_NVIC_EnableIRQ
 .text.HAL_SYSTICK_Config
                0x0000000008001f00       0x28 ./Drivers/STM32F1xx_HAL_Driver/Src/stm32f1xx_hal_cortex.o
                0x0000000008001f00                HAL_SYSTICK_Config
 .text.HAL_DMA_Abort_IT
                0x0000000008001f28       0x90 ./Drivers/STM32F1xx_HAL_Driver/Src/stm32f1xx_hal_dma.o
                0x0000000008001f28                HAL_DMA_Abort_IT
 .text.HAL_GPIO_Init
                0x0000000008001fb8      0x1b4 ./Drivers/STM32F1xx_HAL_Driver/Src/stm32f1xx_hal_gpio.o
                0x0000000008001fb8                HAL_GPIO_Init
 .text.HAL_GPIO_WritePin
                0x000000000800216c        0xa ./Drivers/STM32F1xx_HAL_Driver/Src/stm32f1xx_hal_gpio.o
                0x000000000800216c                HAL_GPIO_WritePin
 .text.HAL_GPIO_TogglePin
                0x0000000008002176       0x12 ./Drivers/STM32F1xx_HAL_Driver/Src/stm32f1xx_hal_gpio.o
                0x0000000008002176                HAL_GPIO_TogglePin
 .text.HAL_RCC_OscConfig
                0x0000000008002188      0x338 ./Drivers/STM32F1xx_HAL_Driver/Src/stm32f1xx_hal_rcc.o
                0x0000000008002188                HAL_RCC_OscConfig
 .text.HAL_RCC_GetSysClockFreq
                0x00000000080024c0       0x4c ./Drivers/STM32F1xx_HAL_Driver/Src/stm32f1xx_hal_rcc.o
                0x00000000080024c0                HAL_RCC_GetSysClockFreq
 .text.HAL_RCC_ClockConfig
                0x000000000800250c      0x138 ./Drivers/STM32F1xx_HAL_Driver/Src/stm32f1xx_hal_rcc.o
                0x000000000800250c                HAL_RCC_ClockConfig
 .text.SPI_WaitFlagStateUntilTimeout.constprop.0
                0x0000000008002644       0xac ./Drivers/STM32F1xx_HAL_Driver/Src/stm32f1xx_hal_spi.o
 .text.SPI_EndRxTransaction
                0x00000000080026f0       0x4e ./Drivers/STM32F1xx_HAL_Driver/Src/stm32f1xx_hal_spi.o
 .text.SPI_EndRxTxTransaction
                0x000000000800273e       0x1c ./Drivers/STM32F1xx_HAL_Driver/Src/stm32f1xx_hal_spi.o
 .text.HAL_SPI_Init
                0x000000000800275a       0xb0 ./Drivers/STM32F1xx_HAL_Driver/Src/stm32f1xx_hal_spi.o
                0x000000000800275a                HAL_SPI_Init
 .text.HAL_SPI_Transmit
                0x000000000800280a      0x168 ./Drivers/STM32F1xx_HAL_Driver/Src/stm32f1xx_hal_spi.o
                0x000000000800280a                HAL_SPI_Transmit
 .text.HAL_SPI_TransmitReceive
                0x0000000008002972      0x1f2 ./Drivers/STM32F1xx_HAL_Driver/Src/stm32f1xx_hal_spi.o
                0x0000000008002972                HAL_SPI_TransmitReceive
 .text.HAL_SPI_Receive
                0x0000000008002b64      0x158 ./Drivers/STM32F1xx_HAL_Driver/Src/stm32f1xx_hal_spi.o
                0x0000000008002b64                HAL_SPI_Receive
 .text.HAL_SPI_ErrorCallback
                0x0000000008002cbc        0x2 ./Drivers/STM32F1xx_HAL_Driver/Src/stm32f1xx_hal_spi.o
                0x0000000008002cbc                HAL_SPI_ErrorCallback
 *fill*         0x0000000008002cbe        0x2 
 .text.HAL_SPI_IRQHandler
                0x0000000008002cc0       0xec ./Drivers/STM32F1xx_HAL_Driver/Src/stm32f1xx_hal_spi.o
                0x0000000008002cc0                HAL_SPI_IRQHandler
 .text.SPI_DMAAbortOnError
                0x0000000008002dac       0x10 ./Drivers/STM32F1xx_HAL_Driver/Src/stm32f1xx_hal_spi.o
 .text.__errno  0x0000000008002dbc        0xc /opt/st/stm32cubeide_1.12.1/plugins/com.st.stm32cube.ide.mcu.externaltools.gnu-tools-for-stm32.10.3-2021.10.linux64_1.0.200.202301161003/tools/bin/../lib/gcc/arm-none-eabi/10.3.1/../../../../arm-none-eabi/lib/thumb/v7-m/nofp/libc_nano.a(lib_a-errno.o)
                0x0000000008002dbc                __errno
 .text.__libc_init_array
                0x0000000008002dc8       0x48 /opt/st/stm32cubeide_1.12.1/plugins/com.st.stm32cube.ide.mcu.externaltools.gnu-tools-for-stm32.10.3-2021.10.linux64_1.0.200.202301161003/tools/bin/../lib/gcc/arm-none-eabi/10.3.1/../../../../arm-none-eabi/lib/thumb/v7-m/nofp/libc_nano.a(lib_a-init.o)
                0x0000000008002dc8                __libc_init_array
 .text.memcpy   0x0000000008002e10       0x1c /opt/st/stm32cubeide_1.12.1/plugins/com.st.stm32cube.ide.mcu.externaltools.gnu-tools-for-stm32.10.3-2021.10.linux64_1.0.200.202301161003/tools/bin/../lib/gcc/arm-none-eabi/10.3.1/../../../../arm-none-eabi/lib/thumb/v7-m/nofp/libc_nano.a(lib_a-memcpy-stub.o)
                0x0000000008002e10                memcpy
 .text.memset   0x0000000008002e2c       0x10 /opt/st/stm32cubeide_1.12.1/plugins/com.st.stm32cube.ide.mcu.externaltools.gnu-tools-for-stm32.10.3-2021.10.linux64_1.0.200.202301161003/tools/bin/../lib/gcc/arm-none-eabi/10.3.1/../../../../arm-none-eabi/lib/thumb/v7-m/nofp/libc_nano.a(lib_a-memset.o)
                0x0000000008002e2c                memset
 .text.sprintf  0x0000000008002e3c       0x40 /opt/st/stm32cubeide_1.12.1/plugins/com.st.stm32cube.ide.mcu.externaltools.gnu-tools-for-stm32.10.3-2021.10.linux64_1.0.200.202301161003/tools/bin/../lib/gcc/arm-none-eabi/10.3.1/../../../../arm-none-eabi/lib/thumb/v7-m/nofp/libc_nano.a(lib_a-sprintf.o)
                0x0000000008002e3c                sprintf
                0x0000000008002e3c                siprintf
 .text.strncmp  0x0000000008002e7c       0x28 /opt/st/stm32cubeide_1.12.1/plugins/com.st.stm32cube.ide.mcu.externaltools.gnu-tools-for-stm32.10.3-2021.10.linux64_1.0.200.202301161003/tools/bin/../lib/gcc/arm-none-eabi/10.3.1/../../../../arm-none-eabi/lib/thumb/v7-m/nofp/libc_nano.a(lib_a-strncmp.o)
                0x0000000008002e7c                strncmp
 .text.__ssputs_r
                0x0000000008002ea4       0xb6 /opt/st/stm32cubeide_1.12.1/plugins/com.st.stm32cube.ide.mcu.externaltools.gnu-tools-for-stm32.10.3-2021.10.linux64_1.0.200.202301161003/tools/bin/../lib/gcc/arm-none-eabi/10.3.1/../../../../arm-none-eabi/lib/thumb/v7-m/nofp/libc_nano.a(lib_a-nano-svfprintf.o)
                0x0000000008002ea4                __ssputs_r
 *fill*         0x0000000008002f5a        0x2 
 .text._svfprintf_r
                0x0000000008002f5c      0x200 /opt/st/stm32cubeide_1.12.1/plugins/com.st.stm32cube.ide.mcu.externaltools.gnu-tools-for-stm32.10.3-2021.10.linux64_1.0.200.202301161003/tools/bin/../lib/gcc/arm-none-eabi/10.3.1/../../../../arm-none-eabi/lib/thumb/v7-m/nofp/libc_nano.a(lib_a-nano-svfprintf.o)
                0x0000000008002f5c                _svfprintf_r
                0x0000000008002f5c                _svfiprintf_r
 .text._printf_common
                0x000000000800315c       0xde /opt/st/stm32cubeide_1.12.1/plugins/com.st.stm32cube.ide.mcu.externaltools.gnu-tools-for-stm32.10.3-2021.10.linux64_1.0.200.202301161003/tools/bin/../lib/gcc/arm-none-eabi/10.3.1/../../../../arm-none-eabi/lib/thumb/v7-m/nofp/libc_nano.a(lib_a-nano-vfprintf_i.o)
                0x000000000800315c                _printf_common
 *fill*         0x000000000800323a        0x2 
 .text._printf_i
                0x000000000800323c      0x24c /opt/st/stm32cubeide_1.12.1/plugins/com.st.stm32cube.ide.mcu.externaltools.gnu-tools-for-stm32.10.3-2021.10.linux64_1.0.200.202301161003/tools/bin/../lib/gcc/arm-none-eabi/10.3.1/../../../../arm-none-eabi/lib/thumb/v7-m/nofp/libc_nano.a(lib_a-nano-vfprintf_i.o)
                0x000000000800323c                _printf_i
 .text.memchr   0x0000000008003488       0x1c /opt/st/stm32cubeide_1.12.1/plugins/com.st.stm32cube.ide.mcu.externaltools.gnu-tools-for-stm32.10.3-2021.10.linux64_1.0.200.202301161003/tools/bin/../lib/gcc/arm-none-eabi/10.3.1/../../../../arm-none-eabi/lib/thumb/v7-m/nofp/libc_nano.a(lib_a-memchr-stub.o)
                0x0000000008003488                memchr
 .text.memmove  0x00000000080034a4       0x34 /opt/st/stm32cubeide_1.12.1/plugins/com.st.stm32cube.ide.mcu.externaltools.gnu-tools-for-stm32.10.3-2021.10.linux64_1.0.200.202301161003/tools/bin/../lib/gcc/arm-none-eabi/10.3.1/../../../../arm-none-eabi/lib/thumb/v7-m/nofp/libc_nano.a(lib_a-memmove.o)
                0x00000000080034a4                memmove
 .text._free_r  0x00000000080034d8       0x90 /opt/st/stm32cubeide_1.12.1/plugins/com.st.stm32cube.ide.mcu.externaltools.gnu-tools-for-stm32.10.3-2021.10.linux64_1.0.200.202301161003/tools/bin/../lib/gcc/arm-none-eabi/10.3.1/../../../../arm-none-eabi/lib/thumb/v7-m/nofp/libc_nano.a(lib_a-nano-freer.o)
                0x00000000080034d8                _free_r
 .text.sbrk_aligned
                0x0000000008003568       0x40 /opt/st/stm32cubeide_1.12.1/plugins/com.st.stm32cube.ide.mcu.externaltools.gnu-tools-for-stm32.10.3-2021.10.linux64_1.0.200.202301161003/tools/bin/../lib/gcc/arm-none-eabi/10.3.1/../../../../arm-none-eabi/lib/thumb/v7-m/nofp/libc_nano.a(lib_a-nano-mallocr.o)
 .text._malloc_r
                0x00000000080035a8       0xe8 /opt/st/stm32cubeide_1.12.1/plugins/com.st.stm32cube.ide.mcu.externaltools.gnu-tools-for-stm32.10.3-2021.10.linux64_1.0.200.202301161003/tools/bin/../lib/gcc/arm-none-eabi/10.3.1/../../../../arm-none-eabi/lib/thumb/v7-m/nofp/libc_nano.a(lib_a-nano-mallocr.o)
                0x00000000080035a8                _malloc_r
 .text._realloc_r
                0x0000000008003690       0x5e /opt/st/stm32cubeide_1.12.1/plugins/com.st.stm32cube.ide.mcu.externaltools.gnu-tools-for-stm32.10.3-2021.10.linux64_1.0.200.202301161003/tools/bin/../lib/gcc/arm-none-eabi/10.3.1/../../../../arm-none-eabi/lib/thumb/v7-m/nofp/libc_nano.a(lib_a-nano-reallocr.o)
                0x0000000008003690                _realloc_r
 *fill*         0x00000000080036ee        0x2 
 .text._sbrk_r  0x00000000080036f0       0x20 /opt/st/stm32cubeide_1.12.1/plugins/com.st.stm32cube.ide.mcu.externaltools.gnu-tools-for-stm32.10.3-2021.10.linux64_1.0.200.202301161003/tools/bin/../lib/gcc/arm-none-eabi/10.3.1/../../../../arm-none-eabi/lib/thumb/v7-m/nofp/libc_nano.a(lib_a-sbrkr.o)
                0x00000000080036f0                _sbrk_r
 .text.__malloc_lock
                0x0000000008003710        0xc /opt/st/stm32cubeide_1.12.1/plugins/com.st.stm32cube.ide.mcu.externaltools.gnu-tools-for-stm32.10.3-2021.10.linux64_1.0.200.202301161003/tools/bin/../lib/gcc/arm-none-eabi/10.3.1/../../../../arm-none-eabi/lib/thumb/v7-m/nofp/libc_nano.a(lib_a-mlock.o)
                0x0000000008003710                __malloc_lock
 .text.__malloc_unlock
                0x000000000800371c        0xc /opt/st/stm32cubeide_1.12.1/plugins/com.st.stm32cube.ide.mcu.externaltools.gnu-tools-for-stm32.10.3-2021.10.linux64_1.0.200.202301161003/tools/bin/../lib/gcc/arm-none-eabi/10.3.1/../../../../arm-none-eabi/lib/thumb/v7-m/nofp/libc_nano.a(lib_a-mlock.o)
                0x000000000800371c                __malloc_unlock
 .text._malloc_usable_size_r
                0x0000000008003728       0x10 /opt/st/stm32cubeide_1.12.1/plugins/com.st.stm32cube.ide.mcu.externaltools.gnu-tools-for-stm32.10.3-2021.10.linux64_1.0.200.202301161003/tools/bin/../lib/gcc/arm-none-eabi/10.3.1/../../../../arm-none-eabi/lib/thumb/v7-m/nofp/libc_nano.a(lib_a-nano-msizer.o)
                0x0000000008003728                _malloc_usable_size_r
 .text.__retarget_lock_acquire_recursive
                0x0000000008003738        0x2 /opt/st/stm32cubeide_1.12.1/plugins/com.st.stm32cube.ide.mcu.externaltools.gnu-tools-for-stm32.10.3-2021.10.linux64_1.0.200.202301161003/tools/bin/../lib/gcc/arm-none-eabi/10.3.1/../../../../arm-none-eabi/lib/thumb/v7-m/nofp/libc_nano.a(lib_a-lock.o)
                0x0000000008003738                __retarget_lock_acquire_recursive
 .text.__retarget_lock_release_recursive
                0x000000000800373a        0x2 /opt/st/stm32cubeide_1.12.1/plugins/com.st.stm32cube.ide.mcu.externaltools.gnu-tools-for-stm32.10.3-2021.10.linux64_1.0.200.202301161003/tools/bin/../lib/gcc/arm-none-eabi/10.3.1/../../../../arm-none-eabi/lib/thumb/v7-m/nofp/libc_nano.a(lib_a-lock.o)
                0x000000000800373a                __retarget_lock_release_recursive
 *(.glue_7)
 .glue_7        0x000000000800373c        0x0 linker stubs
 *(.glue_7t)
 .glue_7t       0x000000000800373c        0x0 linker stubs
 *(.eh_frame)
 .eh_frame      0x000000000800373c        0x0 /opt/st/stm32cubeide_1.12.1/plugins/com.st.stm32cube.ide.mcu.externaltools.gnu-tools-for-stm32.10.3-2021.10.linux64_1.0.200.202301161003/tools/bin/../lib/gcc/arm-none-eabi/10.3.1/thumb/v7-m/nofp/crtbegin.o
 *(.init)
 .init          0x000000000800373c        0x4 /opt/st/stm32cubeide_1.12.1/plugins/com.st.stm32cube.ide.mcu.externaltools.gnu-tools-for-stm32.10.3-2021.10.linux64_1.0.200.202301161003/tools/bin/../lib/gcc/arm-none-eabi/10.3.1/thumb/v7-m/nofp/crti.o
                0x000000000800373c                _init
 .init          0x0000000008003740        0x8 /opt/st/stm32cubeide_1.12.1/plugins/com.st.stm32cube.ide.mcu.externaltools.gnu-tools-for-stm32.10.3-2021.10.linux64_1.0.200.202301161003/tools/bin/../lib/gcc/arm-none-eabi/10.3.1/thumb/v7-m/nofp/crtn.o
 *(.fini)
 .fini          0x0000000008003748        0x4 /opt/st/stm32cubeide_1.12.1/plugins/com.st.stm32cube.ide.mcu.externaltools.gnu-tools-for-stm32.10.3-2021.10.linux64_1.0.200.202301161003/tools/bin/../lib/gcc/arm-none-eabi/10.3.1/thumb/v7-m/nofp/crti.o
                0x0000000008003748                _fini
 .fini          0x000000000800374c        0x8 /opt/st/stm32cubeide_1.12.1/plugins/com.st.stm32cube.ide.mcu.externaltools.gnu-tools-for-stm32.10.3-2021.10.linux64_1.0.200.202301161003/tools/bin/../lib/gcc/arm-none-eabi/10.3.1/thumb/v7-m/nofp/crtn.o
                0x0000000008003754                . = ALIGN (0x4)
                0x0000000008003754                _etext = .

.vfp11_veneer   0x0000000008003754        0x0
 .vfp11_veneer  0x0000000008003754        0x0 linker stubs

.v4_bx          0x0000000008003754        0x0
 .v4_bx         0x0000000008003754        0x0 linker stubs

.iplt           0x0000000008003754        0x0
 .iplt          0x0000000008003754        0x0 /opt/st/stm32cubeide_1.12.1/plugins/com.st.stm32cube.ide.mcu.externaltools.gnu-tools-for-stm32.10.3-2021.10.linux64_1.0.200.202301161003/tools/bin/../lib/gcc/arm-none-eabi/10.3.1/thumb/v7-m/nofp/crtbegin.o

.rodata         0x0000000008003754      0x174
                0x0000000008003754                . = ALIGN (0x4)
 *(.rodata)
 .rodata        0x0000000008003754       0x58 ./Core/Src/MQTTClient.o
 .rodata        0x00000000080037ac       0x60 ./Core/Src/main.o
 *(.rodata*)
 .rodata.MQTTSerialize_connect.str1.1
                0x000000000800380c        0xc ./Core/Src/MQTTConnectClient.o
 .rodata.schedule.str1.1
                0x0000000008003818       0x26 ./Core/Src/main.o
 .rodata.configureMQttClient.str1.1
                0x000000000800383e       0x19 ./Core/Src/main.o
 .rodata.main.str1.1
                0x0000000008003857       0x10 ./Core/Src/main.o
 .rodata.AHBPrescTable
                0x0000000008003867       0x10 ./Core/Src/system_stm32f1xx.o
                0x0000000008003867                AHBPrescTable
 .rodata.initializeW5500.str1.1
                0x0000000008003877        0x9 ./Core/Src/w5500_interface.o
 .rodata.aPLLMULFactorTable.1
                0x0000000008003880       0x10 ./Drivers/STM32F1xx_HAL_Driver/Src/stm32f1xx_hal_rcc.o
 .rodata.aPredivFactorTable.0
                0x0000000008003890        0x2 ./Drivers/STM32F1xx_HAL_Driver/Src/stm32f1xx_hal_rcc.o
 .rodata._svfprintf_r.str1.1
                0x0000000008003892       0x11 /opt/st/stm32cubeide_1.12.1/plugins/com.st.stm32cube.ide.mcu.externaltools.gnu-tools-for-stm32.10.3-2021.10.linux64_1.0.200.202301161003/tools/bin/../lib/gcc/arm-none-eabi/10.3.1/../../../../arm-none-eabi/lib/thumb/v7-m/nofp/libc_nano.a(lib_a-nano-svfprintf.o)
 .rodata._printf_i.str1.1
                0x00000000080038a3       0x22 /opt/st/stm32cubeide_1.12.1/plugins/com.st.stm32cube.ide.mcu.externaltools.gnu-tools-for-stm32.10.3-2021.10.linux64_1.0.200.202301161003/tools/bin/../lib/gcc/arm-none-eabi/10.3.1/../../../../arm-none-eabi/lib/thumb/v7-m/nofp/libc_nano.a(lib_a-nano-vfprintf_i.o)
                0x00000000080038c8                . = ALIGN (0x4)
 *fill*         0x00000000080038c5        0x3 

.rel.dyn        0x00000000080038c8        0x0
 .rel.iplt      0x00000000080038c8        0x0 /opt/st/stm32cubeide_1.12.1/plugins/com.st.stm32cube.ide.mcu.externaltools.gnu-tools-for-stm32.10.3-2021.10.linux64_1.0.200.202301161003/tools/bin/../lib/gcc/arm-none-eabi/10.3.1/thumb/v7-m/nofp/crtbegin.o

.ARM.extab      0x00000000080038c8        0x0
                0x00000000080038c8                . = ALIGN (0x4)
 *(.ARM.extab* .gnu.linkonce.armextab.*)
                0x00000000080038c8                . = ALIGN (0x4)

.ARM            0x00000000080038c8        0x0
                0x00000000080038c8                . = ALIGN (0x4)
                0x00000000080038c8                __exidx_start = .
 *(.ARM.exidx*)
                0x00000000080038c8                __exidx_end = .
                0x00000000080038c8                . = ALIGN (0x4)

.preinit_array  0x00000000080038c8        0x0
                0x00000000080038c8                . = ALIGN (0x4)
                0x00000000080038c8                PROVIDE (__preinit_array_start = .)
 *(.preinit_array*)
                0x00000000080038c8                PROVIDE (__preinit_array_end = .)
                0x00000000080038c8                . = ALIGN (0x4)

.init_array     0x00000000080038c8        0x4
                0x00000000080038c8                . = ALIGN (0x4)
                0x00000000080038c8                PROVIDE (__init_array_start = .)
 *(SORT_BY_NAME(.init_array.*))
 *(.init_array*)
 .init_array    0x00000000080038c8        0x4 /opt/st/stm32cubeide_1.12.1/plugins/com.st.stm32cube.ide.mcu.externaltools.gnu-tools-for-stm32.10.3-2021.10.linux64_1.0.200.202301161003/tools/bin/../lib/gcc/arm-none-eabi/10.3.1/thumb/v7-m/nofp/crtbegin.o
                0x00000000080038cc                PROVIDE (__init_array_end = .)
                0x00000000080038cc                . = ALIGN (0x4)

.fini_array     0x00000000080038cc        0x4
                0x00000000080038cc                . = ALIGN (0x4)
                [!provide]                        PROVIDE (__fini_array_start = .)
 *(SORT_BY_NAME(.fini_array.*))
 *(.fini_array*)
 .fini_array    0x00000000080038cc        0x4 /opt/st/stm32cubeide_1.12.1/plugins/com.st.stm32cube.ide.mcu.externaltools.gnu-tools-for-stm32.10.3-2021.10.linux64_1.0.200.202301161003/tools/bin/../lib/gcc/arm-none-eabi/10.3.1/thumb/v7-m/nofp/crtbegin.o
                [!provide]                        PROVIDE (__fini_array_end = .)
                0x00000000080038d0                . = ALIGN (0x4)
                0x00000000080038d0                _sidata = LOADADDR (.data)

.data           0x0000000020000000       0xa4 load address 0x00000000080038d0
                0x0000000020000000                . = ALIGN (0x4)
                0x0000000020000000                _sdata = .
 *(.data)
 *(.data*)
 .data.targetIP
                0x0000000020000000        0x4 ./Core/Src/main.o
 .data.sock_any_port
                0x0000000020000004        0x2 ./Core/Src/socket.o
 *fill*         0x0000000020000006        0x2 
 .data.SystemCoreClock
                0x0000000020000008        0x4 ./Core/Src/system_stm32f1xx.o
                0x0000000020000008                SystemCoreClock
 .data.WIZCHIP  0x000000002000000c       0x2c ./Core/Src/wizchip_conf.o
                0x000000002000000c                WIZCHIP
 .data.uwTickFreq
                0x0000000020000038        0x1 ./Drivers/STM32F1xx_HAL_Driver/Src/stm32f1xx_hal.o
                0x0000000020000038                uwTickFreq
 *fill*         0x0000000020000039        0x3 
 .data.uwTickPrio
                0x000000002000003c        0x4 ./Drivers/STM32F1xx_HAL_Driver/Src/stm32f1xx_hal.o
                0x000000002000003c                uwTickPrio
 .data._impure_ptr
                0x0000000020000040        0x4 /opt/st/stm32cubeide_1.12.1/plugins/com.st.stm32cube.ide.mcu.externaltools.gnu-tools-for-stm32.10.3-2021.10.linux64_1.0.200.202301161003/tools/bin/../lib/gcc/arm-none-eabi/10.3.1/../../../../arm-none-eabi/lib/thumb/v7-m/nofp/libc_nano.a(lib_a-impure.o)
                0x0000000020000040                _impure_ptr
 .data.impure_data
                0x0000000020000044       0x60 /opt/st/stm32cubeide_1.12.1/plugins/com.st.stm32cube.ide.mcu.externaltools.gnu-tools-for-stm32.10.3-2021.10.linux64_1.0.200.202301161003/tools/bin/../lib/gcc/arm-none-eabi/10.3.1/../../../../arm-none-eabi/lib/thumb/v7-m/nofp/libc_nano.a(lib_a-impure.o)
 *(.RamFunc)
 *(.RamFunc*)
                0x00000000200000a4                . = ALIGN (0x4)
                0x00000000200000a4                _edata = .

.igot.plt       0x00000000200000a4        0x0 load address 0x0000000008003974
 .igot.plt      0x00000000200000a4        0x0 /opt/st/stm32cubeide_1.12.1/plugins/com.st.stm32cube.ide.mcu.externaltools.gnu-tools-for-stm32.10.3-2021.10.linux64_1.0.200.202301161003/tools/bin/../lib/gcc/arm-none-eabi/10.3.1/thumb/v7-m/nofp/crtbegin.o
                0x00000000200000a4                . = ALIGN (0x4)

.bss            0x00000000200000a4      0x96c load address 0x0000000008003974
                0x00000000200000a4                _sbss = .
                0x00000000200000a4                __bss_start__ = _sbss
 *(.bss)
 .bss           0x00000000200000a4       0x1c /opt/st/stm32cubeide_1.12.1/plugins/com.st.stm32cube.ide.mcu.externaltools.gnu-tools-for-stm32.10.3-2021.10.linux64_1.0.200.202301161003/tools/bin/../lib/gcc/arm-none-eabi/10.3.1/thumb/v7-m/nofp/crtbegin.o
 *(.bss*)
 .bss.bufptr    0x00000000200000c0        0x4 ./Core/Src/MQTTPacket.o
 .bss.hspi1     0x00000000200000c4       0x58 ./Core/Src/main.o
                0x00000000200000c4                hspi1
 .bss.message.2
                0x000000002000011c       0x10 ./Core/Src/main.o
 .bss.mqttClient
                0x000000002000012c       0x5c ./Core/Src/main.o
 .bss.opts      0x0000000020000188       0x24 ./Core/Src/main.o
                0x0000000020000188                opts
 .bss.payload.1
                0x00000000200001ac       0x1e ./Core/Src/main.o
 .bss.tempBuffer
                0x00000000200001ca      0x800 ./Core/Src/main.o
 *fill*         0x00000000200009ca        0x2 
 .bss.tickstart.0
                0x00000000200009cc        0x4 ./Core/Src/main.o
 .bss.MilliTimer
                0x00000000200009d0        0x4 ./Core/Src/mqtt_interface.o
                0x00000000200009d0                MilliTimer
 .bss.sock_io_mode
                0x00000000200009d4        0x2 ./Core/Src/socket.o
 .bss.sock_is_sending
                0x00000000200009d6        0x2 ./Core/Src/socket.o
 .bss.sock_pack_info
                0x00000000200009d8        0x8 ./Core/Src/socket.o
                0x00000000200009d8                sock_pack_info
 .bss.sock_remained_size
                0x00000000200009e0       0x10 ./Core/Src/socket.o
 .bss.__sbrk_heap_end
                0x00000000200009f0        0x4 ./Core/Src/sysmem.o
 .bss._DHCP_    0x00000000200009f4        0x1 ./Core/Src/wizchip_conf.o
 .bss._DNS_     0x00000000200009f5        0x4 ./Core/Src/wizchip_conf.o
 *fill*         0x00000000200009f9        0x3 
 .bss.uwTick    0x00000000200009fc        0x4 ./Drivers/STM32F1xx_HAL_Driver/Src/stm32f1xx_hal.o
                0x00000000200009fc                uwTick
 .bss.__malloc_free_list
                0x0000000020000a00        0x4 /opt/st/stm32cubeide_1.12.1/plugins/com.st.stm32cube.ide.mcu.externaltools.gnu-tools-for-stm32.10.3-2021.10.linux64_1.0.200.202301161003/tools/bin/../lib/gcc/arm-none-eabi/10.3.1/../../../../arm-none-eabi/lib/thumb/v7-m/nofp/libc_nano.a(lib_a-nano-mallocr.o)
                0x0000000020000a00                __malloc_free_list
 .bss.__malloc_sbrk_start
                0x0000000020000a04        0x4 /opt/st/stm32cubeide_1.12.1/plugins/com.st.stm32cube.ide.mcu.externaltools.gnu-tools-for-stm32.10.3-2021.10.linux64_1.0.200.202301161003/tools/bin/../lib/gcc/arm-none-eabi/10.3.1/../../../../arm-none-eabi/lib/thumb/v7-m/nofp/libc_nano.a(lib_a-nano-mallocr.o)
                0x0000000020000a04                __malloc_sbrk_start
 .bss.errno     0x0000000020000a08        0x4 /opt/st/stm32cubeide_1.12.1/plugins/com.st.stm32cube.ide.mcu.externaltools.gnu-tools-for-stm32.10.3-2021.10.linux64_1.0.200.202301161003/tools/bin/../lib/gcc/arm-none-eabi/10.3.1/../../../../arm-none-eabi/lib/thumb/v7-m/nofp/libc_nano.a(lib_a-reent.o)
                0x0000000020000a08                errno
 .bss.__lock___malloc_recursive_mutex
                0x0000000020000a0c        0x1 /opt/st/stm32cubeide_1.12.1/plugins/com.st.stm32cube.ide.mcu.externaltools.gnu-tools-for-stm32.10.3-2021.10.linux64_1.0.200.202301161003/tools/bin/../lib/gcc/arm-none-eabi/10.3.1/../../../../arm-none-eabi/lib/thumb/v7-m/nofp/libc_nano.a(lib_a-lock.o)
                0x0000000020000a0c                __lock___malloc_recursive_mutex
 *(COMMON)
                0x0000000020000a10                . = ALIGN (0x4)
 *fill*         0x0000000020000a0d        0x3 
                0x0000000020000a10                _ebss = .
                0x0000000020000a10                __bss_end__ = _ebss

._user_heap_stack
                0x0000000020000a10      0x600 load address 0x0000000008003974
                0x0000000020000a10                . = ALIGN (0x8)
                [!provide]                        PROVIDE (end = .)
                0x0000000020000a10                PROVIDE (_end = .)
                0x0000000020000c10                . = (. + _Min_Heap_Size)
 *fill*         0x0000000020000a10      0x200 
                0x0000000020001010                . = (. + _Min_Stack_Size)
 *fill*         0x0000000020000c10      0x400 
                0x0000000020001010                . = ALIGN (0x8)

/DISCARD/
 libc.a(*)
 libm.a(*)
 libgcc.a(*)

.ARM.attributes
                0x0000000000000000       0x29
 *(.ARM.attributes)
 .ARM.attributes
                0x0000000000000000       0x1d /opt/st/stm32cubeide_1.12.1/plugins/com.st.stm32cube.ide.mcu.externaltools.gnu-tools-for-stm32.10.3-2021.10.linux64_1.0.200.202301161003/tools/bin/../lib/gcc/arm-none-eabi/10.3.1/thumb/v7-m/nofp/crti.o
 .ARM.attributes
                0x000000000000001d       0x2d /opt/st/stm32cubeide_1.12.1/plugins/com.st.stm32cube.ide.mcu.externaltools.gnu-tools-for-stm32.10.3-2021.10.linux64_1.0.200.202301161003/tools/bin/../lib/gcc/arm-none-eabi/10.3.1/thumb/v7-m/nofp/crtbegin.o
 .ARM.attributes
                0x000000000000004a       0x2d ./Core/Src/MQTTClient.o
 .ARM.attributes
                0x0000000000000077       0x2d ./Core/Src/MQTTConnectClient.o
 .ARM.attributes
                0x00000000000000a4       0x2d ./Core/Src/MQTTDeserializePublish.o
 .ARM.attributes
                0x00000000000000d1       0x2d ./Core/Src/MQTTPacket.o
 .ARM.attributes
                0x00000000000000fe       0x2d ./Core/Src/MQTTSerializePublish.o
 .ARM.attributes
                0x000000000000012b       0x2d ./Core/Src/MQTTSubscribeClient.o
 .ARM.attributes
                0x0000000000000158       0x2d ./Core/Src/main.o
 .ARM.attributes
                0x0000000000000185       0x2d ./Core/Src/mqtt_interface.o
 .ARM.attributes
                0x00000000000001b2       0x2d ./Core/Src/socket.o
 .ARM.attributes
                0x00000000000001df       0x2d ./Core/Src/stm32f1xx_hal_msp.o
 .ARM.attributes
                0x000000000000020c       0x2d ./Core/Src/stm32f1xx_it.o
 .ARM.attributes
                0x0000000000000239       0x2d ./Core/Src/sysmem.o
 .ARM.attributes
                0x0000000000000266       0x2d ./Core/Src/system_stm32f1xx.o
 .ARM.attributes
                0x0000000000000293       0x2d ./Core/Src/w5500.o
 .ARM.attributes
                0x00000000000002c0       0x2d ./Core/Src/w5500_interface.o
 .ARM.attributes
                0x00000000000002ed       0x2d ./Core/Src/wizchip_conf.o
 .ARM.attributes
                0x000000000000031a       0x21 ./Core/Startup/startup_stm32f103c8tx.o
 .ARM.attributes
                0x000000000000033b       0x2d ./Drivers/STM32F1xx_HAL_Driver/Src/stm32f1xx_hal.o
 .ARM.attributes
                0x0000000000000368       0x2d ./Drivers/STM32F1xx_HAL_Driver/Src/stm32f1xx_hal_cortex.o
 .ARM.attributes
                0x0000000000000395       0x2d ./Drivers/STM32F1xx_HAL_Driver/Src/stm32f1xx_hal_dma.o
 .ARM.attributes
                0x00000000000003c2       0x2d ./Drivers/STM32F1xx_HAL_Driver/Src/stm32f1xx_hal_gpio.o
 .ARM.attributes
                0x00000000000003ef       0x2d ./Drivers/STM32F1xx_HAL_Driver/Src/stm32f1xx_hal_rcc.o
 .ARM.attributes
                0x000000000000041c       0x2d ./Drivers/STM32F1xx_HAL_Driver/Src/stm32f1xx_hal_spi.o
 .ARM.attributes
                0x0000000000000449       0x2d /opt/st/stm32cubeide_1.12.1/plugins/com.st.stm32cube.ide.mcu.externaltools.gnu-tools-for-stm32.10.3-2021.10.linux64_1.0.200.202301161003/tools/bin/../lib/gcc/arm-none-eabi/10.3.1/../../../../arm-none-eabi/lib/thumb/v7-m/nofp/libc_nano.a(lib_a-errno.o)
 .ARM.attributes
                0x0000000000000476       0x2d /opt/st/stm32cubeide_1.12.1/plugins/com.st.stm32cube.ide.mcu.externaltools.gnu-tools-for-stm32.10.3-2021.10.linux64_1.0.200.202301161003/tools/bin/../lib/gcc/arm-none-eabi/10.3.1/../../../../arm-none-eabi/lib/thumb/v7-m/nofp/libc_nano.a(lib_a-impure.o)
 .ARM.attributes
                0x00000000000004a3       0x2d /opt/st/stm32cubeide_1.12.1/plugins/com.st.stm32cube.ide.mcu.externaltools.gnu-tools-for-stm32.10.3-2021.10.linux64_1.0.200.202301161003/tools/bin/../lib/gcc/arm-none-eabi/10.3.1/../../../../arm-none-eabi/lib/thumb/v7-m/nofp/libc_nano.a(lib_a-init.o)
 .ARM.attributes
                0x00000000000004d0       0x2d /opt/st/stm32cubeide_1.12.1/plugins/com.st.stm32cube.ide.mcu.externaltools.gnu-tools-for-stm32.10.3-2021.10.linux64_1.0.200.202301161003/tools/bin/../lib/gcc/arm-none-eabi/10.3.1/../../../../arm-none-eabi/lib/thumb/v7-m/nofp/libc_nano.a(lib_a-memcpy-stub.o)
 .ARM.attributes
                0x00000000000004fd       0x2d /opt/st/stm32cubeide_1.12.1/plugins/com.st.stm32cube.ide.mcu.externaltools.gnu-tools-for-stm32.10.3-2021.10.linux64_1.0.200.202301161003/tools/bin/../lib/gcc/arm-none-eabi/10.3.1/../../../../arm-none-eabi/lib/thumb/v7-m/nofp/libc_nano.a(lib_a-memset.o)
 .ARM.attributes
                0x000000000000052a       0x2d /opt/st/stm32cubeide_1.12.1/plugins/com.st.stm32cube.ide.mcu.externaltools.gnu-tools-for-stm32.10.3-2021.10.linux64_1.0.200.202301161003/tools/bin/../lib/gcc/arm-none-eabi/10.3.1/../../../../arm-none-eabi/lib/thumb/v7-m/nofp/libc_nano.a(lib_a-sprintf.o)
 .ARM.attributes
                0x0000000000000557       0x17 /opt/st/stm32cubeide_1.12.1/plugins/com.st.stm32cube.ide.mcu.externaltools.gnu-tools-for-stm32.10.3-2021.10.linux64_1.0.200.202301161003/tools/bin/../lib/gcc/arm-none-eabi/10.3.1/../../../../arm-none-eabi/lib/thumb/v7-m/nofp/libc_nano.a(lib_a-strlen.o)
 .ARM.attributes
                0x000000000000056e       0x2d /opt/st/stm32cubeide_1.12.1/plugins/com.st.stm32cube.ide.mcu.externaltools.gnu-tools-for-stm32.10.3-2021.10.linux64_1.0.200.202301161003/tools/bin/../lib/gcc/arm-none-eabi/10.3.1/../../../../arm-none-eabi/lib/thumb/v7-m/nofp/libc_nano.a(lib_a-strncmp.o)
 .ARM.attributes
                0x000000000000059b       0x2d /opt/st/stm32cubeide_1.12.1/plugins/com.st.stm32cube.ide.mcu.externaltools.gnu-tools-for-stm32.10.3-2021.10.linux64_1.0.200.202301161003/tools/bin/../lib/gcc/arm-none-eabi/10.3.1/../../../../arm-none-eabi/lib/thumb/v7-m/nofp/libc_nano.a(lib_a-nano-svfprintf.o)
 .ARM.attributes
                0x00000000000005c8       0x2d /opt/st/stm32cubeide_1.12.1/plugins/com.st.stm32cube.ide.mcu.externaltools.gnu-tools-for-stm32.10.3-2021.10.linux64_1.0.200.202301161003/tools/bin/../lib/gcc/arm-none-eabi/10.3.1/../../../../arm-none-eabi/lib/thumb/v7-m/nofp/libc_nano.a(lib_a-nano-vfprintf_i.o)
 .ARM.attributes
                0x00000000000005f5       0x2d /opt/st/stm32cubeide_1.12.1/plugins/com.st.stm32cube.ide.mcu.externaltools.gnu-tools-for-stm32.10.3-2021.10.linux64_1.0.200.202301161003/tools/bin/../lib/gcc/arm-none-eabi/10.3.1/../../../../arm-none-eabi/lib/thumb/v7-m/nofp/libc_nano.a(lib_a-memchr-stub.o)
 .ARM.attributes
                0x0000000000000622       0x2d /opt/st/stm32cubeide_1.12.1/plugins/com.st.stm32cube.ide.mcu.externaltools.gnu-tools-for-stm32.10.3-2021.10.linux64_1.0.200.202301161003/tools/bin/../lib/gcc/arm-none-eabi/10.3.1/../../../../arm-none-eabi/lib/thumb/v7-m/nofp/libc_nano.a(lib_a-memmove.o)
 .ARM.attributes
                0x000000000000064f       0x2d /opt/st/stm32cubeide_1.12.1/plugins/com.st.stm32cube.ide.mcu.externaltools.gnu-tools-for-stm32.10.3-2021.10.linux64_1.0.200.202301161003/tools/bin/../lib/gcc/arm-none-eabi/10.3.1/../../../../arm-none-eabi/lib/thumb/v7-m/nofp/libc_nano.a(lib_a-nano-freer.o)
 .ARM.attributes
                0x000000000000067c       0x2d /opt/st/stm32cubeide_1.12.1/plugins/com.st.stm32cube.ide.mcu.externaltools.gnu-tools-for-stm32.10.3-2021.10.linux64_1.0.200.202301161003/tools/bin/../lib/gcc/arm-none-eabi/10.3.1/../../../../arm-none-eabi/lib/thumb/v7-m/nofp/libc_nano.a(lib_a-nano-mallocr.o)
 .ARM.attributes
                0x00000000000006a9       0x2d /opt/st/stm32cubeide_1.12.1/plugins/com.st.stm32cube.ide.mcu.externaltools.gnu-tools-for-stm32.10.3-2021.10.linux64_1.0.200.202301161003/tools/bin/../lib/gcc/arm-none-eabi/10.3.1/../../../../arm-none-eabi/lib/thumb/v7-m/nofp/libc_nano.a(lib_a-nano-reallocr.o)
 .ARM.attributes
                0x00000000000006d6       0x2d /opt/st/stm32cubeide_1.12.1/plugins/com.st.stm32cube.ide.mcu.externaltools.gnu-tools-for-stm32.10.3-2021.10.linux64_1.0.200.202301161003/tools/bin/../lib/gcc/arm-none-eabi/10.3.1/../../../../arm-none-eabi/lib/thumb/v7-m/nofp/libc_nano.a(lib_a-sbrkr.o)
 .ARM.attributes
                0x0000000000000703       0x2d /opt/st/stm32cubeide_1.12.1/plugins/com.st.stm32cube.ide.mcu.externaltools.gnu-tools-for-stm32.10.3-2021.10.linux64_1.0.200.202301161003/tools/bin/../lib/gcc/arm-none-eabi/10.3.1/../../../../arm-none-eabi/lib/thumb/v7-m/nofp/libc_nano.a(lib_a-mlock.o)
 .ARM.attributes
                0x0000000000000730       0x2d /opt/st/stm32cubeide_1.12.1/plugins/com.st.stm32cube.ide.mcu.externaltools.gnu-tools-for-stm32.10.3-2021.10.linux64_1.0.200.202301161003/tools/bin/../lib/gcc/arm-none-eabi/10.3.1/../../../../arm-none-eabi/lib/thumb/v7-m/nofp/libc_nano.a(lib_a-nano-msizer.o)
 .ARM.attributes
                0x000000000000075d       0x2d /opt/st/stm32cubeide_1.12.1/plugins/com.st.stm32cube.ide.mcu.externaltools.gnu-tools-for-stm32.10.3-2021.10.linux64_1.0.200.202301161003/tools/bin/../lib/gcc/arm-none-eabi/10.3.1/../../../../arm-none-eabi/lib/thumb/v7-m/nofp/libc_nano.a(lib_a-reent.o)
 .ARM.attributes
                0x000000000000078a       0x2d /opt/st/stm32cubeide_1.12.1/plugins/com.st.stm32cube.ide.mcu.externaltools.gnu-tools-for-stm32.10.3-2021.10.linux64_1.0.200.202301161003/tools/bin/../lib/gcc/arm-none-eabi/10.3.1/../../../../arm-none-eabi/lib/thumb/v7-m/nofp/libc_nano.a(lib_a-lock.o)
 .ARM.attributes
                0x00000000000007b7       0x1d /opt/st/stm32cubeide_1.12.1/plugins/com.st.stm32cube.ide.mcu.externaltools.gnu-tools-for-stm32.10.3-2021.10.linux64_1.0.200.202301161003/tools/bin/../lib/gcc/arm-none-eabi/10.3.1/thumb/v7-m/nofp/crtn.o
OUTPUT(MQTT-Client.elf elf32-littlearm)
LOAD linker stubs
LOAD /opt/st/stm32cubeide_1.12.1/plugins/com.st.stm32cube.ide.mcu.externaltools.gnu-tools-for-stm32.10.3-2021.10.linux64_1.0.200.202301161003/tools/bin/../lib/gcc/arm-none-eabi/10.3.1/../../../../arm-none-eabi/lib/thumb/v7-m/nofp/libc.a
LOAD /opt/st/stm32cubeide_1.12.1/plugins/com.st.stm32cube.ide.mcu.externaltools.gnu-tools-for-stm32.10.3-2021.10.linux64_1.0.200.202301161003/tools/bin/../lib/gcc/arm-none-eabi/10.3.1/../../../../arm-none-eabi/lib/thumb/v7-m/nofp/libm.a
LOAD /opt/st/stm32cubeide_1.12.1/plugins/com.st.stm32cube.ide.mcu.externaltools.gnu-tools-for-stm32.10.3-2021.10.linux64_1.0.200.202301161003/tools/bin/../lib/gcc/arm-none-eabi/10.3.1/thumb/v7-m/nofp/libgcc.a

.comment        0x0000000000000000       0x50
 .comment       0x0000000000000000       0x50 ./Core/Src/MQTTClient.o
                                         0x51 (size before relaxing)
 .comment       0x0000000000000050       0x51 ./Core/Src/MQTTConnectClient.o
 .comment       0x0000000000000050       0x51 ./Core/Src/MQTTDeserializePublish.o
 .comment       0x0000000000000050       0x51 ./Core/Src/MQTTPacket.o
 .comment       0x0000000000000050       0x51 ./Core/Src/MQTTSerializePublish.o
 .comment       0x0000000000000050       0x51 ./Core/Src/MQTTSubscribeClient.o
 .comment       0x0000000000000050       0x51 ./Core/Src/main.o
 .comment       0x0000000000000050       0x51 ./Core/Src/mqtt_interface.o
 .comment       0x0000000000000050       0x51 ./Core/Src/socket.o
 .comment       0x0000000000000050       0x51 ./Core/Src/stm32f1xx_hal_msp.o
 .comment       0x0000000000000050       0x51 ./Core/Src/stm32f1xx_it.o
 .comment       0x0000000000000050       0x51 ./Core/Src/sysmem.o
 .comment       0x0000000000000050       0x51 ./Core/Src/system_stm32f1xx.o
 .comment       0x0000000000000050       0x51 ./Core/Src/w5500.o
 .comment       0x0000000000000050       0x51 ./Core/Src/w5500_interface.o
 .comment       0x0000000000000050       0x51 ./Core/Src/wizchip_conf.o
 .comment       0x0000000000000050       0x51 ./Drivers/STM32F1xx_HAL_Driver/Src/stm32f1xx_hal.o
 .comment       0x0000000000000050       0x51 ./Drivers/STM32F1xx_HAL_Driver/Src/stm32f1xx_hal_cortex.o
 .comment       0x0000000000000050       0x51 ./Drivers/STM32F1xx_HAL_Driver/Src/stm32f1xx_hal_dma.o
 .comment       0x0000000000000050       0x51 ./Drivers/STM32F1xx_HAL_Driver/Src/stm32f1xx_hal_gpio.o
 .comment       0x0000000000000050       0x51 ./Drivers/STM32F1xx_HAL_Driver/Src/stm32f1xx_hal_rcc.o
 .comment       0x0000000000000050       0x51 ./Drivers/STM32F1xx_HAL_Driver/Src/stm32f1xx_hal_spi.o

.debug_frame    0x0000000000000000      0x4b0
 .debug_frame   0x0000000000000000       0x20 /opt/st/stm32cubeide_1.12.1/plugins/com.st.stm32cube.ide.mcu.externaltools.gnu-tools-for-stm32.10.3-2021.10.linux64_1.0.200.202301161003/tools/bin/../lib/gcc/arm-none-eabi/10.3.1/../../../../arm-none-eabi/lib/thumb/v7-m/nofp/libc_nano.a(lib_a-errno.o)
 .debug_frame   0x0000000000000020       0x2c /opt/st/stm32cubeide_1.12.1/plugins/com.st.stm32cube.ide.mcu.externaltools.gnu-tools-for-stm32.10.3-2021.10.linux64_1.0.200.202301161003/tools/bin/../lib/gcc/arm-none-eabi/10.3.1/../../../../arm-none-eabi/lib/thumb/v7-m/nofp/libc_nano.a(lib_a-init.o)
 .debug_frame   0x000000000000004c       0x28 /opt/st/stm32cubeide_1.12.1/plugins/com.st.stm32cube.ide.mcu.externaltools.gnu-tools-for-stm32.10.3-2021.10.linux64_1.0.200.202301161003/tools/bin/../lib/gcc/arm-none-eabi/10.3.1/../../../../arm-none-eabi/lib/thumb/v7-m/nofp/libc_nano.a(lib_a-memcpy-stub.o)
 .debug_frame   0x0000000000000074       0x20 /opt/st/stm32cubeide_1.12.1/plugins/com.st.stm32cube.ide.mcu.externaltools.gnu-tools-for-stm32.10.3-2021.10.linux64_1.0.200.202301161003/tools/bin/../lib/gcc/arm-none-eabi/10.3.1/../../../../arm-none-eabi/lib/thumb/v7-m/nofp/libc_nano.a(lib_a-memset.o)
 .debug_frame   0x0000000000000094       0x6c /opt/st/stm32cubeide_1.12.1/plugins/com.st.stm32cube.ide.mcu.externaltools.gnu-tools-for-stm32.10.3-2021.10.linux64_1.0.200.202301161003/tools/bin/../lib/gcc/arm-none-eabi/10.3.1/../../../../arm-none-eabi/lib/thumb/v7-m/nofp/libc_nano.a(lib_a-sprintf.o)
 .debug_frame   0x0000000000000100       0x28 /opt/st/stm32cubeide_1.12.1/plugins/com.st.stm32cube.ide.mcu.externaltools.gnu-tools-for-stm32.10.3-2021.10.linux64_1.0.200.202301161003/tools/bin/../lib/gcc/arm-none-eabi/10.3.1/../../../../arm-none-eabi/lib/thumb/v7-m/nofp/libc_nano.a(lib_a-strncmp.o)
 .debug_frame   0x0000000000000128       0x90 /opt/st/stm32cubeide_1.12.1/plugins/com.st.stm32cube.ide.mcu.externaltools.gnu-tools-for-stm32.10.3-2021.10.linux64_1.0.200.202301161003/tools/bin/../lib/gcc/arm-none-eabi/10.3.1/../../../../arm-none-eabi/lib/thumb/v7-m/nofp/libc_nano.a(lib_a-nano-svfprintf.o)
 .debug_frame   0x00000000000001b8       0x60 /opt/st/stm32cubeide_1.12.1/plugins/com.st.stm32cube.ide.mcu.externaltools.gnu-tools-for-stm32.10.3-2021.10.linux64_1.0.200.202301161003/tools/bin/../lib/gcc/arm-none-eabi/10.3.1/../../../../arm-none-eabi/lib/thumb/v7-m/nofp/libc_nano.a(lib_a-nano-vfprintf_i.o)
 .debug_frame   0x0000000000000218       0x28 /opt/st/stm32cubeide_1.12.1/plugins/com.st.stm32cube.ide.mcu.externaltools.gnu-tools-for-stm32.10.3-2021.10.linux64_1.0.200.202301161003/tools/bin/../lib/gcc/arm-none-eabi/10.3.1/../../../../arm-none-eabi/lib/thumb/v7-m/nofp/libc_nano.a(lib_a-memchr-stub.o)
 .debug_frame   0x0000000000000240       0x28 /opt/st/stm32cubeide_1.12.1/plugins/com.st.stm32cube.ide.mcu.externaltools.gnu-tools-for-stm32.10.3-2021.10.linux64_1.0.200.202301161003/tools/bin/../lib/gcc/arm-none-eabi/10.3.1/../../../../arm-none-eabi/lib/thumb/v7-m/nofp/libc_nano.a(lib_a-memmove.o)
 .debug_frame   0x0000000000000268       0x38 /opt/st/stm32cubeide_1.12.1/plugins/com.st.stm32cube.ide.mcu.externaltools.gnu-tools-for-stm32.10.3-2021.10.linux64_1.0.200.202301161003/tools/bin/../lib/gcc/arm-none-eabi/10.3.1/../../../../arm-none-eabi/lib/thumb/v7-m/nofp/libc_nano.a(lib_a-nano-freer.o)
 .debug_frame   0x00000000000002a0       0x4c /opt/st/stm32cubeide_1.12.1/plugins/com.st.stm32cube.ide.mcu.externaltools.gnu-tools-for-stm32.10.3-2021.10.linux64_1.0.200.202301161003/tools/bin/../lib/gcc/arm-none-eabi/10.3.1/../../../../arm-none-eabi/lib/thumb/v7-m/nofp/libc_nano.a(lib_a-nano-mallocr.o)
 .debug_frame   0x00000000000002ec       0x3c /opt/st/stm32cubeide_1.12.1/plugins/com.st.stm32cube.ide.mcu.externaltools.gnu-tools-for-stm32.10.3-2021.10.linux64_1.0.200.202301161003/tools/bin/../lib/gcc/arm-none-eabi/10.3.1/../../../../arm-none-eabi/lib/thumb/v7-m/nofp/libc_nano.a(lib_a-nano-reallocr.o)
 .debug_frame   0x0000000000000328       0x2c /opt/st/stm32cubeide_1.12.1/plugins/com.st.stm32cube.ide.mcu.externaltools.gnu-tools-for-stm32.10.3-2021.10.linux64_1.0.200.202301161003/tools/bin/../lib/gcc/arm-none-eabi/10.3.1/../../../../arm-none-eabi/lib/thumb/v7-m/nofp/libc_nano.a(lib_a-sbrkr.o)
 .debug_frame   0x0000000000000354       0x30 /opt/st/stm32cubeide_1.12.1/plugins/com.st.stm32cube.ide.mcu.externaltools.gnu-tools-for-stm32.10.3-2021.10.linux64_1.0.200.202301161003/tools/bin/../lib/gcc/arm-none-eabi/10.3.1/../../../../arm-none-eabi/lib/thumb/v7-m/nofp/libc_nano.a(lib_a-mlock.o)
 .debug_frame   0x0000000000000384       0x20 /opt/st/stm32cubeide_1.12.1/plugins/com.st.stm32cube.ide.mcu.externaltools.gnu-tools-for-stm32.10.3-2021.10.linux64_1.0.200.202301161003/tools/bin/../lib/gcc/arm-none-eabi/10.3.1/../../../../arm-none-eabi/lib/thumb/v7-m/nofp/libc_nano.a(lib_a-nano-msizer.o)
 .debug_frame   0x00000000000003a4       0x5c /opt/st/stm32cubeide_1.12.1/plugins/com.st.stm32cube.ide.mcu.externaltools.gnu-tools-for-stm32.10.3-2021.10.linux64_1.0.200.202301161003/tools/bin/../lib/gcc/arm-none-eabi/10.3.1/../../../../arm-none-eabi/lib/thumb/v7-m/nofp/libc_nano.a(lib_a-reent.o)
 .debug_frame   0x0000000000000400       0xb0 /opt/st/stm32cubeide_1.12.1/plugins/com.st.stm32cube.ide.mcu.externaltools.gnu-tools-for-stm32.10.3-2021.10.linux64_1.0.200.202301161003/tools/bin/../lib/gcc/arm-none-eabi/10.3.1/../../../../arm-none-eabi/lib/thumb/v7-m/nofp/libc_nano.a(lib_a-lock.o)
